Archive member included to satisfy reference by file (symbol)

c:/progra~1/stmicr~1/gnu-to~1/bin/../lib/gcc/arm-none-eabi/9.3.1/../../../../arm-none-eabi/lib/thumb/v7e-m/nofp\libg.a(lib_a-errno.o)
                              CMakeFiles/F446RE_template.elf.dir/User/syscalls.c.obj (__errno)
c:/progra~1/stmicr~1/gnu-to~1/bin/../lib/gcc/arm-none-eabi/9.3.1/../../../../arm-none-eabi/lib/thumb/v7e-m/nofp\libg.a(lib_a-exit.o)
                              c:/progra~1/stmicr~1/gnu-to~1/bin/../lib/gcc/arm-none-eabi/9.3.1/../../../../arm-none-eabi/lib/thumb/v7e-m/nofp/crt0.o (exit)
c:/progra~1/stmicr~1/gnu-to~1/bin/../lib/gcc/arm-none-eabi/9.3.1/../../../../arm-none-eabi/lib/thumb/v7e-m/nofp\libg.a(lib_a-impure.o)
                              c:/progra~1/stmicr~1/gnu-to~1/bin/../lib/gcc/arm-none-eabi/9.3.1/../../../../arm-none-eabi/lib/thumb/v7e-m/nofp\libg.a(lib_a-exit.o) (_global_impure_ptr)
c:/progra~1/stmicr~1/gnu-to~1/bin/../lib/gcc/arm-none-eabi/9.3.1/../../../../arm-none-eabi/lib/thumb/v7e-m/nofp\libg.a(lib_a-init.o)
                              c:/progra~1/stmicr~1/gnu-to~1/bin/../lib/gcc/arm-none-eabi/9.3.1/../../../../arm-none-eabi/lib/thumb/v7e-m/nofp/crt0.o (__libc_init_array)
c:/progra~1/stmicr~1/gnu-to~1/bin/../lib/gcc/arm-none-eabi/9.3.1/../../../../arm-none-eabi/lib/thumb/v7e-m/nofp\libg.a(lib_a-memset.o)
                              c:/progra~1/stmicr~1/gnu-to~1/bin/../lib/gcc/arm-none-eabi/9.3.1/../../../../arm-none-eabi/lib/thumb/v7e-m/nofp/crt0.o (memset)
c:/progra~1/stmicr~1/gnu-to~1/bin/../lib/gcc/arm-none-eabi/9.3.1/../../../../arm-none-eabi/lib/thumb/v7e-m/nofp\libg.a(lib_a-puts.o)
                              CMakeFiles/F446RE_template.elf.dir/User/main.c.obj (puts)
c:/progra~1/stmicr~1/gnu-to~1/bin/../lib/gcc/arm-none-eabi/9.3.1/../../../../arm-none-eabi/lib/thumb/v7e-m/nofp\libg.a(lib_a-setvbuf.o)
                              CMakeFiles/F446RE_template.elf.dir/User/usart/bsp_debug_usart.c.obj (setvbuf)
c:/progra~1/stmicr~1/gnu-to~1/bin/../lib/gcc/arm-none-eabi/9.3.1/../../../../arm-none-eabi/lib/thumb/v7e-m/nofp\libg.a(lib_a-strlen.o)
                              c:/progra~1/stmicr~1/gnu-to~1/bin/../lib/gcc/arm-none-eabi/9.3.1/../../../../arm-none-eabi/lib/thumb/v7e-m/nofp\libg.a(lib_a-puts.o) (strlen)
c:/progra~1/stmicr~1/gnu-to~1/bin/../lib/gcc/arm-none-eabi/9.3.1/../../../../arm-none-eabi/lib/thumb/v7e-m/nofp\libg.a(lib_a-__call_atexit.o)
                              c:/progra~1/stmicr~1/gnu-to~1/bin/../lib/gcc/arm-none-eabi/9.3.1/../../../../arm-none-eabi/lib/thumb/v7e-m/nofp\libg.a(lib_a-exit.o) (__call_exitprocs)
c:/progra~1/stmicr~1/gnu-to~1/bin/../lib/gcc/arm-none-eabi/9.3.1/../../../../arm-none-eabi/lib/thumb/v7e-m/nofp\libg.a(lib_a-atexit.o)
                              c:/progra~1/stmicr~1/gnu-to~1/bin/../lib/gcc/arm-none-eabi/9.3.1/../../../../arm-none-eabi/lib/thumb/v7e-m/nofp\libg.a(lib_a-__call_atexit.o) (atexit)
c:/progra~1/stmicr~1/gnu-to~1/bin/../lib/gcc/arm-none-eabi/9.3.1/../../../../arm-none-eabi/lib/thumb/v7e-m/nofp\libg.a(lib_a-fflush.o)
                              c:/progra~1/stmicr~1/gnu-to~1/bin/../lib/gcc/arm-none-eabi/9.3.1/../../../../arm-none-eabi/lib/thumb/v7e-m/nofp\libg.a(lib_a-setvbuf.o) (_fflush_r)
c:/progra~1/stmicr~1/gnu-to~1/bin/../lib/gcc/arm-none-eabi/9.3.1/../../../../arm-none-eabi/lib/thumb/v7e-m/nofp\libg.a(lib_a-findfp.o)
                              c:/progra~1/stmicr~1/gnu-to~1/bin/../lib/gcc/arm-none-eabi/9.3.1/../../../../arm-none-eabi/lib/thumb/v7e-m/nofp\libg.a(lib_a-puts.o) (__sinit)
c:/progra~1/stmicr~1/gnu-to~1/bin/../lib/gcc/arm-none-eabi/9.3.1/../../../../arm-none-eabi/lib/thumb/v7e-m/nofp\libg.a(lib_a-fini.o)
                              c:/progra~1/stmicr~1/gnu-to~1/bin/../lib/gcc/arm-none-eabi/9.3.1/../../../../arm-none-eabi/lib/thumb/v7e-m/nofp\libg.a(lib_a-__call_atexit.o) (__libc_fini_array)
c:/progra~1/stmicr~1/gnu-to~1/bin/../lib/gcc/arm-none-eabi/9.3.1/../../../../arm-none-eabi/lib/thumb/v7e-m/nofp\libg.a(lib_a-freer.o)
                              c:/progra~1/stmicr~1/gnu-to~1/bin/../lib/gcc/arm-none-eabi/9.3.1/../../../../arm-none-eabi/lib/thumb/v7e-m/nofp\libg.a(lib_a-setvbuf.o) (_free_r)
c:/progra~1/stmicr~1/gnu-to~1/bin/../lib/gcc/arm-none-eabi/9.3.1/../../../../arm-none-eabi/lib/thumb/v7e-m/nofp\libg.a(lib_a-fvwrite.o)
                              c:/progra~1/stmicr~1/gnu-to~1/bin/../lib/gcc/arm-none-eabi/9.3.1/../../../../arm-none-eabi/lib/thumb/v7e-m/nofp\libg.a(lib_a-puts.o) (__sfvwrite_r)
c:/progra~1/stmicr~1/gnu-to~1/bin/../lib/gcc/arm-none-eabi/9.3.1/../../../../arm-none-eabi/lib/thumb/v7e-m/nofp\libg.a(lib_a-fwalk.o)
                              c:/progra~1/stmicr~1/gnu-to~1/bin/../lib/gcc/arm-none-eabi/9.3.1/../../../../arm-none-eabi/lib/thumb/v7e-m/nofp\libg.a(lib_a-findfp.o) (_fwalk)
c:/progra~1/stmicr~1/gnu-to~1/bin/../lib/gcc/arm-none-eabi/9.3.1/../../../../arm-none-eabi/lib/thumb/v7e-m/nofp\libg.a(lib_a-lock.o)
[...]
Memory Configuration

Name             Origin             Length             Attributes
RAM              0x20000000         0x00020000         xrw
FLASH            0x08000000         0x00080000         xr
*default*        0x00000000         0xffffffff

Linker script and memory map

LOAD c:/progra~1/stmicr~1/gnu-to~1/bin/../lib/gcc/arm-none-eabi/9.3.1/thumb/v7e-m/nofp/crti.o
LOAD c:/progra~1/stmicr~1/gnu-to~1/bin/../lib/gcc/arm-none-eabi/9.3.1/thumb/v7e-m/nofp/crtbegin.o
LOAD c:/progra~1/stmicr~1/gnu-to~1/bin/../lib/gcc/arm-none-eabi/9.3.1/../../../../arm-none-eabi/lib/thumb/v7e-m/nofp/crt0.o
LOAD CMakeFiles/F446RE_template.elf.dir/STM32F4xx_StdPeriph_Driver/src/misc.c.obj
LOAD CMakeFiles/F446RE_template.elf.dir/STM32F4xx_StdPeriph_Driver/src/stm32f4xx_adc.c.obj
LOAD CMakeFiles/F446RE_template.elf.dir/STM32F4xx_StdPeriph_Driver/src/stm32f4xx_can.c.obj
LOAD CMakeFiles/F446RE_template.elf.dir/STM32F4xx_StdPeriph_Driver/src/stm32f4xx_cec.c.obj
LOAD CMakeFiles/F446RE_template.elf.dir/STM32F4xx_StdPeriph_Driver/src/stm32f4xx_crc.c.obj
LOAD CMakeFiles/F446RE_template.elf.dir/STM32F4xx_StdPeriph_Driver/src/stm32f4xx_cryp.c.obj
LOAD CMakeFiles/F446RE_template.elf.dir/STM32F4xx_StdPeriph_Driver/src/stm32f4xx_cryp_aes.c.obj
LOAD CMakeFiles/F446RE_template.elf.dir/STM32F4xx_StdPeriph_Driver/src/stm32f4xx_cryp_des.c.obj
LOAD CMakeFiles/F446RE_template.elf.dir/STM32F4xx_StdPeriph_Driver/src/stm32f4xx_cryp_tdes.c.obj
LOAD CMakeFiles/F446RE_template.elf.dir/STM32F4xx_StdPeriph_Driver/src/stm32f4xx_dac.c.obj
LOAD CMakeFiles/F446RE_template.elf.dir/STM32F4xx_StdPeriph_Driver/src/stm32f4xx_dbgmcu.c.obj
LOAD CMakeFiles/F446RE_template.elf.dir/STM32F4xx_StdPeriph_Driver/src/stm32f4xx_dcmi.c.obj
LOAD CMakeFiles/F446RE_template.elf.dir/STM32F4xx_StdPeriph_Driver/src/stm32f4xx_dfsdm.c.obj
LOAD CMakeFiles/F446RE_template.elf.dir/STM32F4xx_StdPeriph_Driver/src/stm32f4xx_dma.c.obj
LOAD CMakeFiles/F446RE_template.elf.dir/STM32F4xx_StdPeriph_Driver/src/stm32f4xx_dma2d.c.obj
LOAD CMakeFiles/F446RE_template.elf.dir/STM32F4xx_StdPeriph_Driver/src/stm32f4xx_exti.c.obj
LOAD CMakeFiles/F446RE_template.elf.dir/STM32F4xx_StdPeriph_Driver/src/stm32f4xx_flash.c.obj
LOAD CMakeFiles/F446RE_template.elf.dir/STM32F4xx_StdPeriph_Driver/src/stm32f4xx_fmc.c.obj
LOAD CMakeFiles/F446RE_template.elf.dir/STM32F4xx_StdPeriph_Driver/src/stm32f4xx_fmpi2c.c.obj
LOAD CMakeFiles/F446RE_template.elf.dir/STM32F4xx_StdPeriph_Driver/src/stm32f4xx_gpio.c.obj
LOAD CMakeFiles/F446RE_template.elf.dir/STM32F4xx_StdPeriph_Driver/src/stm32f4xx_hash.c.obj
LOAD CMakeFiles/F446RE_template.elf.dir/STM32F4xx_StdPeriph_Driver/src/stm32f4xx_hash_md5.c.obj
LOAD CMakeFiles/F446RE_template.elf.dir/STM32F4xx_StdPeriph_Driver/src/stm32f4xx_hash_sha1.c.obj
LOAD CMakeFiles/F446RE_template.elf.dir/STM32F4xx_StdPeriph_Driver/src/stm32f4xx_i2c.c.obj
LOAD CMakeFiles/F446RE_template.elf.dir/STM32F4xx_StdPeriph_Driver/src/stm32f4xx_iwdg.c.obj
LOAD CMakeFiles/F446RE_template.elf.dir/STM32F4xx_StdPeriph_Driver/src/stm32f4xx_lptim.c.obj
LOAD CMakeFiles/F446RE_template.elf.dir/STM32F4xx_StdPeriph_Driver/src/stm32f4xx_ltdc.c.obj
LOAD CMakeFiles/F446RE_template.elf.dir/STM32F4xx_StdPeriph_Driver/src/stm32f4xx_pwr.c.obj
LOAD CMakeFiles/F446RE_template.elf.dir/STM32F4xx_StdPeriph_Driver/src/stm32f4xx_qspi.c.obj
LOAD CMakeFiles/F446RE_template.elf.dir/STM32F4xx_StdPeriph_Driver/src/stm32f4xx_rcc.c.obj
LOAD CMakeFiles/F446RE_template.elf.dir/STM32F4xx_StdPeriph_Driver/src/stm32f4xx_rng.c.obj
LOAD CMakeFiles/F446RE_template.elf.dir/STM32F4xx_StdPeriph_Driver/src/stm32f4xx_rtc.c.obj
LOAD CMakeFiles/F446RE_template.elf.dir/STM32F4xx_StdPeriph_Driver/src/stm32f4xx_sai.c.obj
LOAD CMakeFiles/F446RE_template.elf.dir/STM32F4xx_StdPeriph_Driver/src/stm32f4xx_sdio.c.obj
LOAD CMakeFiles/F446RE_template.elf.dir/STM32F4xx_StdPeriph_Driver/src/stm32f4xx_spdifrx.c.obj
LOAD CMakeFiles/F446RE_template.elf.dir/STM32F4xx_StdPeriph_Driver/src/stm32f4xx_spi.c.obj
LOAD CMakeFiles/F446RE_template.elf.dir/STM32F4xx_StdPeriph_Driver/src/stm32f4xx_syscfg.c.obj
LOAD CMakeFiles/F446RE_template.elf.dir/STM32F4xx_StdPeriph_Driver/src/stm32f4xx_tim.c.obj
LOAD CMakeFiles/F446RE_template.elf.dir/STM32F4xx_StdPeriph_Driver/src/stm32f4xx_usart.c.obj
LOAD CMakeFiles/F446RE_template.elf.dir/STM32F4xx_StdPeriph_Driver/src/stm32f4xx_wwdg.c.obj
LOAD CMakeFiles/F446RE_template.elf.dir/User/led/bsp_led.c.obj
LOAD CMakeFiles/F446RE_template.elf.dir/User/main.c.obj
LOAD CMakeFiles/F446RE_template.elf.dir/User/stm32f4xx_it.c.obj
LOAD CMakeFiles/F446RE_template.elf.dir/User/syscalls.c.obj
LOAD CMakeFiles/F446RE_template.elf.dir/User/system_stm32f4xx.c.obj
LOAD CMakeFiles/F446RE_template.elf.dir/User/systick/bsp_systick.c.obj
LOAD CMakeFiles/F446RE_template.elf.dir/User/usart/bsp_debug_usart.c.obj
LOAD CMakeFiles/F446RE_template.elf.dir/startup/startup_stm32f446xx.s.obj
START GROUP
LOAD c:/progra~1/stmicr~1/gnu-to~1/bin/../lib/gcc/arm-none-eabi/9.3.1/thumb/v7e-m/nofp\libgcc.a
LOAD c:/progra~1/stmicr~1/gnu-to~1/bin/../lib/gcc/arm-none-eabi/9.3.1/../../../../arm-none-eabi/lib/thumb/v7e-m/nofp\libg.a
LOAD c:/progra~1/stmicr~1/gnu-to~1/bin/../lib/gcc/arm-none-eabi/9.3.1/../../../../arm-none-eabi/lib/thumb/v7e-m/nofp\libc.a
END GROUP
LOAD c:/progra~1/stmicr~1/gnu-to~1/bin/../lib/gcc/arm-none-eabi/9.3.1/thumb/v7e-m/nofp/crtend.o
LOAD c:/progra~1/stmicr~1/gnu-to~1/bin/../lib/gcc/arm-none-eabi/9.3.1/thumb/v7e-m/nofp/crtn.o
                0x20020000                _estack = 0x20020000
                0x00000200                _Min_Heap_Size = 0x200
                0x00000400                _Min_Stack_Size = 0x400

.isr_vector     0x08000000      0x1c4
                0x08000000                . = ALIGN (0x4)
 *(.isr_vector)
 .isr_vector    0x08000000      0x1c4 CMakeFiles/F446RE_template.elf.dir/startup/startup_stm32f446xx.s.obj
                0x08000000                g_pfnVectors
                0x080001c4                . = ALIGN (0x4)

.text           0x08000200     0x24e8
                0x08000200                . = ALIGN (0x4)
 *(.text)
 .text          0x08000200       0x40 c:/progra~1/stmicr~1/gnu-to~1/bin/../lib/gcc/arm-none-eabi/9.3.1/thumb/v7e-m/nofp/crtbegin.o
 .text          0x08000240       0xdc c:/progra~1/stmicr~1/gnu-to~1/bin/../lib/gcc/arm-none-eabi/9.3.1/../../../../arm-none-eabi/lib/thumb/v7e-m/nofp\libg.a(lib_a-strlen.o)
                0x08000240                strlen
 *fill*         0x0800031c        0x4 
 .text          0x08000320       0xa0 c:/progra~1/stmicr~1/gnu-to~1/bin/../lib/gcc/arm-none-eabi/9.3.1/../../../../arm-none-eabi/lib/thumb/v7e-m/nofp\libg.a(lib_a-memchr.o)
                0x08000320                memchr
 .text          0x080003c0      0x134 c:/progra~1/stmicr~1/gnu-to~1/bin/../lib/gcc/arm-none-eabi/9.3.1/../../../../arm-none-eabi/lib/thumb/v7e-m/nofp\libg.a(lib_a-memcpy.o)
                0x080003c0                memcpy
 *(.text*)
 .text.GPIO_Init
                0x080004f4       0x8c CMakeFiles/F446RE_template.elf.dir/STM32F4xx_StdPeriph_Driver/src/stm32f4xx_gpio.c.obj
                0x080004f4                GPIO_Init
 .text.GPIO_SetBits
                0x08000580        0x4 CMakeFiles/F446RE_template.elf.dir/STM32F4xx_StdPeriph_Driver/src/stm32f4xx_gpio.c.obj
                0x08000580                GPIO_SetBits
 .text.GPIO_ResetBits
                0x08000584        0x4 CMakeFiles/F446RE_template.elf.dir/STM32F4xx_StdPeriph_Driver/src/stm32f4xx_gpio.c.obj
                0x08000584                GPIO_ResetBits
 .text.GPIO_PinAFConfig
                0x08000588       0x30 CMakeFiles/F446RE_template.elf.dir/STM32F4xx_StdPeriph_Driver/src/stm32f4xx_gpio.c.obj
                0x08000588                GPIO_PinAFConfig
 .text.RCC_GetClocksFreq
                0x080005b8      0x10c CMakeFiles/F446RE_template.elf.dir/STM32F4xx_StdPeriph_Driver/src/stm32f4xx_rcc.c.obj
                0x080005b8                RCC_GetClocksFreq
 .text.RCC_AHB1PeriphClockCmd
                0x080006c4       0x1c CMakeFiles/F446RE_template.elf.dir/STM32F4xx_StdPeriph_Driver/src/stm32f4xx_rcc.c.obj
                0x080006c4                RCC_AHB1PeriphClockCmd
 .text.RCC_APB1PeriphClockCmd
                0x080006e0       0x1c CMakeFiles/F446RE_template.elf.dir/STM32F4xx_StdPeriph_Driver/src/stm32f4xx_rcc.c.obj
                0x080006e0                RCC_APB1PeriphClockCmd
 .text.USART_Init
                0x080006fc       0xd0 CMakeFiles/F446RE_template.elf.dir/STM32F4xx_StdPeriph_Driver/src/stm32f4xx_usart.c.obj
                0x080006fc                USART_Init
 .text.USART_Cmd
                0x080007cc       0x1c CMakeFiles/F446RE_template.elf.dir/STM32F4xx_StdPeriph_Driver/src/stm32f4xx_usart.c.obj
                0x080007cc                USART_Cmd
 .text.USART_SendData
                0x080007e8        0x8 CMakeFiles/F446RE_template.elf.dir/STM32F4xx_StdPeriph_Driver/src/stm32f4xx_usart.c.obj
                0x080007e8                USART_SendData
 .text.USART_ReceiveData
                0x080007f0        0x8 CMakeFiles/F446RE_template.elf.dir/STM32F4xx_StdPeriph_Driver/src/stm32f4xx_usart.c.obj
                0x080007f0                USART_ReceiveData
 .text.USART_GetFlagStatus
                0x080007f8        0xe CMakeFiles/F446RE_template.elf.dir/STM32F4xx_StdPeriph_Driver/src/stm32f4xx_usart.c.obj
                0x080007f8                USART_GetFlagStatus
 *fill*         0x08000806        0x2 
 .text.LED_GPIO_Config
                0x08000808       0x38 CMakeFiles/F446RE_template.elf.dir/User/led/bsp_led.c.obj
                0x08000808                LED_GPIO_Config
 .text.main     0x08000840       0x40 CMakeFiles/F446RE_template.elf.dir/User/main.c.obj
                0x08000840                main
 .text.NMI_Handler
                0x08000880        0x2 CMakeFiles/F446RE_template.elf.dir/User/stm32f4xx_it.c.obj
                0x08000880                NMI_Handler
 .text.HardFault_Handler
                0x08000882        0x2 CMakeFiles/F446RE_template.elf.dir/User/stm32f4xx_it.c.obj
                0x08000882                HardFault_Handler
 .text.MemManage_Handler
                0x08000884        0x2 CMakeFiles/F446RE_template.elf.dir/User/stm32f4xx_it.c.obj
                0x08000884                MemManage_Handler
 .text.BusFault_Handler
                0x08000886        0x2 CMakeFiles/F446RE_template.elf.dir/User/stm32f4xx_it.c.obj
                0x08000886                BusFault_Handler
 .text.UsageFault_Handler
                0x08000888        0x2 CMakeFiles/F446RE_template.elf.dir/User/stm32f4xx_it.c.obj
                0x08000888                UsageFault_Handler
 .text.SVC_Handler
                0x0800088a        0x2 CMakeFiles/F446RE_template.elf.dir/User/stm32f4xx_it.c.obj
                0x0800088a                SVC_Handler
 .text.DebugMon_Handler
                0x0800088c        0x2 CMakeFiles/F446RE_template.elf.dir/User/stm32f4xx_it.c.obj
                0x0800088c                DebugMon_Handler
 .text.PendSV_Handler
                0x0800088e        0x2 CMakeFiles/F446RE_template.elf.dir/User/stm32f4xx_it.c.obj
                0x0800088e                PendSV_Handler
 .text.SysTick_Handler
                0x08000890       0x14 CMakeFiles/F446RE_template.elf.dir/User/stm32f4xx_it.c.obj
                0x08000890                SysTick_Handler
 .text._read    0x080008a4       0x20 CMakeFiles/F446RE_template.elf.dir/User/syscalls.c.obj
                0x080008a4                _read
 .text._write   0x080008c4       0x1c CMakeFiles/F446RE_template.elf.dir/User/syscalls.c.obj
                0x080008c4                _write
 .text._sbrk    0x080008e0       0x3c CMakeFiles/F446RE_template.elf.dir/User/syscalls.c.obj
                0x080008e0                _sbrk
 .text._close   0x0800091c        0x6 CMakeFiles/F446RE_template.elf.dir/User/syscalls.c.obj
                0x0800091c                _close
 .text._fstat   0x08000922        0xa CMakeFiles/F446RE_template.elf.dir/User/syscalls.c.obj
                0x08000922                _fstat
 .text._isatty  0x0800092c        0x4 CMakeFiles/F446RE_template.elf.dir/User/syscalls.c.obj
                0x0800092c                _isatty
 .text._lseek   0x08000930        0x4 CMakeFiles/F446RE_template.elf.dir/User/syscalls.c.obj
                0x08000930                _lseek
 .text.SetSysClock
                0x08000934       0xec CMakeFiles/F446RE_template.elf.dir/User/system_stm32f4xx.c.obj
 .text.SystemInit
                0x08000a20       0x44 CMakeFiles/F446RE_template.elf.dir/User/system_stm32f4xx.c.obj
                0x08000a20                SystemInit
 .text.SysTick_Init
                0x08000a64       0x3c CMakeFiles/F446RE_template.elf.dir/User/systick/bsp_systick.c.obj
                0x08000a64                SysTick_Init
 .text.Delay_ms
                0x08000aa0       0x1c CMakeFiles/F446RE_template.elf.dir/User/systick/bsp_systick.c.obj
                0x08000aa0                Delay_ms
 .text.Debug_USART_Config
                0x08000abc       0xac CMakeFiles/F446RE_template.elf.dir/User/usart/bsp_debug_usart.c.obj
                0x08000abc                Debug_USART_Config
 .text.__io_putchar
                0x08000b68       0x20 CMakeFiles/F446RE_template.elf.dir/User/usart/bsp_debug_usart.c.obj
                0x08000b68                __io_putchar
 .text.__io_getchar
                0x08000b88       0x1c CMakeFiles/F446RE_template.elf.dir/User/usart/bsp_debug_usart.c.obj
                0x08000b88                __io_getchar
 .text.Reset_Handler
                0x08000ba4       0x50 CMakeFiles/F446RE_template.elf.dir/startup/startup_stm32f446xx.s.obj
                0x08000ba4                Reset_Handler
 .text.Default_Handler
                0x08000bf4        0x2 CMakeFiles/F446RE_template.elf.dir/startup/startup_stm32f446xx.s.obj
                0x08000bf4                RTC_Alarm_IRQHandler
                0x08000bf4                EXTI2_IRQHandler
                0x08000bf4                TIM8_CC_IRQHandler
                0x08000bf4                FMPI2C1_EV_IRQHandler
                0x08000bf4                SPI4_IRQHandler
                0x08000bf4                TIM1_CC_IRQHandler
                0x08000bf4                DMA2_Stream5_IRQHandler
                0x08000bf4                DMA1_Stream5_IRQHandler
                0x08000bf4                PVD_IRQHandler
                0x08000bf4                SDIO_IRQHandler
                0x08000bf4                TAMP_STAMP_IRQHandler
                0x08000bf4                CAN2_RX1_IRQHandler
                0x08000bf4                EXTI3_IRQHandler
                0x08000bf4                TIM8_TRG_COM_TIM14_IRQHandler
                0x08000bf4                TIM1_UP_TIM10_IRQHandler
                0x08000bf4                TIM8_UP_TIM13_IRQHandler
                0x08000bf4                I2C3_ER_IRQHandler
                0x08000bf4                EXTI0_IRQHandler
                0x08000bf4                I2C2_EV_IRQHandler
                0x08000bf4                DMA1_Stream2_IRQHandler
                0x08000bf4                CAN1_RX0_IRQHandler
                0x08000bf4                FPU_IRQHandler
                0x08000bf4                OTG_HS_WKUP_IRQHandler
                0x08000bf4                CAN2_SCE_IRQHandler
                0x08000bf4                DMA2_Stream2_IRQHandler
                0x08000bf4                SPI1_IRQHandler
                0x08000bf4                TIM6_DAC_IRQHandler
                0x08000bf4                TIM1_BRK_TIM9_IRQHandler
                0x08000bf4                DCMI_IRQHandler
                0x08000bf4                CAN2_RX0_IRQHandler
                0x08000bf4                DMA2_Stream3_IRQHandler
                0x08000bf4                SAI2_IRQHandler
                0x08000bf4                USART6_IRQHandler
                0x08000bf4                USART3_IRQHandler
                0x08000bf4                CAN1_RX1_IRQHandler
                0x08000bf4                UART5_IRQHandler
                0x08000bf4                DMA2_Stream0_IRQHandler
                0x08000bf4                TIM4_IRQHandler
                0x08000bf4                QUADSPI_IRQHandler
                0x08000bf4                I2C1_EV_IRQHandler
                0x08000bf4                DMA1_Stream6_IRQHandler
                0x08000bf4                DMA1_Stream1_IRQHandler
                0x08000bf4                UART4_IRQHandler
                0x08000bf4                TIM3_IRQHandler
                0x08000bf4                RCC_IRQHandler
                0x08000bf4                TIM8_BRK_TIM12_IRQHandler
                0x08000bf4                Default_Handler
                0x08000bf4                CEC_IRQHandler
                0x08000bf4                EXTI15_10_IRQHandler
                0x08000bf4                ADC_IRQHandler
                0x08000bf4                DMA1_Stream7_IRQHandler
                0x08000bf4                TIM7_IRQHandler
                0x08000bf4                CAN2_TX_IRQHandler
                0x08000bf4                TIM5_IRQHandler
                0x08000bf4                DMA2_Stream7_IRQHandler
                0x08000bf4                I2C3_EV_IRQHandler
                0x08000bf4                EXTI9_5_IRQHandler
                0x08000bf4                RTC_WKUP_IRQHandler
                0x08000bf4                SPDIF_RX_IRQHandler
                0x08000bf4                SPI2_IRQHandler
                0x08000bf4                OTG_HS_EP1_IN_IRQHandler
                0x08000bf4                DMA1_Stream0_IRQHandler
                0x08000bf4                CAN1_TX_IRQHandler
                0x08000bf4                FMPI2C1_ER_IRQHandler
                0x08000bf4                EXTI4_IRQHandler
                0x08000bf4                OTG_HS_EP1_OUT_IRQHandler
                0x08000bf4                WWDG_IRQHandler
                0x08000bf4                TIM2_IRQHandler
                0x08000bf4                OTG_FS_WKUP_IRQHandler
                0x08000bf4                TIM1_TRG_COM_TIM11_IRQHandler
                0x08000bf4                OTG_HS_IRQHandler
                0x08000bf4                EXTI1_IRQHandler
                0x08000bf4                USART2_IRQHandler
                0x08000bf4                I2C2_ER_IRQHandler
                0x08000bf4                DMA2_Stream1_IRQHandler
                0x08000bf4                CAN1_SCE_IRQHandler
                0x08000bf4                FLASH_IRQHandler
                0x08000bf4                DMA2_Stream4_IRQHandler
                0x08000bf4                USART1_IRQHandler
                0x08000bf4                OTG_FS_IRQHandler
                0x08000bf4                SPI3_IRQHandler
                0x08000bf4                DMA1_Stream4_IRQHandler
                0x08000bf4                I2C1_ER_IRQHandler
                0x08000bf4                FMC_IRQHandler
                0x08000bf4                DMA2_Stream6_IRQHandler
                0x08000bf4                SAI1_IRQHandler
                0x08000bf4                DMA1_Stream3_IRQHandler
 *fill*         0x08000bf6        0x2 
 .text.__errno  0x08000bf8        0xc c:/progra~1/stmicr~1/gnu-to~1/bin/../lib/gcc/arm-none-eabi/9.3.1/../../../../arm-none-eabi/lib/thumb/v7e-m/nofp\libg.a(lib_a-errno.o)
                0x08000bf8                __errno
 .text.__libc_init_array
                0x08000c04       0x48 c:/progra~1/stmicr~1/gnu-to~1/bin/../lib/gcc/arm-none-eabi/9.3.1/../../../../arm-none-eabi/lib/thumb/v7e-m/nofp\libg.a(lib_a-init.o)
                0x08000c04                __libc_init_array
 .text.memset   0x08000c4c       0xa0 c:/progra~1/stmicr~1/gnu-to~1/bin/../lib/gcc/arm-none-eabi/9.3.1/../../../../arm-none-eabi/lib/thumb/v7e-m/nofp\libg.a(lib_a-memset.o)
                0x08000c4c                memset
 .text._puts_r  0x08000cec       0x9c c:/progra~1/stmicr~1/gnu-to~1/bin/../lib/gcc/arm-none-eabi/9.3.1/../../../../arm-none-eabi/lib/thumb/v7e-m/nofp\libg.a(lib_a-puts.o)
                0x08000cec                _puts_r
 .text.puts     0x08000d88       0x10 c:/progra~1/stmicr~1/gnu-to~1/bin/../lib/gcc/arm-none-eabi/9.3.1/../../../../arm-none-eabi/lib/thumb/v7e-m/nofp\libg.a(lib_a-puts.o)
                0x08000d88                puts
 .text.setvbuf  0x08000d98      0x1a0 c:/progra~1/stmicr~1/gnu-to~1/bin/../lib/gcc/arm-none-eabi/9.3.1/../../../../arm-none-eabi/lib/thumb/v7e-m/nofp\libg.a(lib_a-setvbuf.o)
                0x08000d98                setvbuf
 .text.startup.register_fini
                0x08000f38       0x14 c:/progra~1/stmicr~1/gnu-to~1/bin/../lib/gcc/arm-none-eabi/9.3.1/../../../../arm-none-eabi/lib/thumb/v7e-m/nofp\libg.a(lib_a-__call_atexit.o)
 .text.atexit   0x08000f4c        0xc c:/progra~1/stmicr~1/gnu-to~1/bin/../lib/gcc/arm-none-eabi/9.3.1/../../../../arm-none-eabi/lib/thumb/v7e-m/nofp\libg.a(lib_a-atexit.o)
                0x08000f4c                atexit
 .text.__sflush_r
                0x08000f58      0x130 c:/progra~1/stmicr~1/gnu-to~1/bin/../lib/gcc/arm-none-eabi/9.3.1/../../../../arm-none-eabi/lib/thumb/v7e-m/nofp\libg.a(lib_a-fflush.o)
                0x08000f58                __sflush_r
 .text._fflush_r
                0x08001088       0x5c c:/progra~1/stmicr~1/gnu-to~1/bin/../lib/gcc/arm-none-eabi/9.3.1/../../../../arm-none-eabi/lib/thumb/v7e-m/nofp\libg.a(lib_a-fflush.o)
                0x08001088                _fflush_r
 .text.std      0x080010e4       0x50 c:/progra~1/stmicr~1/gnu-to~1/bin/../lib/gcc/arm-none-eabi/9.3.1/../../../../arm-none-eabi/lib/thumb/v7e-m/nofp\libg.a(lib_a-findfp.o)
 .text._cleanup_r
                0x08001134        0xc c:/progra~1/stmicr~1/gnu-to~1/bin/../lib/gcc/arm-none-eabi/9.3.1/../../../../arm-none-eabi/lib/thumb/v7e-m/nofp\libg.a(lib_a-findfp.o)
                0x08001134                _cleanup_r
 .text.__sinit  0x08001140       0x54 c:/progra~1/stmicr~1/gnu-to~1/bin/../lib/gcc/arm-none-eabi/9.3.1/../../../../arm-none-eabi/lib/thumb/v7e-m/nofp\libg.a(lib_a-findfp.o)
                0x08001140                __sinit
 .text.__sfp_lock_acquire
                0x08001194        0xc c:/progra~1/stmicr~1/gnu-to~1/bin/../lib/gcc/arm-none-eabi/9.3.1/../../../../arm-none-eabi/lib/thumb/v7e-m/nofp\libg.a(lib_a-findfp.o)
                0x08001194                __sfp_lock_acquire
 .text.__sfp_lock_release
                0x080011a0        0xc c:/progra~1/stmicr~1/gnu-to~1/bin/../lib/gcc/arm-none-eabi/9.3.1/../../../../arm-none-eabi/lib/thumb/v7e-m/nofp\libg.a(lib_a-findfp.o)
                0x080011a0                __sfp_lock_release
 .text.__libc_fini_array
                0x080011ac       0x2c c:/progra~1/stmicr~1/gnu-to~1/bin/../lib/gcc/arm-none-eabi/9.3.1/../../../../arm-none-eabi/lib/thumb/v7e-m/nofp\libg.a(lib_a-fini.o)
                0x080011ac                __libc_fini_array
 .text._malloc_trim_r
                0x080011d8       0xa0 c:/progra~1/stmicr~1/gnu-to~1/bin/../lib/gcc/arm-none-eabi/9.3.1/../../../../arm-none-eabi/lib/thumb/v7e-m/nofp\libg.a(lib_a-freer.o)
                0x080011d8                _malloc_trim_r
 .text._free_r  0x08001278      0x208 c:/progra~1/stmicr~1/gnu-to~1/bin/../lib/gcc/arm-none-eabi/9.3.1/../../../../arm-none-eabi/lib/thumb/v7e-m/nofp\libg.a(lib_a-freer.o)
                0x08001278                _free_r
 .text.__sfvwrite_r
                0x08001480      0x2e0 c:/progra~1/stmicr~1/gnu-to~1/bin/../lib/gcc/arm-none-eabi/9.3.1/../../../../arm-none-eabi/lib/thumb/v7e-m/nofp\libg.a(lib_a-fvwrite.o)
                0x08001480                __sfvwrite_r
 .text._fwalk_reent
                0x08001760       0x48 c:/progra~1/stmicr~1/gnu-to~1/bin/../lib/gcc/arm-none-eabi/9.3.1/../../../../arm-none-eabi/lib/thumb/v7e-m/nofp\libg.a(lib_a-fwalk.o)
                0x08001760                _fwalk_reent
 .text.__retarget_lock_init_recursive
                0x080017a8        0x4 c:/progra~1/stmicr~1/gnu-to~1/bin/../lib/gcc/arm-none-eabi/9.3.1/../../../../arm-none-eabi/lib/thumb/v7e-m/nofp\libg.a(lib_a-lock.o)
                0x080017a8                __retarget_lock_init_recursive
 .text.__retarget_lock_close_recursive
                0x080017ac        0x4 c:/progra~1/stmicr~1/gnu-to~1/bin/../lib/gcc/arm-none-eabi/9.3.1/../../../../arm-none-eabi/lib/thumb/v7e-m/nofp\libg.a(lib_a-lock.o)
                0x080017ac                __retarget_lock_close_recursive
 .text.__retarget_lock_acquire_recursive
                0x080017b0        0x4 c:/progra~1/stmicr~1/gnu-to~1/bin/../lib/gcc/arm-none-eabi/9.3.1/../../../../arm-none-eabi/lib/thumb/v7e-m/nofp\libg.a(lib_a-lock.o)
                0x080017b0                __retarget_lock_acquire_recursive
 .text.__retarget_lock_release_recursive
                0x080017b4        0x4 c:/progra~1/stmicr~1/gnu-to~1/bin/../lib/gcc/arm-none-eabi/9.3.1/../../../../arm-none-eabi/lib/thumb/v7e-m/nofp\libg.a(lib_a-lock.o)
                0x080017b4                __retarget_lock_release_recursive
 .text.__swhatbuf_r
                0x080017b8       0x5c c:/progra~1/stmicr~1/gnu-to~1/bin/../lib/gcc/arm-none-eabi/9.3.1/../../../../arm-none-eabi/lib/thumb/v7e-m/nofp\libg.a(lib_a-makebuf.o)
                0x080017b8                __swhatbuf_r
 .text.__smakebuf_r
                0x08001814       0x98 c:/progra~1/stmicr~1/gnu-to~1/bin/../lib/gcc/arm-none-eabi/9.3.1/../../../../arm-none-eabi/lib/thumb/v7e-m/nofp\libg.a(lib_a-makebuf.o)
                0x08001814                __smakebuf_r
 .text.malloc   0x080018ac       0x10 c:/progra~1/stmicr~1/gnu-to~1/bin/../lib/gcc/arm-none-eabi/9.3.1/../../../../arm-none-eabi/lib/thumb/v7e-m/nofp\libg.a(lib_a-malloc.o)
                0x080018ac                malloc
 .text._malloc_r
                0x080018bc      0x574 c:/progra~1/stmicr~1/gnu-to~1/bin/../lib/gcc/arm-none-eabi/9.3.1/../../../../arm-none-eabi/lib/thumb/v7e-m/nofp\libg.a(lib_a-mallocr.o)
                0x080018bc                _malloc_r
 .text.memmove  0x08001e30       0xd8 c:/progra~1/stmicr~1/gnu-to~1/bin/../lib/gcc/arm-none-eabi/9.3.1/../../../../arm-none-eabi/lib/thumb/v7e-m/nofp\libg.a(lib_a-memmove.o)
                0x08001e30                memmove
 .text.__malloc_lock
                0x08001f08        0xc c:/progra~1/stmicr~1/gnu-to~1/bin/../lib/gcc/arm-none-eabi/9.3.1/../../../../arm-none-eabi/lib/thumb/v7e-m/nofp\libg.a(lib_a-mlock.o)
                0x08001f08                __malloc_lock
 .text.__malloc_unlock
                0x08001f14        0xc c:/progra~1/stmicr~1/gnu-to~1/bin/../lib/gcc/arm-none-eabi/9.3.1/../../../../arm-none-eabi/lib/thumb/v7e-m/nofp\libg.a(lib_a-mlock.o)
                0x08001f14                __malloc_unlock
 .text._realloc_r
                0x08001f20      0x3e0 c:/progra~1/stmicr~1/gnu-to~1/bin/../lib/gcc/arm-none-eabi/9.3.1/../../../../arm-none-eabi/lib/thumb/v7e-m/nofp\libg.a(lib_a-reallocr.o)
                0x08001f20                _realloc_r
 .text._sbrk_r  0x08002300       0x24 c:/progra~1/stmicr~1/gnu-to~1/bin/../lib/gcc/arm-none-eabi/9.3.1/../../../../arm-none-eabi/lib/thumb/v7e-m/nofp\libg.a(lib_a-sbrkr.o)
                0x08002300                _sbrk_r
 .text.__sread  0x08002324       0x24 c:/progra~1/stmicr~1/gnu-to~1/bin/../lib/gcc/arm-none-eabi/9.3.1/../../../../arm-none-eabi/lib/thumb/v7e-m/nofp\libg.a(lib_a-stdio.o)
                0x08002324                __sread
 .text.__swrite
                0x08002348       0x40 c:/progra~1/stmicr~1/gnu-to~1/bin/../lib/gcc/arm-none-eabi/9.3.1/../../../../arm-none-eabi/lib/thumb/v7e-m/nofp\libg.a(lib_a-stdio.o)
                0x08002348                __swrite
 .text.__sseek  0x08002388       0x20 c:/progra~1/stmicr~1/gnu-to~1/bin/../lib/gcc/arm-none-eabi/9.3.1/../../../../arm-none-eabi/lib/thumb/v7e-m/nofp\libg.a(lib_a-stdio.o)
                0x08002388                __sseek
 .text.__sclose
                0x080023a8        0x8 c:/progra~1/stmicr~1/gnu-to~1/bin/../lib/gcc/arm-none-eabi/9.3.1/../../../../arm-none-eabi/lib/thumb/v7e-m/nofp\libg.a(lib_a-stdio.o)
                0x080023a8                __sclose
 .text._write_r
                0x080023b0       0x2c c:/progra~1/stmicr~1/gnu-to~1/bin/../lib/gcc/arm-none-eabi/9.3.1/../../../../arm-none-eabi/lib/thumb/v7e-m/nofp\libg.a(lib_a-writer.o)
                0x080023b0                _write_r
 .text.__swsetup_r
                0x080023dc       0xd0 c:/progra~1/stmicr~1/gnu-to~1/bin/../lib/gcc/arm-none-eabi/9.3.1/../../../../arm-none-eabi/lib/thumb/v7e-m/nofp\libg.a(lib_a-wsetup.o)
                0x080023dc                __swsetup_r
 .text.__register_exitproc
                0x080024ac       0x8c c:/progra~1/stmicr~1/gnu-to~1/bin/../lib/gcc/arm-none-eabi/9.3.1/../../../../arm-none-eabi/lib/thumb/v7e-m/nofp\libg.a(lib_a-__atexit.o)
                0x080024ac                __register_exitproc
 .text._close_r
                0x08002538       0x24 c:/progra~1/stmicr~1/gnu-to~1/bin/../lib/gcc/arm-none-eabi/9.3.1/../../../../arm-none-eabi/lib/thumb/v7e-m/nofp\libg.a(lib_a-closer.o)
                0x08002538                _close_r
 .text._fclose_r
                0x0800255c       0xcc c:/progra~1/stmicr~1/gnu-to~1/bin/../lib/gcc/arm-none-eabi/9.3.1/../../../../arm-none-eabi/lib/thumb/v7e-m/nofp\libg.a(lib_a-fclose.o)
                0x0800255c                _fclose_r
 .text._fstat_r
                0x08002628       0x2c c:/progra~1/stmicr~1/gnu-to~1/bin/../lib/gcc/arm-none-eabi/9.3.1/../../../../arm-none-eabi/lib/thumb/v7e-m/nofp\libg.a(lib_a-fstatr.o)
                0x08002628                _fstat_r
 .text._isatty_r
                0x08002654       0x24 c:/progra~1/stmicr~1/gnu-to~1/bin/../lib/gcc/arm-none-eabi/9.3.1/../../../../arm-none-eabi/lib/thumb/v7e-m/nofp\libg.a(lib_a-isattyr.o)
                0x08002654                _isatty_r
 .text._lseek_r
                0x08002678       0x2c c:/progra~1/stmicr~1/gnu-to~1/bin/../lib/gcc/arm-none-eabi/9.3.1/../../../../arm-none-eabi/lib/thumb/v7e-m/nofp\libg.a(lib_a-lseekr.o)
                0x08002678                _lseek_r
 .text._read_r  0x080026a4       0x2c c:/progra~1/stmicr~1/gnu-to~1/bin/../lib/gcc/arm-none-eabi/9.3.1/../../../../arm-none-eabi/lib/thumb/v7e-m/nofp\libg.a(lib_a-readr.o)
                0x080026a4                _read_r
 *(.glue_7)
 .glue_7        0x080026d0        0x0 linker stubs
 *(.glue_7t)
 .glue_7t       0x080026d0        0x0 linker stubs
 *(.eh_frame)
 .eh_frame      0x080026d0        0x0 c:/progra~1/stmicr~1/gnu-to~1/bin/../lib/gcc/arm-none-eabi/9.3.1/thumb/v7e-m/nofp/crtbegin.o
 *(.init)
 .init          0x080026d0        0x4 c:/progra~1/stmicr~1/gnu-to~1/bin/../lib/gcc/arm-none-eabi/9.3.1/thumb/v7e-m/nofp/crti.o
                0x080026d0                _init
 .init          0x080026d4        0x8 c:/progra~1/stmicr~1/gnu-to~1/bin/../lib/gcc/arm-none-eabi/9.3.1/thumb/v7e-m/nofp/crtn.o
 *(.fini)
 .fini          0x080026dc        0x4 c:/progra~1/stmicr~1/gnu-to~1/bin/../lib/gcc/arm-none-eabi/9.3.1/thumb/v7e-m/nofp/crti.o
                0x080026dc                _fini
 .fini          0x080026e0        0x8 c:/progra~1/stmicr~1/gnu-to~1/bin/../lib/gcc/arm-none-eabi/9.3.1/thumb/v7e-m/nofp/crtn.o
                0x080026e8                . = ALIGN (0x4)
                0x080026e8                _etext = .

.vfp11_veneer   0x080026e8        0x0
 .vfp11_veneer  0x080026e8        0x0 linker stubs

.v4_bx          0x080026e8        0x0
 .v4_bx         0x080026e8        0x0 linker stubs

.iplt           0x080026e8        0x0
 .iplt          0x080026e8        0x0 c:/progra~1/stmicr~1/gnu-to~1/bin/../lib/gcc/arm-none-eabi/9.3.1/thumb/v7e-m/nofp/crtbegin.o

.rodata         0x080026e8       0x20
                0x080026e8                . = ALIGN (0x4)
 *(.rodata)
 *(.rodata*)
 .rodata.main.str1.4
                0x080026e8       0x17 CMakeFiles/F446RE_template.elf.dir/User/main.c.obj
 *fill*         0x080026ff        0x1 
 .rodata._global_impure_ptr
                0x08002700        0x4 c:/progra~1/stmicr~1/gnu-to~1/bin/../lib/gcc/arm-none-eabi/9.3.1/../../../../arm-none-eabi/lib/thumb/v7e-m/nofp\libg.a(lib_a-impure.o)
                0x08002700                _global_impure_ptr
 .rodata._puts_r.str1.4
                0x08002704        0x2 c:/progra~1/stmicr~1/gnu-to~1/bin/../lib/gcc/arm-none-eabi/9.3.1/../../../../arm-none-eabi/lib/thumb/v7e-m/nofp\libg.a(lib_a-puts.o)
                0x08002708                . = ALIGN (0x4)
 *fill*         0x08002706        0x2 

.rel.dyn        0x08002708        0x0
 .rel.iplt      0x08002708        0x0 c:/progra~1/stmicr~1/gnu-to~1/bin/../lib/gcc/arm-none-eabi/9.3.1/thumb/v7e-m/nofp/crtbegin.o

.ARM.extab
 *(.ARM.extab* .gnu.linkonce.armextab.*)

.ARM            0x08002708        0x0
                0x08002708                __exidx_start = .
 *(.ARM.exidx*)
                0x08002708                __exidx_end = .

.preinit_array  0x08002708        0x0
                0x08002708                PROVIDE (__preinit_array_start = .)
 *(.preinit_array*)
                0x08002708                PROVIDE (__preinit_array_end = .)

.init_array     0x08002708        0x8
                0x08002708                PROVIDE (__init_array_start = .)
 *(SORT_BY_NAME(.init_array.*))
 .init_array.00000
                0x08002708        0x4 c:/progra~1/stmicr~1/gnu-to~1/bin/../lib/gcc/arm-none-eabi/9.3.1/../../../../arm-none-eabi/lib/thumb/v7e-m/nofp\libg.a(lib_a-__call_atexit.o)
 *(.init_array*)
 .init_array    0x0800270c        0x4 c:/progra~1/stmicr~1/gnu-to~1/bin/../lib/gcc/arm-none-eabi/9.3.1/thumb/v7e-m/nofp/crtbegin.o
                0x08002710                PROVIDE (__init_array_end = .)

.fini_array     0x08002710        0x4
                0x08002710                PROVIDE (__fini_array_start = .)
 *(SORT_BY_NAME(.fini_array.*))
 *(.fini_array*)
 .fini_array    0x08002710        0x4 c:/progra~1/stmicr~1/gnu-to~1/bin/../lib/gcc/arm-none-eabi/9.3.1/thumb/v7e-m/nofp/crtbegin.o
                0x08002714                PROVIDE (__fini_array_end = .)
                0x08002714                _sidata = LOADADDR (.data)

.data           0x20000000      0x854 load address 0x08002714
                0x20000000                . = ALIGN (0x4)
                0x20000000                _sdata = .
 *(.data)
 *(.data*)
 .data.APBAHBPrescTable
                0x20000000       0x10 CMakeFiles/F446RE_template.elf.dir/STM32F4xx_StdPeriph_Driver/src/stm32f4xx_rcc.c.obj
 .data.SystemCoreClock
                0x20000010        0x4 CMakeFiles/F446RE_template.elf.dir/User/system_stm32f4xx.c.obj
                0x20000010                SystemCoreClock
 .data._impure_ptr
                0x20000014        0x4 c:/progra~1/stmicr~1/gnu-to~1/bin/../lib/gcc/arm-none-eabi/9.3.1/../../../../arm-none-eabi/lib/thumb/v7e-m/nofp\libg.a(lib_a-impure.o)
                0x20000014                _impure_ptr
 .data.impure_data
                0x20000018      0x428 c:/progra~1/stmicr~1/gnu-to~1/bin/../lib/gcc/arm-none-eabi/9.3.1/../../../../arm-none-eabi/lib/thumb/v7e-m/nofp\libg.a(lib_a-impure.o)
 .data.__atexit_recursive_mutex
                0x20000440        0x4 c:/progra~1/stmicr~1/gnu-to~1/bin/../lib/gcc/arm-none-eabi/9.3.1/../../../../arm-none-eabi/lib/thumb/v7e-m/nofp\libg.a(lib_a-__call_atexit.o)
                0x20000440                __atexit_recursive_mutex
 .data.__malloc_av_
                0x20000444      0x408 c:/progra~1/stmicr~1/gnu-to~1/bin/../lib/gcc/arm-none-eabi/9.3.1/../../../../arm-none-eabi/lib/thumb/v7e-m/nofp\libg.a(lib_a-mallocr.o)
                0x20000444                __malloc_av_
 .data.__malloc_sbrk_base
                0x2000084c        0x4 c:/progra~1/stmicr~1/gnu-to~1/bin/../lib/gcc/arm-none-eabi/9.3.1/../../../../arm-none-eabi/lib/thumb/v7e-m/nofp\libg.a(lib_a-mallocr.o)
                0x2000084c                __malloc_sbrk_base
 .data.__malloc_trim_threshold
                0x20000850        0x4 c:/progra~1/stmicr~1/gnu-to~1/bin/../lib/gcc/arm-none-eabi/9.3.1/../../../../arm-none-eabi/lib/thumb/v7e-m/nofp\libg.a(lib_a-mallocr.o)
                0x20000850                __malloc_trim_threshold
                0x20000854                . = ALIGN (0x4)
                0x20000854                _edata = .

.igot.plt       0x20000854        0x0 load address 0x08002f68
 .igot.plt      0x20000854        0x0 c:/progra~1/stmicr~1/gnu-to~1/bin/../lib/gcc/arm-none-eabi/9.3.1/thumb/v7e-m/nofp/crtbegin.o
                0x20000854                . = ALIGN (0x4)

.bss            0x20000854       0x80 load address 0x08002f68
                0x20000854                _sbss = .
                0x20000854                __bss_start__ = _sbss
 *(.bss)
 .bss           0x20000854       0x1c c:/progra~1/stmicr~1/gnu-to~1/bin/../lib/gcc/arm-none-eabi/9.3.1/thumb/v7e-m/nofp/crtbegin.o
 *(.bss*)
 .bss.heap_end.6022
                0x20000870        0x4 CMakeFiles/F446RE_template.elf.dir/User/syscalls.c.obj
 .bss.TimingDelay
                0x20000874        0x4 CMakeFiles/F446RE_template.elf.dir/User/systick/bsp_systick.c.obj
                0x20000874                TimingDelay
 .bss.__malloc_current_mallinfo
                0x20000878       0x28 c:/progra~1/stmicr~1/gnu-to~1/bin/../lib/gcc/arm-none-eabi/9.3.1/../../../../arm-none-eabi/lib/thumb/v7e-m/nofp\libg.a(lib_a-mallocr.o)
                0x20000878                __malloc_current_mallinfo
 .bss.__malloc_max_sbrked_mem
                0x200008a0        0x4 c:/progra~1/stmicr~1/gnu-to~1/bin/../lib/gcc/arm-none-eabi/9.3.1/../../../../arm-none-eabi/lib/thumb/v7e-m/nofp\libg.a(lib_a-mallocr.o)
                0x200008a0                __malloc_max_sbrked_mem
 .bss.__malloc_max_total_mem
                0x200008a4        0x4 c:/progra~1/stmicr~1/gnu-to~1/bin/../lib/gcc/arm-none-eabi/9.3.1/../../../../arm-none-eabi/lib/thumb/v7e-m/nofp\libg.a(lib_a-mallocr.o)
                0x200008a4                __malloc_max_total_mem
 .bss.__malloc_top_pad
                0x200008a8        0x4 c:/progra~1/stmicr~1/gnu-to~1/bin/../lib/gcc/arm-none-eabi/9.3.1/../../../../arm-none-eabi/lib/thumb/v7e-m/nofp\libg.a(lib_a-mallocr.o)
                0x200008a8                __malloc_top_pad
 *(COMMON)
 COMMON         0x200008ac       0x21 c:/progra~1/stmicr~1/gnu-to~1/bin/../lib/gcc/arm-none-eabi/9.3.1/../../../../arm-none-eabi/lib/thumb/v7e-m/nofp\libg.a(lib_a-lock.o)
                0x200008ac                __lock___atexit_recursive_mutex
                0x200008b0                __lock___arc4random_mutex
                0x200008b4                __lock___env_recursive_mutex
                0x200008b8                __lock___sinit_recursive_mutex
                0x200008bc                __lock___malloc_recursive_mutex
                0x200008c0                __lock___at_quick_exit_mutex
                0x200008c4                __lock___dd_hash_mutex
                0x200008c8                __lock___tz_mutex
                0x200008cc                __lock___sfp_recursive_mutex
 *fill*         0x200008cd        0x3 
 COMMON         0x200008d0        0x4 c:/progra~1/stmicr~1/gnu-to~1/bin/../lib/gcc/arm-none-eabi/9.3.1/../../../../arm-none-eabi/lib/thumb/v7e-m/nofp\libg.a(lib_a-reent.o)
                0x200008d0                errno
                0x200008d4                . = ALIGN (0x4)
                0x200008d4                _ebss = .
                0x200008d4                __bss_end__ = _ebss

._user_heap_stack
                0x200008d4      0x604 load address 0x08002f68
                0x200008d8                . = ALIGN (0x8)
 *fill*         0x200008d4        0x4 
                0x200008d8                PROVIDE (end = .)
                [!provide]                PROVIDE (_end = .)
                0x20000ad8                . = (. + _Min_Heap_Size)
 *fill*         0x200008d8      0x200 
                0x20000ed8                . = (. + _Min_Stack_Size)
 *fill*         0x20000ad8      0x400 
                0x20000ed8                . = ALIGN (0x8)

/DISCARD/
 libc.a(*)
 libm.a(*)
 libgcc.a(*)

.ARM.attributes
                0x00000000       0x2a
 *(.ARM.attributes)
 .ARM.attributes
                0x00000000       0x1e c:/progra~1/stmicr~1/gnu-to~1/bin/../lib/gcc/arm-none-eabi/9.3.1/thumb/v7e-m/nofp/crti.o
 .ARM.attributes
                0x0000001e       0x2e c:/progra~1/stmicr~1/gnu-to~1/bin/../lib/gcc/arm-none-eabi/9.3.1/thumb/v7e-m/nofp/crtbegin.o
 .ARM.attributes
                0x0000004c       0x2e CMakeFiles/F446RE_template.elf.dir/STM32F4xx_StdPeriph_Driver/src/stm32f4xx_gpio.c.obj
 .ARM.attributes
                0x0000007a       0x2e CMakeFiles/F446RE_template.elf.dir/STM32F4xx_StdPeriph_Driver/src/stm32f4xx_rcc.c.obj
 .ARM.attributes
                0x000000a8       0x2e CMakeFiles/F446RE_template.elf.dir/STM32F4xx_StdPeriph_Driver/src/stm32f4xx_usart.c.obj
 .ARM.attributes
                0x000000d6       0x2e CMakeFiles/F446RE_template.elf.dir/User/led/bsp_led.c.obj
 .ARM.attributes
                0x00000104       0x2e CMakeFiles/F446RE_template.elf.dir/User/main.c.obj
 .ARM.attributes
                0x00000132       0x2e CMakeFiles/F446RE_template.elf.dir/User/stm32f4xx_it.c.obj
 .ARM.attributes
                0x00000160       0x2e CMakeFiles/F446RE_template.elf.dir/User/syscalls.c.obj
 .ARM.attributes
                0x0000018e       0x2e CMakeFiles/F446RE_template.elf.dir/User/system_stm32f4xx.c.obj
 .ARM.attributes
                0x000001bc       0x2e CMakeFiles/F446RE_template.elf.dir/User/systick/bsp_systick.c.obj
 .ARM.attributes
                0x000001ea       0x2e CMakeFiles/F446RE_template.elf.dir/User/usart/bsp_debug_usart.c.obj
 .ARM.attributes
                0x00000218       0x21 CMakeFiles/F446RE_template.elf.dir/startup/startup_stm32f446xx.s.obj
 .ARM.attributes
                0x00000239       0x2e c:/progra~1/stmicr~1/gnu-to~1/bin/../lib/gcc/arm-none-eabi/9.3.1/../../../../arm-none-eabi/lib/thumb/v7e-m/nofp\libg.a(lib_a-errno.o)
 .ARM.attributes
                0x00000267       0x2e c:/progra~1/stmicr~1/gnu-to~1/bin/../lib/gcc/arm-none-eabi/9.3.1/../../../../arm-none-eabi/lib/thumb/v7e-m/nofp\libg.a(lib_a-impure.o)
 .ARM.attributes
                0x00000295       0x2e c:/progra~1/stmicr~1/gnu-to~1/bin/../lib/gcc/arm-none-eabi/9.3.1/../../../../arm-none-eabi/lib/thumb/v7e-m/nofp\libg.a(lib_a-init.o)
 .ARM.attributes
                0x000002c3       0x2e c:/progra~1/stmicr~1/gnu-to~1/bin/../lib/gcc/arm-none-eabi/9.3.1/../../../../arm-none-eabi/lib/thumb/v7e-m/nofp\libg.a(lib_a-memset.o)
 .ARM.attributes
                0x000002f1       0x2e c:/progra~1/stmicr~1/gnu-to~1/bin/../lib/gcc/arm-none-eabi/9.3.1/../../../../arm-none-eabi/lib/thumb/v7e-m/nofp\libg.a(lib_a-puts.o)
 .ARM.attributes
                0x0000031f       0x2e c:/progra~1/stmicr~1/gnu-to~1/bin/../lib/gcc/arm-none-eabi/9.3.1/../../../../arm-none-eabi/lib/thumb/v7e-m/nofp\libg.a(lib_a-setvbuf.o)
 .ARM.attributes
                0x0000034d       0x1c c:/progra~1/stmicr~1/gnu-to~1/bin/../lib/gcc/arm-none-eabi/9.3.1/../../../../arm-none-eabi/lib/thumb/v7e-m/nofp\libg.a(lib_a-strlen.o)
 .ARM.attributes
                0x00000369       0x2e c:/progra~1/stmicr~1/gnu-to~1/bin/../lib/gcc/arm-none-eabi/9.3.1/../../../../arm-none-eabi/lib/thumb/v7e-m/nofp\libg.a(lib_a-__call_atexit.o)
 .ARM.attributes
                0x00000397       0x2e c:/progra~1/stmicr~1/gnu-to~1/bin/../lib/gcc/arm-none-eabi/9.3.1/../../../../arm-none-eabi/lib/thumb/v7e-m/nofp\libg.a(lib_a-atexit.o)
 .ARM.attributes
                0x000003c5       0x2e c:/progra~1/stmicr~1/gnu-to~1/bin/../lib/gcc/arm-none-eabi/9.3.1/../../../../arm-none-eabi/lib/thumb/v7e-m/nofp\libg.a(lib_a-fflush.o)
 .ARM.attributes
                0x000003f3       0x2e c:/progra~1/stmicr~1/gnu-to~1/bin/../lib/gcc/arm-none-eabi/9.3.1/../../../../arm-none-eabi/lib/thumb/v7e-m/nofp\libg.a(lib_a-findfp.o)
 .ARM.attributes
                0x00000421       0x2e c:/progra~1/stmicr~1/gnu-to~1/bin/../lib/gcc/arm-none-eabi/9.3.1/../../../../arm-none-eabi/lib/thumb/v7e-m/nofp\libg.a(lib_a-fini.o)
 .ARM.attributes
                0x0000044f       0x2e c:/progra~1/stmicr~1/gnu-to~1/bin/../lib/gcc/arm-none-eabi/9.3.1/../../../../arm-none-eabi/lib/thumb/v7e-m/nofp\libg.a(lib_a-freer.o)
 .ARM.attributes
                0x0000047d       0x2e c:/progra~1/stmicr~1/gnu-to~1/bin/../lib/gcc/arm-none-eabi/9.3.1/../../../../arm-none-eabi/lib/thumb/v7e-m/nofp\libg.a(lib_a-fvwrite.o)
 .ARM.attributes
                0x000004ab       0x2e c:/progra~1/stmicr~1/gnu-to~1/bin/../lib/gcc/arm-none-eabi/9.3.1/../../../../arm-none-eabi/lib/thumb/v7e-m/nofp\libg.a(lib_a-fwalk.o)
 .ARM.attributes
                0x000004d9       0x2e c:/progra~1/stmicr~1/gnu-to~1/bin/../lib/gcc/arm-none-eabi/9.3.1/../../../../arm-none-eabi/lib/thumb/v7e-m/nofp\libg.a(lib_a-lock.o)
 .ARM.attributes
                0x00000507       0x2e c:/progra~1/stmicr~1/gnu-to~1/bin/../lib/gcc/arm-none-eabi/9.3.1/../../../../arm-none-eabi/lib/thumb/v7e-m/nofp\libg.a(lib_a-makebuf.o)
 .ARM.attributes
                0x00000535       0x2e c:/progra~1/stmicr~1/gnu-to~1/bin/../lib/gcc/arm-none-eabi/9.3.1/../../../../arm-none-eabi/lib/thumb/v7e-m/nofp\libg.a(lib_a-malloc.o)
 .ARM.attributes
                0x00000563       0x2e c:/progra~1/stmicr~1/gnu-to~1/bin/../lib/gcc/arm-none-eabi/9.3.1/../../../../arm-none-eabi/lib/thumb/v7e-m/nofp\libg.a(lib_a-mallocr.o)
 .ARM.attributes
                0x00000591       0x1c c:/progra~1/stmicr~1/gnu-to~1/bin/../lib/gcc/arm-none-eabi/9.3.1/../../../../arm-none-eabi/lib/thumb/v7e-m/nofp\libg.a(lib_a-memchr.o)
 .ARM.attributes
                0x000005ad       0x1c c:/progra~1/stmicr~1/gnu-to~1/bin/../lib/gcc/arm-none-eabi/9.3.1/../../../../arm-none-eabi/lib/thumb/v7e-m/nofp\libg.a(lib_a-memcpy.o)
 .ARM.attributes
                0x000005c9       0x2e c:/progra~1/stmicr~1/gnu-to~1/bin/../lib/gcc/arm-none-eabi/9.3.1/../../../../arm-none-eabi/lib/thumb/v7e-m/nofp\libg.a(lib_a-memmove.o)
 .ARM.attributes
                0x000005f7       0x2e c:/progra~1/stmicr~1/gnu-to~1/bin/../lib/gcc/arm-none-eabi/9.3.1/../../../../arm-none-eabi/lib/thumb/v7e-m/nofp\libg.a(lib_a-mlock.o)
 .ARM.attributes
                0x00000625       0x2e c:/progra~1/stmicr~1/gnu-to~1/bin/../lib/gcc/arm-none-eabi/9.3.1/../../../../arm-none-eabi/lib/thumb/v7e-m/nofp\libg.a(lib_a-reallocr.o)
 .ARM.attributes
                0x00000653       0x2e c:/progra~1/stmicr~1/gnu-to~1/bin/../lib/gcc/arm-none-eabi/9.3.1/../../../../arm-none-eabi/lib/thumb/v7e-m/nofp\libg.a(lib_a-sbrkr.o)
 .ARM.attributes
                0x00000681       0x2e c:/progra~1/stmicr~1/gnu-to~1/bin/../lib/gcc/arm-none-eabi/9.3.1/../../../../arm-none-eabi/lib/thumb/v7e-m/nofp\libg.a(lib_a-stdio.o)
 .ARM.attributes
                0x000006af       0x2e c:/progra~1/stmicr~1/gnu-to~1/bin/../lib/gcc/arm-none-eabi/9.3.1/../../../../arm-none-eabi/lib/thumb/v7e-m/nofp\libg.a(lib_a-writer.o)
 .ARM.attributes
                0x000006dd       0x2e c:/progra~1/stmicr~1/gnu-to~1/bin/../lib/gcc/arm-none-eabi/9.3.1/../../../../arm-none-eabi/lib/thumb/v7e-m/nofp\libg.a(lib_a-wsetup.o)
 .ARM.attributes
                0x0000070b       0x2e c:/progra~1/stmicr~1/gnu-to~1/bin/../lib/gcc/arm-none-eabi/9.3.1/../../../../arm-none-eabi/lib/thumb/v7e-m/nofp\libg.a(lib_a-__atexit.o)
 .ARM.attributes
                0x00000739       0x2e c:/progra~1/stmicr~1/gnu-to~1/bin/../lib/gcc/arm-none-eabi/9.3.1/../../../../arm-none-eabi/lib/thumb/v7e-m/nofp\libg.a(lib_a-closer.o)
 .ARM.attributes
                0x00000767       0x2e c:/progra~1/stmicr~1/gnu-to~1/bin/../lib/gcc/arm-none-eabi/9.3.1/../../../../arm-none-eabi/lib/thumb/v7e-m/nofp\libg.a(lib_a-fclose.o)
 .ARM.attributes
                0x00000795       0x2e c:/progra~1/stmicr~1/gnu-to~1/bin/../lib/gcc/arm-none-eabi/9.3.1/../../../../arm-none-eabi/lib/thumb/v7e-m/nofp\libg.a(lib_a-fstatr.o)
 .ARM.attributes
                0x000007c3       0x2e c:/progra~1/stmicr~1/gnu-to~1/bin/../lib/gcc/arm-none-eabi/9.3.1/../../../../arm-none-eabi/lib/thumb/v7e-m/nofp\libg.a(lib_a-isattyr.o)
 .ARM.attributes
                0x000007f1       0x2e c:/progra~1/stmicr~1/gnu-to~1/bin/../lib/gcc/arm-none-eabi/9.3.1/../../../../arm-none-eabi/lib/thumb/v7e-m/nofp\libg.a(lib_a-lseekr.o)
 .ARM.attributes
                0x0000081f       0x2e c:/progra~1/stmicr~1/gnu-to~1/bin/../lib/gcc/arm-none-eabi/9.3.1/../../../../arm-none-eabi/lib/thumb/v7e-m/nofp\libg.a(lib_a-readr.o)
 .ARM.attributes
                0x0000084d       0x2e c:/progra~1/stmicr~1/gnu-to~1/bin/../lib/gcc/arm-none-eabi/9.3.1/../../../../arm-none-eabi/lib/thumb/v7e-m/nofp\libg.a(lib_a-reent.o)
 .ARM.attributes
                0x0000087b       0x1e c:/progra~1/stmicr~1/gnu-to~1/bin/../lib/gcc/arm-none-eabi/9.3.1/thumb/v7e-m/nofp/crtn.o
OUTPUT(F446RE_template.elf elf32-littlearm)
LOAD linker stubs
LOAD c:/progra~1/stmicr~1/gnu-to~1/bin/../lib/gcc/arm-none-eabi/9.3.1/../../../../arm-none-eabi/lib/thumb/v7e-m/nofp\libc.a
LOAD c:/progra~1/stmicr~1/gnu-to~1/bin/../lib/gcc/arm-none-eabi/9.3.1/../../../../arm-none-eabi/lib/thumb/v7e-m/nofp\libm.a
LOAD c:/progra~1/stmicr~1/gnu-to~1/bin/../lib/gcc/arm-none-eabi/9.3.1/thumb/v7e-m/nofp\libgcc.a

.debug_info     0x00000000     0x67fa
 .debug_info    0x00000000      0x8e7 CMakeFiles/F446RE_template.elf.dir/STM32F4xx_StdPeriph_Driver/src/stm32f4xx_gpio.c.obj
 .debug_info    0x000008e7     0x1199 CMakeFiles/F446RE_template.elf.dir/STM32F4xx_StdPeriph_Driver/src/stm32f4xx_rcc.c.obj
 .debug_info    0x00001a80      0xca8 CMakeFiles/F446RE_template.elf.dir/STM32F4xx_StdPeriph_Driver/src/stm32f4xx_usart.c.obj
 .debug_info    0x00002728      0x333 CMakeFiles/F446RE_template.elf.dir/User/led/bsp_led.c.obj
 .debug_info    0x00002a5b      0xb58 CMakeFiles/F446RE_template.elf.dir/User/main.c.obj
 .debug_info    0x000035b3      0x17a CMakeFiles/F446RE_template.elf.dir/User/stm32f4xx_it.c.obj
 .debug_info    0x0000372d     0x112b CMakeFiles/F446RE_template.elf.dir/User/syscalls.c.obj
 .debug_info    0x00004858      0x6a0 CMakeFiles/F446RE_template.elf.dir/User/system_stm32f4xx.c.obj
 .debug_info    0x00004ef8      0x7f3 CMakeFiles/F446RE_template.elf.dir/User/systick/bsp_systick.c.obj
 .debug_info    0x000056eb     0x10ed CMakeFiles/F446RE_template.elf.dir/User/usart/bsp_debug_usart.c.obj
 .debug_info    0x000067d8       0x22 CMakeFiles/F446RE_template.elf.dir/startup/startup_stm32f446xx.s.obj

.debug_abbrev   0x00000000     0x145c
 .debug_abbrev  0x00000000      0x234 CMakeFiles/F446RE_template.elf.dir/STM32F4xx_StdPeriph_Driver/src/stm32f4xx_gpio.c.obj
 .debug_abbrev  0x00000234      0x22a CMakeFiles/F446RE_template.elf.dir/STM32F4xx_StdPeriph_Driver/src/stm32f4xx_rcc.c.obj
 .debug_abbrev  0x0000045e      0x1f3 CMakeFiles/F446RE_template.elf.dir/STM32F4xx_StdPeriph_Driver/src/stm32f4xx_usart.c.obj
 .debug_abbrev  0x00000651      0x16b CMakeFiles/F446RE_template.elf.dir/User/led/bsp_led.c.obj
 .debug_abbrev  0x000007bc      0x260 CMakeFiles/F446RE_template.elf.dir/User/main.c.obj
 .debug_abbrev  0x00000a1c       0x8f CMakeFiles/F446RE_template.elf.dir/User/stm32f4xx_it.c.obj
 .debug_abbrev  0x00000aab      0x31e CMakeFiles/F446RE_template.elf.dir/User/syscalls.c.obj
 .debug_abbrev  0x00000dc9      0x19a CMakeFiles/F446RE_template.elf.dir/User/system_stm32f4xx.c.obj
 .debug_abbrev  0x00000f63      0x1fd CMakeFiles/F446RE_template.elf.dir/User/systick/bsp_systick.c.obj
 .debug_abbrev  0x00001160      0x2ea CMakeFiles/F446RE_template.elf.dir/User/usart/bsp_debug_usart.c.obj
 .debug_abbrev  0x0000144a       0x12 CMakeFiles/F446RE_template.elf.dir/startup/startup_stm32f446xx.s.obj

.debug_loc      0x00000000     0x2394
 .debug_loc     0x00000000      0x42a CMakeFiles/F446RE_template.elf.dir/STM32F4xx_StdPeriph_Driver/src/stm32f4xx_gpio.c.obj
 .debug_loc     0x0000042a      0xe04 CMakeFiles/F446RE_template.elf.dir/STM32F4xx_StdPeriph_Driver/src/stm32f4xx_rcc.c.obj
 .debug_loc     0x0000122e      0x85e CMakeFiles/F446RE_template.elf.dir/STM32F4xx_StdPeriph_Driver/src/stm32f4xx_usart.c.obj
 .debug_loc     0x00001a8c      0x436 CMakeFiles/F446RE_template.elf.dir/User/syscalls.c.obj
 .debug_loc     0x00001ec2      0x276 CMakeFiles/F446RE_template.elf.dir/User/system_stm32f4xx.c.obj
 .debug_loc     0x00002138       0xe9 CMakeFiles/F446RE_template.elf.dir/User/systick/bsp_systick.c.obj
 .debug_loc     0x00002221      0x173 CMakeFiles/F446RE_template.elf.dir/User/usart/bsp_debug_usart.c.obj

.debug_aranges  0x00000000      0x590
 .debug_aranges
                0x00000000       0x88 CMakeFiles/F446RE_template.elf.dir/STM32F4xx_StdPeriph_Driver/src/stm32f4xx_gpio.c.obj
 .debug_aranges
                0x00000088      0x1e8 CMakeFiles/F446RE_template.elf.dir/STM32F4xx_StdPeriph_Driver/src/stm32f4xx_rcc.c.obj
 .debug_aranges
                0x00000270      0x100 CMakeFiles/F446RE_template.elf.dir/STM32F4xx_StdPeriph_Driver/src/stm32f4xx_usart.c.obj
 .debug_aranges
                0x00000370       0x20 CMakeFiles/F446RE_template.elf.dir/User/led/bsp_led.c.obj
 .debug_aranges
                0x00000390       0x20 CMakeFiles/F446RE_template.elf.dir/User/main.c.obj
 .debug_aranges
                0x000003b0       0x60 CMakeFiles/F446RE_template.elf.dir/User/stm32f4xx_it.c.obj
 .debug_aranges
                0x00000410       0xb0 CMakeFiles/F446RE_template.elf.dir/User/syscalls.c.obj
 .debug_aranges
                0x000004c0       0x30 CMakeFiles/F446RE_template.elf.dir/User/system_stm32f4xx.c.obj
 .debug_aranges
                0x000004f0       0x30 CMakeFiles/F446RE_template.elf.dir/User/systick/bsp_systick.c.obj
 .debug_aranges
                0x00000520       0x48 CMakeFiles/F446RE_template.elf.dir/User/usart/bsp_debug_usart.c.obj
 .debug_aranges
                0x00000568       0x28 CMakeFiles/F446RE_template.elf.dir/startup/startup_stm32f446xx.s.obj

.debug_ranges   0x00000000      0x4e8
 .debug_ranges  0x00000000       0x78 CMakeFiles/F446RE_template.elf.dir/STM32F4xx_StdPeriph_Driver/src/stm32f4xx_gpio.c.obj
 .debug_ranges  0x00000078      0x1d8 CMakeFiles/F446RE_template.elf.dir/STM32F4xx_StdPeriph_Driver/src/stm32f4xx_rcc.c.obj
 .debug_ranges  0x00000250       0xf0 CMakeFiles/F446RE_template.elf.dir/STM32F4xx_StdPeriph_Driver/src/stm32f4xx_usart.c.obj
 .debug_ranges  0x00000340       0x10 CMakeFiles/F446RE_template.elf.dir/User/led/bsp_led.c.obj
 .debug_ranges  0x00000350       0x10 CMakeFiles/F446RE_template.elf.dir/User/main.c.obj
 .debug_ranges  0x00000360       0x50 CMakeFiles/F446RE_template.elf.dir/User/stm32f4xx_it.c.obj
 .debug_ranges  0x000003b0       0xa0 CMakeFiles/F446RE_template.elf.dir/User/syscalls.c.obj
 .debug_ranges  0x00000450       0x20 CMakeFiles/F446RE_template.elf.dir/User/system_stm32f4xx.c.obj
 .debug_ranges  0x00000470       0x20 CMakeFiles/F446RE_template.elf.dir/User/systick/bsp_systick.c.obj
 .debug_ranges  0x00000490       0x38 CMakeFiles/F446RE_template.elf.dir/User/usart/bsp_debug_usart.c.obj
 .debug_ranges  0x000004c8       0x20 CMakeFiles/F446RE_template.elf.dir/startup/startup_stm32f446xx.s.obj

.debug_line     0x00000000     0x3b80
 .debug_line    0x00000000      0x640 CMakeFiles/F446RE_template.elf.dir/STM32F4xx_StdPeriph_Driver/src/stm32f4xx_gpio.c.obj
 .debug_line    0x00000640      0xeb0 CMakeFiles/F446RE_template.elf.dir/STM32F4xx_StdPeriph_Driver/src/stm32f4xx_rcc.c.obj
 .debug_line    0x000014f0      0x9da CMakeFiles/F446RE_template.elf.dir/STM32F4xx_StdPeriph_Driver/src/stm32f4xx_usart.c.obj
 .debug_line    0x00001eca      0x28b CMakeFiles/F446RE_template.elf.dir/User/led/bsp_led.c.obj
 .debug_line    0x00002155      0x3df CMakeFiles/F446RE_template.elf.dir/User/main.c.obj
 .debug_line    0x00002534      0x327 CMakeFiles/F446RE_template.elf.dir/User/stm32f4xx_it.c.obj
 .debug_line    0x0000285b      0x506 CMakeFiles/F446RE_template.elf.dir/User/syscalls.c.obj
 .debug_line    0x00002d61      0x4e4 CMakeFiles/F446RE_template.elf.dir/User/system_stm32f4xx.c.obj
 .debug_line    0x00003245      0x363 CMakeFiles/F446RE_template.elf.dir/User/systick/bsp_systick.c.obj
 .debug_line    0x000035a8      0x527 CMakeFiles/F446RE_template.elf.dir/User/usart/bsp_debug_usart.c.obj
 .debug_line    0x00003acf       0xb1 CMakeFiles/F446RE_template.elf.dir/startup/startup_stm32f446xx.s.obj

.debug_str      0x00000000     0x2278
 .debug_str     0x00000000      0x527 CMakeFiles/F446RE_template.elf.dir/STM32F4xx_StdPeriph_Driver/src/stm32f4xx_gpio.c.obj
                                0x57d (size before relaxing)
 .debug_str     0x00000527      0x8e1 CMakeFiles/F446RE_template.elf.dir/STM32F4xx_StdPeriph_Driver/src/stm32f4xx_rcc.c.obj
                                0xb57 (size before relaxing)
 .debug_str     0x00000e08      0x44c CMakeFiles/F446RE_template.elf.dir/STM32F4xx_StdPeriph_Driver/src/stm32f4xx_usart.c.obj
                                0x795 (size before relaxing)
 .debug_str     0x00001254       0x59 CMakeFiles/F446RE_template.elf.dir/User/led/bsp_led.c.obj
                                0x415 (size before relaxing)
 .debug_str     0x000012ad      0x43e CMakeFiles/F446RE_template.elf.dir/User/main.c.obj
                                0x6dc (size before relaxing)
 .debug_str     0x000016eb       0xda CMakeFiles/F446RE_template.elf.dir/User/stm32f4xx_it.c.obj
                                0x2cc (size before relaxing)
 .debug_str     0x000017c5      0x291 CMakeFiles/F446RE_template.elf.dir/User/syscalls.c.obj
                                0x891 (size before relaxing)
 .debug_str     0x00001a56      0x117 CMakeFiles/F446RE_template.elf.dir/User/system_stm32f4xx.c.obj
                                0x47d (size before relaxing)
 .debug_str     0x00001b6d      0x605 CMakeFiles/F446RE_template.elf.dir/User/systick/bsp_systick.c.obj
                                0x8c4 (size before relaxing)
 .debug_str     0x00002172       0xa4 CMakeFiles/F446RE_template.elf.dir/User/usart/bsp_debug_usart.c.obj
                                0x9e1 (size before relaxing)
 .debug_str     0x00002216       0x62 CMakeFiles/F446RE_template.elf.dir/startup/startup_stm32f446xx.s.obj
                                 0xaa (size before relaxing)

.comment        0x00000000       0x4c
 .comment       0x00000000       0x4c CMakeFiles/F446RE_template.elf.dir/STM32F4xx_StdPeriph_Driver/src/stm32f4xx_gpio.c.obj
                                 0x4d (size before relaxing)
 .comment       0x0000004c       0x4d CMakeFiles/F446RE_template.elf.dir/STM32F4xx_StdPeriph_Driver/src/stm32f4xx_rcc.c.obj
 .comment       0x0000004c       0x4d CMakeFiles/F446RE_template.elf.dir/STM32F4xx_StdPeriph_Driver/src/stm32f4xx_usart.c.obj
 .comment       0x0000004c       0x4d CMakeFiles/F446RE_template.elf.dir/User/led/bsp_led.c.obj
 .comment       0x0000004c       0x4d CMakeFiles/F446RE_template.elf.dir/User/main.c.obj
 .comment       0x0000004c       0x4d CMakeFiles/F446RE_template.elf.dir/User/stm32f4xx_it.c.obj
 .comment       0x0000004c       0x4d CMakeFiles/F446RE_template.elf.dir/User/syscalls.c.obj
 .comment       0x0000004c       0x4d CMakeFiles/F446RE_template.elf.dir/User/system_stm32f4xx.c.obj
 .comment       0x0000004c       0x4d CMakeFiles/F446RE_template.elf.dir/User/systick/bsp_systick.c.obj
 .comment       0x0000004c       0x4d CMakeFiles/F446RE_template.elf.dir/User/usart/bsp_debug_usart.c.obj

.debug_frame    0x00000000     0x14c0
 .debug_frame   0x00000000      0x120 CMakeFiles/F446RE_template.elf.dir/STM32F4xx_StdPeriph_Driver/src/stm32f4xx_gpio.c.obj
 .debug_frame   0x00000120      0x3c8 CMakeFiles/F446RE_template.elf.dir/STM32F4xx_StdPeriph_Driver/src/stm32f4xx_rcc.c.obj
 .debug_frame   0x000004e8      0x224 CMakeFiles/F446RE_template.elf.dir/STM32F4xx_StdPeriph_Driver/src/stm32f4xx_usart.c.obj
 .debug_frame   0x0000070c       0x2c CMakeFiles/F446RE_template.elf.dir/User/led/bsp_led.c.obj
 .debug_frame   0x00000738       0x28 CMakeFiles/F446RE_template.elf.dir/User/main.c.obj
 .debug_frame   0x00000760       0xa0 CMakeFiles/F446RE_template.elf.dir/User/stm32f4xx_it.c.obj
 .debug_frame   0x00000800      0x1a8 CMakeFiles/F446RE_template.elf.dir/User/syscalls.c.obj
 .debug_frame   0x000009a8       0x54 CMakeFiles/F446RE_template.elf.dir/User/system_stm32f4xx.c.obj
 .debug_frame   0x000009fc       0x50 CMakeFiles/F446RE_template.elf.dir/User/systick/bsp_systick.c.obj
 .debug_frame   0x00000a4c       0xb4 CMakeFiles/F446RE_template.elf.dir/User/usart/bsp_debug_usart.c.obj
 .debug_frame   0x00000b00       0x20 c:/progra~1/stmicr~1/gnu-to~1/bin/../lib/gcc/arm-none-eabi/9.3.1/../../../../arm-none-eabi/lib/thumb/v7e-m/nofp\libg.a(lib_a-errno.o)
 .debug_frame   0x00000b20       0x2c c:/progra~1/stmicr~1/gnu-to~1/bin/../lib/gcc/arm-none-eabi/9.3.1/../../../../arm-none-eabi/lib/thumb/v7e-m/nofp\libg.a(lib_a-init.o)
 .debug_frame   0x00000b4c       0x38 c:/progra~1/stmicr~1/gnu-to~1/bin/../lib/gcc/arm-none-eabi/9.3.1/../../../../arm-none-eabi/lib/thumb/v7e-m/nofp\libg.a(lib_a-memset.o)
 .debug_frame   0x00000b84       0x4c c:/progra~1/stmicr~1/gnu-to~1/bin/../lib/gcc/arm-none-eabi/9.3.1/../../../../arm-none-eabi/lib/thumb/v7e-m/nofp\libg.a(lib_a-puts.o)
 .debug_frame   0x00000bd0       0x48 c:/progra~1/stmicr~1/gnu-to~1/bin/../lib/gcc/arm-none-eabi/9.3.1/../../../../arm-none-eabi/lib/thumb/v7e-m/nofp\libg.a(lib_a-setvbuf.o)
 .debug_frame   0x00000c18       0x5c c:/progra~1/stmicr~1/gnu-to~1/bin/../lib/gcc/arm-none-eabi/9.3.1/../../../../arm-none-eabi/lib/thumb/v7e-m/nofp\libg.a(lib_a-__call_atexit.o)
 .debug_frame   0x00000c74       0x20 c:/progra~1/stmicr~1/gnu-to~1/bin/../lib/gcc/arm-none-eabi/9.3.1/../../../../arm-none-eabi/lib/thumb/v7e-m/nofp\libg.a(lib_a-atexit.o)
 .debug_frame   0x00000c94       0x5c c:/progra~1/stmicr~1/gnu-to~1/bin/../lib/gcc/arm-none-eabi/9.3.1/../../../../arm-none-eabi/lib/thumb/v7e-m/nofp\libg.a(lib_a-fflush.o)
 .debug_frame   0x00000cf0      0x14c c:/progra~1/stmicr~1/gnu-to~1/bin/../lib/gcc/arm-none-eabi/9.3.1/../../../../arm-none-eabi/lib/thumb/v7e-m/nofp\libg.a(lib_a-findfp.o)
 .debug_frame   0x00000e3c       0x34 c:/progra~1/stmicr~1/gnu-to~1/bin/../lib/gcc/arm-none-eabi/9.3.1/../../../../arm-none-eabi/lib/thumb/v7e-m/nofp\libg.a(lib_a-fini.o)
 .debug_frame   0x00000e70       0x8c c:/progra~1/stmicr~1/gnu-to~1/bin/../lib/gcc/arm-none-eabi/9.3.1/../../../../arm-none-eabi/lib/thumb/v7e-m/nofp\libg.a(lib_a-freer.o)
 .debug_frame   0x00000efc       0x64 c:/progra~1/stmicr~1/gnu-to~1/bin/../lib/gcc/arm-none-eabi/9.3.1/../../../../arm-none-eabi/lib/thumb/v7e-m/nofp\libg.a(lib_a-fvwrite.o)
 .debug_frame   0x00000f60       0x54 c:/progra~1/stmicr~1/gnu-to~1/bin/../lib/gcc/arm-none-eabi/9.3.1/../../../../arm-none-eabi/lib/thumb/v7e-m/nofp\libg.a(lib_a-fwalk.o)
 .debug_frame   0x00000fb4       0xb0 c:/progra~1/stmicr~1/gnu-to~1/bin/../lib/gcc/arm-none-eabi/9.3.1/../../../../arm-none-eabi/lib/thumb/v7e-m/nofp\libg.a(lib_a-lock.o)
 .debug_frame   0x00001064       0x6c c:/progra~1/stmicr~1/gnu-to~1/bin/../lib/gcc/arm-none-eabi/9.3.1/../../../../arm-none-eabi/lib/thumb/v7e-m/nofp\libg.a(lib_a-makebuf.o)
 .debug_frame   0x000010d0       0x30 c:/progra~1/stmicr~1/gnu-to~1/bin/../lib/gcc/arm-none-eabi/9.3.1/../../../../arm-none-eabi/lib/thumb/v7e-m/nofp\libg.a(lib_a-malloc.o)
 .debug_frame   0x00001100       0x4c c:/progra~1/stmicr~1/gnu-to~1/bin/../lib/gcc/arm-none-eabi/9.3.1/../../../../arm-none-eabi/lib/thumb/v7e-m/nofp\libg.a(lib_a-mallocr.o)
 .debug_frame   0x0000114c       0x40 c:/progra~1/stmicr~1/gnu-to~1/bin/../lib/gcc/arm-none-eabi/9.3.1/../../../../arm-none-eabi/lib/thumb/v7e-m/nofp\libg.a(lib_a-memmove.o)
 .debug_frame   0x0000118c       0x30 c:/progra~1/stmicr~1/gnu-to~1/bin/../lib/gcc/arm-none-eabi/9.3.1/../../../../arm-none-eabi/lib/thumb/v7e-m/nofp\libg.a(lib_a-mlock.o)
 .debug_frame   0x000011bc       0x48 c:/progra~1/stmicr~1/gnu-to~1/bin/../lib/gcc/arm-none-eabi/9.3.1/../../../../arm-none-eabi/lib/thumb/v7e-m/nofp\libg.a(lib_a-reallocr.o)
 .debug_frame   0x00001204       0x2c c:/progra~1/stmicr~1/gnu-to~1/bin/../lib/gcc/arm-none-eabi/9.3.1/../../../../arm-none-eabi/lib/thumb/v7e-m/nofp\libg.a(lib_a-sbrkr.o)
 .debug_frame   0x00001230       0x8c c:/progra~1/stmicr~1/gnu-to~1/bin/../lib/gcc/arm-none-eabi/9.3.1/../../../../arm-none-eabi/lib/thumb/v7e-m/nofp\libg.a(lib_a-stdio.o)
 .debug_frame   0x000012bc       0x2c c:/progra~1/stmicr~1/gnu-to~1/bin/../lib/gcc/arm-none-eabi/9.3.1/../../../../arm-none-eabi/lib/thumb/v7e-m/nofp\libg.a(lib_a-writer.o)
 .debug_frame   0x000012e8       0x2c c:/progra~1/stmicr~1/gnu-to~1/bin/../lib/gcc/arm-none-eabi/9.3.1/../../../../arm-none-eabi/lib/thumb/v7e-m/nofp\libg.a(lib_a-wsetup.o)
 .debug_frame   0x00001314       0x34 c:/progra~1/stmicr~1/gnu-to~1/bin/../lib/gcc/arm-none-eabi/9.3.1/../../../../arm-none-eabi/lib/thumb/v7e-m/nofp\libg.a(lib_a-__atexit.o)
 .debug_frame   0x00001348       0x2c c:/progra~1/stmicr~1/gnu-to~1/bin/../lib/gcc/arm-none-eabi/9.3.1/../../../../arm-none-eabi/lib/thumb/v7e-m/nofp\libg.a(lib_a-closer.o)
 .debug_frame   0x00001374       0x3c c:/progra~1/stmicr~1/gnu-to~1/bin/../lib/gcc/arm-none-eabi/9.3.1/../../../../arm-none-eabi/lib/thumb/v7e-m/nofp\libg.a(lib_a-fclose.o)
 .debug_frame   0x000013b0       0x2c c:/progra~1/stmicr~1/gnu-to~1/bin/../lib/gcc/arm-none-eabi/9.3.1/../../../../arm-none-eabi/lib/thumb/v7e-m/nofp\libg.a(lib_a-fstatr.o)
 .debug_frame   0x000013dc       0x2c c:/progra~1/stmicr~1/gnu-to~1/bin/../lib/gcc/arm-none-eabi/9.3.1/../../../../arm-none-eabi/lib/thumb/v7e-m/nofp\libg.a(lib_a-isattyr.o)
 .debug_frame   0x00001408       0x2c c:/progra~1/stmicr~1/gnu-to~1/bin/../lib/gcc/arm-none-eabi/9.3.1/../../../../arm-none-eabi/lib/thumb/v7e-m/nofp\libg.a(lib_a-lseekr.o)
 .debug_frame   0x00001434       0x2c c:/progra~1/stmicr~1/gnu-to~1/bin/../lib/gcc/arm-none-eabi/9.3.1/../../../../arm-none-eabi/lib/thumb/v7e-m/nofp\libg.a(lib_a-readr.o)
 .debug_frame   0x00001460       0x60 c:/progra~1/stmicr~1/gnu-to~1/bin/../lib/gcc/arm-none-eabi/9.3.1/../../../../arm-none-eabi/lib/thumb/v7e-m/nofp\libg.a(lib_a-reent.o)
