Archive member included to satisfy reference by file (symbol)

c:/progra~1/stmicr~1/gnu-to~1/bin/../lib/gcc/arm-none-eabi/9.3.1/../../../../arm-none-eabi/lib/thumb/v7e-m/nofp\libg.a(lib_a-errno.o)
                              CMakeFiles/F446RE_template.elf.dir/User/syscalls.c.obj (__errno)
c:/progra~1/stmicr~1/gnu-to~1/bin/../lib/gcc/arm-none-eabi/9.3.1/../../../../arm-none-eabi/lib/thumb/v7e-m/nofp\libg.a(lib_a-exit.o)
                              c:/progra~1/stmicr~1/gnu-to~1/bin/../lib/gcc/arm-none-eabi/9.3.1/../../../../arm-none-eabi/lib/thumb/v7e-m/nofp/crt0.o (exit)
c:/progra~1/stmicr~1/gnu-to~1/bin/../lib/gcc/arm-none-eabi/9.3.1/../../../../arm-none-eabi/lib/thumb/v7e-m/nofp\libg.a(lib_a-impure.o)
                              c:/progra~1/stmicr~1/gnu-to~1/bin/../lib/gcc/arm-none-eabi/9.3.1/../../../../arm-none-eabi/lib/thumb/v7e-m/nofp\libg.a(lib_a-exit.o) (_global_impure_ptr)
c:/progra~1/stmicr~1/gnu-to~1/bin/../lib/gcc/arm-none-eabi/9.3.1/../../../../arm-none-eabi/lib/thumb/v7e-m/nofp\libg.a(lib_a-init.o)
                              c:/progra~1/stmicr~1/gnu-to~1/bin/../lib/gcc/arm-none-eabi/9.3.1/../../../../arm-none-eabi/lib/thumb/v7e-m/nofp/crt0.o (__libc_init_array)
c:/progra~1/stmicr~1/gnu-to~1/bin/../lib/gcc/arm-none-eabi/9.3.1/../../../../arm-none-eabi/lib/thumb/v7e-m/nofp\libg.a(lib_a-memset.o)
                              c:/progra~1/stmicr~1/gnu-to~1/bin/../lib/gcc/arm-none-eabi/9.3.1/../../../../arm-none-eabi/lib/thumb/v7e-m/nofp/crt0.o (memset)
c:/progra~1/stmicr~1/gnu-to~1/bin/../lib/gcc/arm-none-eabi/9.3.1/../../../../arm-none-eabi/lib/thumb/v7e-m/nofp\libg.a(lib_a-printf.o)
                              CMakeFiles/F446RE_template.elf.dir/User/main.c.obj (printf)
c:/progra~1/stmicr~1/gnu-to~1/bin/../lib/gcc/arm-none-eabi/9.3.1/../../../../arm-none-eabi/lib/thumb/v7e-m/nofp\libg.a(lib_a-puts.o)
                              CMakeFiles/F446RE_template.elf.dir/User/main.c.obj (puts)
c:/progra~1/stmicr~1/gnu-to~1/bin/../lib/gcc/arm-none-eabi/9.3.1/../../../../arm-none-eabi/lib/thumb/v7e-m/nofp\libg.a(lib_a-setvbuf.o)
                              CMakeFiles/F446RE_template.elf.dir/User/usart/bsp_debug_usart.c.obj (setvbuf)
c:/progra~1/stmicr~1/gnu-to~1/bin/../lib/gcc/arm-none-eabi/9.3.1/../../../../arm-none-eabi/lib/thumb/v7e-m/nofp\libg.a(lib_a-strlen.o)
                              c:/progra~1/stmicr~1/gnu-to~1/bin/../lib/gcc/arm-none-eabi/9.3.1/../../../../arm-none-eabi/lib/thumb/v7e-m/nofp\libg.a(lib_a-puts.o) (strlen)
c:/progra~1/stmicr~1/gnu-to~1/bin/../lib/gcc/arm-none-eabi/9.3.1/../../../../arm-none-eabi/lib/thumb/v7e-m/nofp\libg.a(lib_a-vfprintf.o)
                              c:/progra~1/stmicr~1/gnu-to~1/bin/../lib/gcc/arm-none-eabi/9.3.1/../../../../arm-none-eabi/lib/thumb/v7e-m/nofp\libg.a(lib_a-printf.o) (_vfprintf_r)
c:/progra~1/stmicr~1/gnu-to~1/bin/../lib/gcc/arm-none-eabi/9.3.1/../../../../arm-none-eabi/lib/thumb/v7e-m/nofp\libg.a(lib_a-wsetup.o)
                              c:/progra~1/stmicr~1/gnu-to~1/bin/../lib/gcc/arm-none-eabi/9.3.1/../../../../arm-none-eabi/lib/thumb/v7e-m/nofp\libg.a(lib_a-vfprintf.o) (__swsetup_r)
c:/progra~1/stmicr~1/gnu-to~1/bin/../lib/gcc/arm-none-eabi/9.3.1/../../../../arm-none-eabi/lib/thumb/v7e-m/nofp\libg.a(lib_a-__call_atexit.o)
                              c:/progra~1/stmicr~1/gnu-to~1/bin/../lib/gcc/arm-none-eabi/9.3.1/../../../../arm-none-eabi/lib/thumb/v7e-m/nofp\libg.a(lib_a-exit.o) (__call_exitprocs)
c:/progra~1/stmicr~1/gnu-to~1/bin/../lib/gcc/arm-none-eabi/9.3.1/../../../../arm-none-eabi/lib/thumb/v7e-m/nofp\libg.a(lib_a-atexit.o)
                              c:/progra~1/stmicr~1/gnu-to~1/bin/../lib/gcc/arm-none-eabi/9.3.1/../../../../arm-none-eabi/lib/thumb/v7e-m/nofp\libg.a(lib_a-__call_atexit.o) (atexit)
c:/progra~1/stmicr~1/gnu-to~1/bin/../lib/gcc/arm-none-eabi/9.3.1/../../../../arm-none-eabi/lib/thumb/v7e-m/nofp\libg.a(lib_a-dtoa.o)
                              c:/progra~1/stmicr~1/gnu-to~1/bin/../lib/gcc/arm-none-eabi/9.3.1/../../../../arm-none-eabi/lib/thumb/v7e-m/nofp\libg.a(lib_a-vfprintf.o) (_dtoa_r)
c:/progra~1/stmicr~1/gnu-to~1/bin/../lib/gcc/arm-none-eabi/9.3.1/../../../../arm-none-eabi/lib/thumb/v7e-m/nofp\libg.a(lib_a-fflush.o)
                              c:/progra~1/stmicr~1/gnu-to~1/bin/../lib/gcc/arm-none-eabi/9.3.1/../../../../arm-none-eabi/lib/thumb/v7e-m/nofp\libg.a(lib_a-setvbuf.o) (_fflush_r)
c:/progra~1/stmicr~1/gnu-to~1/bin/../lib/gcc/arm-none-eabi/9.3.1/../../../../arm-none-eabi/lib/thumb/v7e-m/nofp\libg.a(lib_a-findfp.o)
                              c:/progra~1/stmicr~1/gnu-to~1/bin/../lib/gcc/arm-none-eabi/9.3.1/../../../../arm-none-eabi/lib/thumb/v7e-m/nofp\libg.a(lib_a-puts.o) (__sinit)
c:/progra~1/stmicr~1/gnu-to~1/bin/../lib/gcc/arm-none-eabi/9.3.1/../../../../arm-none-eabi/lib/thumb/v7e-m/nofp\libg.a(lib_a-fini.o)
[...]
Memory Configuration

Name             Origin             Length             Attributes
RAM              0x20000000         0x00020000         xrw
FLASH            0x08000000         0x00080000         xr
*default*        0x00000000         0xffffffff

Linker script and memory map

LOAD c:/progra~1/stmicr~1/gnu-to~1/bin/../lib/gcc/arm-none-eabi/9.3.1/thumb/v7e-m/nofp/crti.o
LOAD c:/progra~1/stmicr~1/gnu-to~1/bin/../lib/gcc/arm-none-eabi/9.3.1/thumb/v7e-m/nofp/crtbegin.o
LOAD c:/progra~1/stmicr~1/gnu-to~1/bin/../lib/gcc/arm-none-eabi/9.3.1/../../../../arm-none-eabi/lib/thumb/v7e-m/nofp/crt0.o
LOAD CMakeFiles/F446RE_template.elf.dir/STM32F4xx_StdPeriph_Driver/src/misc.c.obj
LOAD CMakeFiles/F446RE_template.elf.dir/STM32F4xx_StdPeriph_Driver/src/stm32f4xx_adc.c.obj
LOAD CMakeFiles/F446RE_template.elf.dir/STM32F4xx_StdPeriph_Driver/src/stm32f4xx_can.c.obj
LOAD CMakeFiles/F446RE_template.elf.dir/STM32F4xx_StdPeriph_Driver/src/stm32f4xx_cec.c.obj
LOAD CMakeFiles/F446RE_template.elf.dir/STM32F4xx_StdPeriph_Driver/src/stm32f4xx_crc.c.obj
LOAD CMakeFiles/F446RE_template.elf.dir/STM32F4xx_StdPeriph_Driver/src/stm32f4xx_cryp.c.obj
LOAD CMakeFiles/F446RE_template.elf.dir/STM32F4xx_StdPeriph_Driver/src/stm32f4xx_cryp_aes.c.obj
LOAD CMakeFiles/F446RE_template.elf.dir/STM32F4xx_StdPeriph_Driver/src/stm32f4xx_cryp_des.c.obj
LOAD CMakeFiles/F446RE_template.elf.dir/STM32F4xx_StdPeriph_Driver/src/stm32f4xx_cryp_tdes.c.obj
LOAD CMakeFiles/F446RE_template.elf.dir/STM32F4xx_StdPeriph_Driver/src/stm32f4xx_dac.c.obj
LOAD CMakeFiles/F446RE_template.elf.dir/STM32F4xx_StdPeriph_Driver/src/stm32f4xx_dbgmcu.c.obj
LOAD CMakeFiles/F446RE_template.elf.dir/STM32F4xx_StdPeriph_Driver/src/stm32f4xx_dcmi.c.obj
LOAD CMakeFiles/F446RE_template.elf.dir/STM32F4xx_StdPeriph_Driver/src/stm32f4xx_dfsdm.c.obj
LOAD CMakeFiles/F446RE_template.elf.dir/STM32F4xx_StdPeriph_Driver/src/stm32f4xx_dma.c.obj
LOAD CMakeFiles/F446RE_template.elf.dir/STM32F4xx_StdPeriph_Driver/src/stm32f4xx_dma2d.c.obj
LOAD CMakeFiles/F446RE_template.elf.dir/STM32F4xx_StdPeriph_Driver/src/stm32f4xx_exti.c.obj
LOAD CMakeFiles/F446RE_template.elf.dir/STM32F4xx_StdPeriph_Driver/src/stm32f4xx_flash.c.obj
LOAD CMakeFiles/F446RE_template.elf.dir/STM32F4xx_StdPeriph_Driver/src/stm32f4xx_fmc.c.obj
LOAD CMakeFiles/F446RE_template.elf.dir/STM32F4xx_StdPeriph_Driver/src/stm32f4xx_fmpi2c.c.obj
LOAD CMakeFiles/F446RE_template.elf.dir/STM32F4xx_StdPeriph_Driver/src/stm32f4xx_gpio.c.obj
LOAD CMakeFiles/F446RE_template.elf.dir/STM32F4xx_StdPeriph_Driver/src/stm32f4xx_hash.c.obj
LOAD CMakeFiles/F446RE_template.elf.dir/STM32F4xx_StdPeriph_Driver/src/stm32f4xx_hash_md5.c.obj
LOAD CMakeFiles/F446RE_template.elf.dir/STM32F4xx_StdPeriph_Driver/src/stm32f4xx_hash_sha1.c.obj
LOAD CMakeFiles/F446RE_template.elf.dir/STM32F4xx_StdPeriph_Driver/src/stm32f4xx_i2c.c.obj
LOAD CMakeFiles/F446RE_template.elf.dir/STM32F4xx_StdPeriph_Driver/src/stm32f4xx_iwdg.c.obj
LOAD CMakeFiles/F446RE_template.elf.dir/STM32F4xx_StdPeriph_Driver/src/stm32f4xx_lptim.c.obj
LOAD CMakeFiles/F446RE_template.elf.dir/STM32F4xx_StdPeriph_Driver/src/stm32f4xx_ltdc.c.obj
LOAD CMakeFiles/F446RE_template.elf.dir/STM32F4xx_StdPeriph_Driver/src/stm32f4xx_pwr.c.obj
LOAD CMakeFiles/F446RE_template.elf.dir/STM32F4xx_StdPeriph_Driver/src/stm32f4xx_qspi.c.obj
LOAD CMakeFiles/F446RE_template.elf.dir/STM32F4xx_StdPeriph_Driver/src/stm32f4xx_rcc.c.obj
LOAD CMakeFiles/F446RE_template.elf.dir/STM32F4xx_StdPeriph_Driver/src/stm32f4xx_rng.c.obj
LOAD CMakeFiles/F446RE_template.elf.dir/STM32F4xx_StdPeriph_Driver/src/stm32f4xx_rtc.c.obj
LOAD CMakeFiles/F446RE_template.elf.dir/STM32F4xx_StdPeriph_Driver/src/stm32f4xx_sai.c.obj
LOAD CMakeFiles/F446RE_template.elf.dir/STM32F4xx_StdPeriph_Driver/src/stm32f4xx_sdio.c.obj
LOAD CMakeFiles/F446RE_template.elf.dir/STM32F4xx_StdPeriph_Driver/src/stm32f4xx_spdifrx.c.obj
LOAD CMakeFiles/F446RE_template.elf.dir/STM32F4xx_StdPeriph_Driver/src/stm32f4xx_spi.c.obj
LOAD CMakeFiles/F446RE_template.elf.dir/STM32F4xx_StdPeriph_Driver/src/stm32f4xx_syscfg.c.obj
LOAD CMakeFiles/F446RE_template.elf.dir/STM32F4xx_StdPeriph_Driver/src/stm32f4xx_tim.c.obj
LOAD CMakeFiles/F446RE_template.elf.dir/STM32F4xx_StdPeriph_Driver/src/stm32f4xx_usart.c.obj
LOAD CMakeFiles/F446RE_template.elf.dir/STM32F4xx_StdPeriph_Driver/src/stm32f4xx_wwdg.c.obj
LOAD CMakeFiles/F446RE_template.elf.dir/User/led/bsp_led.c.obj
LOAD CMakeFiles/F446RE_template.elf.dir/User/main.c.obj
LOAD CMakeFiles/F446RE_template.elf.dir/User/stm32f4xx_it.c.obj
LOAD CMakeFiles/F446RE_template.elf.dir/User/syscalls.c.obj
LOAD CMakeFiles/F446RE_template.elf.dir/User/system_stm32f4xx.c.obj
LOAD CMakeFiles/F446RE_template.elf.dir/User/systick/bsp_systick.c.obj
LOAD CMakeFiles/F446RE_template.elf.dir/User/usart/bsp_debug_usart.c.obj
LOAD CMakeFiles/F446RE_template.elf.dir/startup/startup_stm32f446xx.s.obj
START GROUP
LOAD c:/progra~1/stmicr~1/gnu-to~1/bin/../lib/gcc/arm-none-eabi/9.3.1/thumb/v7e-m/nofp\libgcc.a
LOAD c:/progra~1/stmicr~1/gnu-to~1/bin/../lib/gcc/arm-none-eabi/9.3.1/../../../../arm-none-eabi/lib/thumb/v7e-m/nofp\libg.a
LOAD c:/progra~1/stmicr~1/gnu-to~1/bin/../lib/gcc/arm-none-eabi/9.3.1/../../../../arm-none-eabi/lib/thumb/v7e-m/nofp\libc.a
END GROUP
LOAD c:/progra~1/stmicr~1/gnu-to~1/bin/../lib/gcc/arm-none-eabi/9.3.1/thumb/v7e-m/nofp/crtend.o
LOAD c:/progra~1/stmicr~1/gnu-to~1/bin/../lib/gcc/arm-none-eabi/9.3.1/thumb/v7e-m/nofp/crtn.o
                0x20020000                _estack = 0x20020000
                0x00000200                _Min_Heap_Size = 0x200
                0x00000400                _Min_Stack_Size = 0x400

.isr_vector     0x08000000      0x1c4
                0x08000000                . = ALIGN (0x4)
 *(.isr_vector)
 .isr_vector    0x08000000      0x1c4 CMakeFiles/F446RE_template.elf.dir/startup/startup_stm32f446xx.s.obj
                0x08000000                g_pfnVectors
                0x080001c4                . = ALIGN (0x4)

.text           0x08000200     0x7754
                0x08000200                . = ALIGN (0x4)
 *(.text)
 .text          0x08000200       0x40 c:/progra~1/stmicr~1/gnu-to~1/bin/../lib/gcc/arm-none-eabi/9.3.1/thumb/v7e-m/nofp/crtbegin.o
 .text          0x08000240       0xdc c:/progra~1/stmicr~1/gnu-to~1/bin/../lib/gcc/arm-none-eabi/9.3.1/../../../../arm-none-eabi/lib/thumb/v7e-m/nofp\libg.a(lib_a-strlen.o)
                0x08000240                strlen
 *fill*         0x0800031c        0x4 
 .text          0x08000320       0xa0 c:/progra~1/stmicr~1/gnu-to~1/bin/../lib/gcc/arm-none-eabi/9.3.1/../../../../arm-none-eabi/lib/thumb/v7e-m/nofp\libg.a(lib_a-memchr.o)
                0x08000320                memchr
 .text          0x080003c0      0x134 c:/progra~1/stmicr~1/gnu-to~1/bin/../lib/gcc/arm-none-eabi/9.3.1/../../../../arm-none-eabi/lib/thumb/v7e-m/nofp\libg.a(lib_a-memcpy.o)
                0x080003c0                memcpy
 .text          0x080004f4      0x378 c:/progra~1/stmicr~1/gnu-to~1/bin/../lib/gcc/arm-none-eabi/9.3.1/thumb/v7e-m/nofp\libgcc.a(_arm_addsubdf3.o)
                0x080004f4                __aeabi_drsub
                0x080004fc                __aeabi_dsub
                0x080004fc                __subdf3
                0x08000500                __aeabi_dadd
                0x08000500                __adddf3
                0x08000778                __floatunsidf
                0x08000778                __aeabi_ui2d
                0x08000798                __floatsidf
                0x08000798                __aeabi_i2d
                0x080007bc                __aeabi_f2d
                0x080007bc                __extendsfdf2
                0x08000800                __floatundidf
                0x08000800                __aeabi_ul2d
                0x08000810                __floatdidf
                0x08000810                __aeabi_l2d
 .text          0x0800086c      0x424 c:/progra~1/stmicr~1/gnu-to~1/bin/../lib/gcc/arm-none-eabi/9.3.1/thumb/v7e-m/nofp\libgcc.a(_arm_muldivdf3.o)
                0x0800086c                __aeabi_dmul
                0x0800086c                __muldf3
                0x08000ac0                __divdf3
                0x08000ac0                __aeabi_ddiv
 .text          0x08000c90      0x110 c:/progra~1/stmicr~1/gnu-to~1/bin/../lib/gcc/arm-none-eabi/9.3.1/thumb/v7e-m/nofp\libgcc.a(_arm_cmpdf2.o)
                0x08000c90                __gtdf2
                0x08000c90                __gedf2
                0x08000c98                __ltdf2
                0x08000c98                __ledf2
                0x08000ca0                __nedf2
                0x08000ca0                __eqdf2
                0x08000ca0                __cmpdf2
                0x08000d1c                __aeabi_cdrcmple
                0x08000d2c                __aeabi_cdcmpeq
                0x08000d2c                __aeabi_cdcmple
                0x08000d3c                __aeabi_dcmpeq
                0x08000d50                __aeabi_dcmplt
                0x08000d64                __aeabi_dcmple
                0x08000d78                __aeabi_dcmpge
                0x08000d8c                __aeabi_dcmpgt
 .text          0x08000da0       0x2c c:/progra~1/stmicr~1/gnu-to~1/bin/../lib/gcc/arm-none-eabi/9.3.1/thumb/v7e-m/nofp\libgcc.a(_arm_unorddf2.o)
                0x08000da0                __unorddf2
                0x08000da0                __aeabi_dcmpun
 .text          0x08000dcc       0x50 c:/progra~1/stmicr~1/gnu-to~1/bin/../lib/gcc/arm-none-eabi/9.3.1/thumb/v7e-m/nofp\libgcc.a(_arm_fixdfsi.o)
                0x08000dcc                __aeabi_d2iz
                0x08000dcc                __fixdfsi
 .text          0x08000e1c       0x30 c:/progra~1/stmicr~1/gnu-to~1/bin/../lib/gcc/arm-none-eabi/9.3.1/thumb/v7e-m/nofp\libgcc.a(_aeabi_uldivmod.o)
                0x08000e1c                __aeabi_uldivmod
 .text          0x08000e4c      0x2c0 c:/progra~1/stmicr~1/gnu-to~1/bin/../lib/gcc/arm-none-eabi/9.3.1/thumb/v7e-m/nofp\libgcc.a(_udivmoddi4.o)
                0x08000e4c                __udivmoddi4
 .text          0x0800110c        0x4 c:/progra~1/stmicr~1/gnu-to~1/bin/../lib/gcc/arm-none-eabi/9.3.1/thumb/v7e-m/nofp\libgcc.a(_dvmd_tls.o)
                0x0800110c                __aeabi_idiv0
                0x0800110c                __aeabi_ldiv0
 *(.text*)
 .text.GPIO_Init
                0x08001110       0x8c CMakeFiles/F446RE_template.elf.dir/STM32F4xx_StdPeriph_Driver/src/stm32f4xx_gpio.c.obj
                0x08001110                GPIO_Init
 .text.GPIO_SetBits
                0x0800119c        0x4 CMakeFiles/F446RE_template.elf.dir/STM32F4xx_StdPeriph_Driver/src/stm32f4xx_gpio.c.obj
                0x0800119c                GPIO_SetBits
 .text.GPIO_ResetBits
                0x080011a0        0x4 CMakeFiles/F446RE_template.elf.dir/STM32F4xx_StdPeriph_Driver/src/stm32f4xx_gpio.c.obj
                0x080011a0                GPIO_ResetBits
 .text.GPIO_PinAFConfig
                0x080011a4       0x30 CMakeFiles/F446RE_template.elf.dir/STM32F4xx_StdPeriph_Driver/src/stm32f4xx_gpio.c.obj
                0x080011a4                GPIO_PinAFConfig
 .text.RCC_GetClocksFreq
                0x080011d4      0x10c CMakeFiles/F446RE_template.elf.dir/STM32F4xx_StdPeriph_Driver/src/stm32f4xx_rcc.c.obj
                0x080011d4                RCC_GetClocksFreq
 .text.RCC_AHB1PeriphClockCmd
                0x080012e0       0x1c CMakeFiles/F446RE_template.elf.dir/STM32F4xx_StdPeriph_Driver/src/stm32f4xx_rcc.c.obj
                0x080012e0                RCC_AHB1PeriphClockCmd
 .text.RCC_APB1PeriphClockCmd
                0x080012fc       0x1c CMakeFiles/F446RE_template.elf.dir/STM32F4xx_StdPeriph_Driver/src/stm32f4xx_rcc.c.obj
                0x080012fc                RCC_APB1PeriphClockCmd
 .text.USART_Init
                0x08001318       0xd0 CMakeFiles/F446RE_template.elf.dir/STM32F4xx_StdPeriph_Driver/src/stm32f4xx_usart.c.obj
                0x08001318                USART_Init
 .text.USART_Cmd
                0x080013e8       0x1c CMakeFiles/F446RE_template.elf.dir/STM32F4xx_StdPeriph_Driver/src/stm32f4xx_usart.c.obj
                0x080013e8                USART_Cmd
 .text.USART_SendData
                0x08001404        0x8 CMakeFiles/F446RE_template.elf.dir/STM32F4xx_StdPeriph_Driver/src/stm32f4xx_usart.c.obj
                0x08001404                USART_SendData
 .text.USART_ReceiveData
                0x0800140c        0x8 CMakeFiles/F446RE_template.elf.dir/STM32F4xx_StdPeriph_Driver/src/stm32f4xx_usart.c.obj
                0x0800140c                USART_ReceiveData
 .text.USART_GetFlagStatus
                0x08001414        0xe CMakeFiles/F446RE_template.elf.dir/STM32F4xx_StdPeriph_Driver/src/stm32f4xx_usart.c.obj
                0x08001414                USART_GetFlagStatus
 *fill*         0x08001422        0x2 
 .text.LED_GPIO_Config
                0x08001424       0x38 CMakeFiles/F446RE_template.elf.dir/User/led/bsp_led.c.obj
                0x08001424                LED_GPIO_Config
 *fill*         0x0800145c        0x4 
 .text.main     0x08001460       0x74 CMakeFiles/F446RE_template.elf.dir/User/main.c.obj
                0x08001460                main
 .text.NMI_Handler
                0x080014d4        0x2 CMakeFiles/F446RE_template.elf.dir/User/stm32f4xx_it.c.obj
                0x080014d4                NMI_Handler
 .text.HardFault_Handler
                0x080014d6        0x2 CMakeFiles/F446RE_template.elf.dir/User/stm32f4xx_it.c.obj
                0x080014d6                HardFault_Handler
 .text.MemManage_Handler
                0x080014d8        0x2 CMakeFiles/F446RE_template.elf.dir/User/stm32f4xx_it.c.obj
                0x080014d8                MemManage_Handler
 .text.BusFault_Handler
                0x080014da        0x2 CMakeFiles/F446RE_template.elf.dir/User/stm32f4xx_it.c.obj
                0x080014da                BusFault_Handler
 .text.UsageFault_Handler
                0x080014dc        0x2 CMakeFiles/F446RE_template.elf.dir/User/stm32f4xx_it.c.obj
                0x080014dc                UsageFault_Handler
 .text.SVC_Handler
                0x080014de        0x2 CMakeFiles/F446RE_template.elf.dir/User/stm32f4xx_it.c.obj
                0x080014de                SVC_Handler
 .text.DebugMon_Handler
                0x080014e0        0x2 CMakeFiles/F446RE_template.elf.dir/User/stm32f4xx_it.c.obj
                0x080014e0                DebugMon_Handler
 .text.PendSV_Handler
                0x080014e2        0x2 CMakeFiles/F446RE_template.elf.dir/User/stm32f4xx_it.c.obj
                0x080014e2                PendSV_Handler
 .text.SysTick_Handler
                0x080014e4       0x14 CMakeFiles/F446RE_template.elf.dir/User/stm32f4xx_it.c.obj
                0x080014e4                SysTick_Handler
 .text._getpid  0x080014f8        0x4 CMakeFiles/F446RE_template.elf.dir/User/syscalls.c.obj
                0x080014f8                _getpid
 .text._kill    0x080014fc       0x10 CMakeFiles/F446RE_template.elf.dir/User/syscalls.c.obj
                0x080014fc                _kill
 .text._exit    0x0800150c        0xc CMakeFiles/F446RE_template.elf.dir/User/syscalls.c.obj
                0x0800150c                _exit
 .text._read    0x08001518       0x20 CMakeFiles/F446RE_template.elf.dir/User/syscalls.c.obj
                0x08001518                _read
 .text._write   0x08001538       0x1c CMakeFiles/F446RE_template.elf.dir/User/syscalls.c.obj
                0x08001538                _write
 .text._sbrk    0x08001554       0x3c CMakeFiles/F446RE_template.elf.dir/User/syscalls.c.obj
                0x08001554                _sbrk
 .text._close   0x08001590        0x6 CMakeFiles/F446RE_template.elf.dir/User/syscalls.c.obj
                0x08001590                _close
 .text._fstat   0x08001596        0xa CMakeFiles/F446RE_template.elf.dir/User/syscalls.c.obj
                0x08001596                _fstat
 .text._isatty  0x080015a0        0x4 CMakeFiles/F446RE_template.elf.dir/User/syscalls.c.obj
                0x080015a0                _isatty
 .text._lseek   0x080015a4        0x4 CMakeFiles/F446RE_template.elf.dir/User/syscalls.c.obj
                0x080015a4                _lseek
 .text.SetSysClock
                0x080015a8       0xec CMakeFiles/F446RE_template.elf.dir/User/system_stm32f4xx.c.obj
 .text.SystemInit
                0x08001694       0x44 CMakeFiles/F446RE_template.elf.dir/User/system_stm32f4xx.c.obj
                0x08001694                SystemInit
 .text.SysTick_Init
                0x080016d8       0x3c CMakeFiles/F446RE_template.elf.dir/User/systick/bsp_systick.c.obj
                0x080016d8                SysTick_Init
 .text.Delay_ms
                0x08001714       0x1c CMakeFiles/F446RE_template.elf.dir/User/systick/bsp_systick.c.obj
                0x08001714                Delay_ms
 .text.Debug_USART_Config
                0x08001730       0xac CMakeFiles/F446RE_template.elf.dir/User/usart/bsp_debug_usart.c.obj
                0x08001730                Debug_USART_Config
 .text.__io_putchar
                0x080017dc       0x20 CMakeFiles/F446RE_template.elf.dir/User/usart/bsp_debug_usart.c.obj
                0x080017dc                __io_putchar
 .text.__io_getchar
                0x080017fc       0x1c CMakeFiles/F446RE_template.elf.dir/User/usart/bsp_debug_usart.c.obj
                0x080017fc                __io_getchar
 .text.Reset_Handler
                0x08001818       0x50 CMakeFiles/F446RE_template.elf.dir/startup/startup_stm32f446xx.s.obj
                0x08001818                Reset_Handler
 .text.Default_Handler
                0x08001868        0x2 CMakeFiles/F446RE_template.elf.dir/startup/startup_stm32f446xx.s.obj
                0x08001868                RTC_Alarm_IRQHandler
                0x08001868                EXTI2_IRQHandler
                0x08001868                TIM8_CC_IRQHandler
                0x08001868                FMPI2C1_EV_IRQHandler
                0x08001868                SPI4_IRQHandler
                0x08001868                TIM1_CC_IRQHandler
                0x08001868                DMA2_Stream5_IRQHandler
                0x08001868                DMA1_Stream5_IRQHandler
                0x08001868                PVD_IRQHandler
                0x08001868                SDIO_IRQHandler
                0x08001868                TAMP_STAMP_IRQHandler
                0x08001868                CAN2_RX1_IRQHandler
                0x08001868                EXTI3_IRQHandler
                0x08001868                TIM8_TRG_COM_TIM14_IRQHandler
                0x08001868                TIM1_UP_TIM10_IRQHandler
                0x08001868                TIM8_UP_TIM13_IRQHandler
                0x08001868                I2C3_ER_IRQHandler
                0x08001868                EXTI0_IRQHandler
                0x08001868                I2C2_EV_IRQHandler
                0x08001868                DMA1_Stream2_IRQHandler
                0x08001868                CAN1_RX0_IRQHandler
                0x08001868                FPU_IRQHandler
                0x08001868                OTG_HS_WKUP_IRQHandler
                0x08001868                CAN2_SCE_IRQHandler
                0x08001868                DMA2_Stream2_IRQHandler
                0x08001868                SPI1_IRQHandler
                0x08001868                TIM6_DAC_IRQHandler
                0x08001868                TIM1_BRK_TIM9_IRQHandler
                0x08001868                DCMI_IRQHandler
                0x08001868                CAN2_RX0_IRQHandler
                0x08001868                DMA2_Stream3_IRQHandler
                0x08001868                SAI2_IRQHandler
                0x08001868                USART6_IRQHandler
                0x08001868                USART3_IRQHandler
                0x08001868                CAN1_RX1_IRQHandler
                0x08001868                UART5_IRQHandler
                0x08001868                DMA2_Stream0_IRQHandler
                0x08001868                TIM4_IRQHandler
                0x08001868                QUADSPI_IRQHandler
                0x08001868                I2C1_EV_IRQHandler
                0x08001868                DMA1_Stream6_IRQHandler
                0x08001868                DMA1_Stream1_IRQHandler
                0x08001868                UART4_IRQHandler
                0x08001868                TIM3_IRQHandler
                0x08001868                RCC_IRQHandler
                0x08001868                TIM8_BRK_TIM12_IRQHandler
                0x08001868                Default_Handler
                0x08001868                CEC_IRQHandler
                0x08001868                EXTI15_10_IRQHandler
                0x08001868                ADC_IRQHandler
                0x08001868                DMA1_Stream7_IRQHandler
                0x08001868                TIM7_IRQHandler
                0x08001868                CAN2_TX_IRQHandler
                0x08001868                TIM5_IRQHandler
                0x08001868                DMA2_Stream7_IRQHandler
                0x08001868                I2C3_EV_IRQHandler
                0x08001868                EXTI9_5_IRQHandler
                0x08001868                RTC_WKUP_IRQHandler
                0x08001868                SPDIF_RX_IRQHandler
                0x08001868                SPI2_IRQHandler
                0x08001868                OTG_HS_EP1_IN_IRQHandler
                0x08001868                DMA1_Stream0_IRQHandler
                0x08001868                CAN1_TX_IRQHandler
                0x08001868                FMPI2C1_ER_IRQHandler
                0x08001868                EXTI4_IRQHandler
                0x08001868                OTG_HS_EP1_OUT_IRQHandler
                0x08001868                WWDG_IRQHandler
                0x08001868                TIM2_IRQHandler
                0x08001868                OTG_FS_WKUP_IRQHandler
                0x08001868                TIM1_TRG_COM_TIM11_IRQHandler
                0x08001868                OTG_HS_IRQHandler
                0x08001868                EXTI1_IRQHandler
                0x08001868                USART2_IRQHandler
                0x08001868                I2C2_ER_IRQHandler
                0x08001868                DMA2_Stream1_IRQHandler
                0x08001868                CAN1_SCE_IRQHandler
                0x08001868                FLASH_IRQHandler
                0x08001868                DMA2_Stream4_IRQHandler
                0x08001868                USART1_IRQHandler
                0x08001868                OTG_FS_IRQHandler
                0x08001868                SPI3_IRQHandler
                0x08001868                DMA1_Stream4_IRQHandler
                0x08001868                I2C1_ER_IRQHandler
                0x08001868                FMC_IRQHandler
                0x08001868                DMA2_Stream6_IRQHandler
                0x08001868                SAI1_IRQHandler
                0x08001868                DMA1_Stream3_IRQHandler
 *fill*         0x0800186a        0x2 
 .text.__errno  0x0800186c        0xc c:/progra~1/stmicr~1/gnu-to~1/bin/../lib/gcc/arm-none-eabi/9.3.1/../../../../arm-none-eabi/lib/thumb/v7e-m/nofp\libg.a(lib_a-errno.o)
                0x0800186c                __errno
 .text.__libc_init_array
                0x08001878       0x48 c:/progra~1/stmicr~1/gnu-to~1/bin/../lib/gcc/arm-none-eabi/9.3.1/../../../../arm-none-eabi/lib/thumb/v7e-m/nofp\libg.a(lib_a-init.o)
                0x08001878                __libc_init_array
 .text.memset   0x080018c0       0xa0 c:/progra~1/stmicr~1/gnu-to~1/bin/../lib/gcc/arm-none-eabi/9.3.1/../../../../arm-none-eabi/lib/thumb/v7e-m/nofp\libg.a(lib_a-memset.o)
                0x080018c0                memset
 .text.printf   0x08001960       0x28 c:/progra~1/stmicr~1/gnu-to~1/bin/../lib/gcc/arm-none-eabi/9.3.1/../../../../arm-none-eabi/lib/thumb/v7e-m/nofp\libg.a(lib_a-printf.o)
                0x08001960                printf
 .text._puts_r  0x08001988       0x9c c:/progra~1/stmicr~1/gnu-to~1/bin/../lib/gcc/arm-none-eabi/9.3.1/../../../../arm-none-eabi/lib/thumb/v7e-m/nofp\libg.a(lib_a-puts.o)
                0x08001988                _puts_r
 .text.puts     0x08001a24       0x10 c:/progra~1/stmicr~1/gnu-to~1/bin/../lib/gcc/arm-none-eabi/9.3.1/../../../../arm-none-eabi/lib/thumb/v7e-m/nofp\libg.a(lib_a-puts.o)
                0x08001a24                puts
 .text.setvbuf  0x08001a34      0x1a0 c:/progra~1/stmicr~1/gnu-to~1/bin/../lib/gcc/arm-none-eabi/9.3.1/../../../../arm-none-eabi/lib/thumb/v7e-m/nofp\libg.a(lib_a-setvbuf.o)
                0x08001a34                setvbuf
 .text._vfprintf_r
                0x08001bd4     0x1b84 c:/progra~1/stmicr~1/gnu-to~1/bin/../lib/gcc/arm-none-eabi/9.3.1/../../../../arm-none-eabi/lib/thumb/v7e-m/nofp\libg.a(lib_a-vfprintf.o)
                0x08001bd4                _vfprintf_r
 .text.__sbprintf
                0x08003758       0x84 c:/progra~1/stmicr~1/gnu-to~1/bin/../lib/gcc/arm-none-eabi/9.3.1/../../../../arm-none-eabi/lib/thumb/v7e-m/nofp\libg.a(lib_a-vfprintf.o)
 .text.__swsetup_r
                0x080037dc       0xd0 c:/progra~1/stmicr~1/gnu-to~1/bin/../lib/gcc/arm-none-eabi/9.3.1/../../../../arm-none-eabi/lib/thumb/v7e-m/nofp\libg.a(lib_a-wsetup.o)
                0x080037dc                __swsetup_r
 .text.startup.register_fini
                0x080038ac       0x14 c:/progra~1/stmicr~1/gnu-to~1/bin/../lib/gcc/arm-none-eabi/9.3.1/../../../../arm-none-eabi/lib/thumb/v7e-m/nofp\libg.a(lib_a-__call_atexit.o)
 .text.atexit   0x080038c0        0xc c:/progra~1/stmicr~1/gnu-to~1/bin/../lib/gcc/arm-none-eabi/9.3.1/../../../../arm-none-eabi/lib/thumb/v7e-m/nofp\libg.a(lib_a-atexit.o)
                0x080038c0                atexit
 .text.quorem   0x080038cc      0x11c c:/progra~1/stmicr~1/gnu-to~1/bin/../lib/gcc/arm-none-eabi/9.3.1/../../../../arm-none-eabi/lib/thumb/v7e-m/nofp\libg.a(lib_a-dtoa.o)
 .text._dtoa_r  0x080039e8      0xed4 c:/progra~1/stmicr~1/gnu-to~1/bin/../lib/gcc/arm-none-eabi/9.3.1/../../../../arm-none-eabi/lib/thumb/v7e-m/nofp\libg.a(lib_a-dtoa.o)
                0x080039e8                _dtoa_r
 .text.__sflush_r
                0x080048bc      0x130 c:/progra~1/stmicr~1/gnu-to~1/bin/../lib/gcc/arm-none-eabi/9.3.1/../../../../arm-none-eabi/lib/thumb/v7e-m/nofp\libg.a(lib_a-fflush.o)
                0x080048bc                __sflush_r
 .text._fflush_r
                0x080049ec       0x5c c:/progra~1/stmicr~1/gnu-to~1/bin/../lib/gcc/arm-none-eabi/9.3.1/../../../../arm-none-eabi/lib/thumb/v7e-m/nofp\libg.a(lib_a-fflush.o)
                0x080049ec                _fflush_r
 .text.std      0x08004a48       0x50 c:/progra~1/stmicr~1/gnu-to~1/bin/../lib/gcc/arm-none-eabi/9.3.1/../../../../arm-none-eabi/lib/thumb/v7e-m/nofp\libg.a(lib_a-findfp.o)
 .text._cleanup_r
                0x08004a98        0xc c:/progra~1/stmicr~1/gnu-to~1/bin/../lib/gcc/arm-none-eabi/9.3.1/../../../../arm-none-eabi/lib/thumb/v7e-m/nofp\libg.a(lib_a-findfp.o)
                0x08004a98                _cleanup_r
 .text.__sinit  0x08004aa4       0x54 c:/progra~1/stmicr~1/gnu-to~1/bin/../lib/gcc/arm-none-eabi/9.3.1/../../../../arm-none-eabi/lib/thumb/v7e-m/nofp\libg.a(lib_a-findfp.o)
                0x08004aa4                __sinit
 .text.__sfp_lock_acquire
                0x08004af8        0xc c:/progra~1/stmicr~1/gnu-to~1/bin/../lib/gcc/arm-none-eabi/9.3.1/../../../../arm-none-eabi/lib/thumb/v7e-m/nofp\libg.a(lib_a-findfp.o)
                0x08004af8                __sfp_lock_acquire
 .text.__sfp_lock_release
                0x08004b04        0xc c:/progra~1/stmicr~1/gnu-to~1/bin/../lib/gcc/arm-none-eabi/9.3.1/../../../../arm-none-eabi/lib/thumb/v7e-m/nofp\libg.a(lib_a-findfp.o)
                0x08004b04                __sfp_lock_release
 .text.__libc_fini_array
                0x08004b10       0x2c c:/progra~1/stmicr~1/gnu-to~1/bin/../lib/gcc/arm-none-eabi/9.3.1/../../../../arm-none-eabi/lib/thumb/v7e-m/nofp\libg.a(lib_a-fini.o)
                0x08004b10                __libc_fini_array
 .text._malloc_trim_r
                0x08004b3c       0xa0 c:/progra~1/stmicr~1/gnu-to~1/bin/../lib/gcc/arm-none-eabi/9.3.1/../../../../arm-none-eabi/lib/thumb/v7e-m/nofp\libg.a(lib_a-freer.o)
                0x08004b3c                _malloc_trim_r
 .text._free_r  0x08004bdc      0x208 c:/progra~1/stmicr~1/gnu-to~1/bin/../lib/gcc/arm-none-eabi/9.3.1/../../../../arm-none-eabi/lib/thumb/v7e-m/nofp\libg.a(lib_a-freer.o)
                0x08004bdc                _free_r
 .text.__sfvwrite_r
                0x08004de4      0x2e0 c:/progra~1/stmicr~1/gnu-to~1/bin/../lib/gcc/arm-none-eabi/9.3.1/../../../../arm-none-eabi/lib/thumb/v7e-m/nofp\libg.a(lib_a-fvwrite.o)
                0x08004de4                __sfvwrite_r
 .text._fwalk_reent
                0x080050c4       0x48 c:/progra~1/stmicr~1/gnu-to~1/bin/../lib/gcc/arm-none-eabi/9.3.1/../../../../arm-none-eabi/lib/thumb/v7e-m/nofp\libg.a(lib_a-fwalk.o)
                0x080050c4                _fwalk_reent
 .text._localeconv_r
                0x0800510c        0x8 c:/progra~1/stmicr~1/gnu-to~1/bin/../lib/gcc/arm-none-eabi/9.3.1/../../../../arm-none-eabi/lib/thumb/v7e-m/nofp\libg.a(lib_a-localeconv.o)
                0x0800510c                _localeconv_r
 .text.__retarget_lock_init_recursive
                0x08005114        0x4 c:/progra~1/stmicr~1/gnu-to~1/bin/../lib/gcc/arm-none-eabi/9.3.1/../../../../arm-none-eabi/lib/thumb/v7e-m/nofp\libg.a(lib_a-lock.o)
                0x08005114                __retarget_lock_init_recursive
 .text.__retarget_lock_close_recursive
                0x08005118        0x4 c:/progra~1/stmicr~1/gnu-to~1/bin/../lib/gcc/arm-none-eabi/9.3.1/../../../../arm-none-eabi/lib/thumb/v7e-m/nofp\libg.a(lib_a-lock.o)
                0x08005118                __retarget_lock_close_recursive
 .text.__retarget_lock_acquire_recursive
                0x0800511c        0x4 c:/progra~1/stmicr~1/gnu-to~1/bin/../lib/gcc/arm-none-eabi/9.3.1/../../../../arm-none-eabi/lib/thumb/v7e-m/nofp\libg.a(lib_a-lock.o)
                0x0800511c                __retarget_lock_acquire_recursive
 .text.__retarget_lock_release_recursive
                0x08005120        0x4 c:/progra~1/stmicr~1/gnu-to~1/bin/../lib/gcc/arm-none-eabi/9.3.1/../../../../arm-none-eabi/lib/thumb/v7e-m/nofp\libg.a(lib_a-lock.o)
                0x08005120                __retarget_lock_release_recursive
 .text.__swhatbuf_r
                0x08005124       0x5c c:/progra~1/stmicr~1/gnu-to~1/bin/../lib/gcc/arm-none-eabi/9.3.1/../../../../arm-none-eabi/lib/thumb/v7e-m/nofp\libg.a(lib_a-makebuf.o)
                0x08005124                __swhatbuf_r
 .text.__smakebuf_r
                0x08005180       0x98 c:/progra~1/stmicr~1/gnu-to~1/bin/../lib/gcc/arm-none-eabi/9.3.1/../../../../arm-none-eabi/lib/thumb/v7e-m/nofp\libg.a(lib_a-makebuf.o)
                0x08005180                __smakebuf_r
 .text.malloc   0x08005218       0x10 c:/progra~1/stmicr~1/gnu-to~1/bin/../lib/gcc/arm-none-eabi/9.3.1/../../../../arm-none-eabi/lib/thumb/v7e-m/nofp\libg.a(lib_a-malloc.o)
                0x08005218                malloc
 .text._malloc_r
                0x08005228      0x574 c:/progra~1/stmicr~1/gnu-to~1/bin/../lib/gcc/arm-none-eabi/9.3.1/../../../../arm-none-eabi/lib/thumb/v7e-m/nofp\libg.a(lib_a-mallocr.o)
                0x08005228                _malloc_r
 .text.memmove  0x0800579c       0xd8 c:/progra~1/stmicr~1/gnu-to~1/bin/../lib/gcc/arm-none-eabi/9.3.1/../../../../arm-none-eabi/lib/thumb/v7e-m/nofp\libg.a(lib_a-memmove.o)
                0x0800579c                memmove
 .text.__malloc_lock
                0x08005874        0xc c:/progra~1/stmicr~1/gnu-to~1/bin/../lib/gcc/arm-none-eabi/9.3.1/../../../../arm-none-eabi/lib/thumb/v7e-m/nofp\libg.a(lib_a-mlock.o)
                0x08005874                __malloc_lock
 .text.__malloc_unlock
                0x08005880        0xc c:/progra~1/stmicr~1/gnu-to~1/bin/../lib/gcc/arm-none-eabi/9.3.1/../../../../arm-none-eabi/lib/thumb/v7e-m/nofp\libg.a(lib_a-mlock.o)
                0x08005880                __malloc_unlock
 .text._Balloc  0x0800588c       0x4c c:/progra~1/stmicr~1/gnu-to~1/bin/../lib/gcc/arm-none-eabi/9.3.1/../../../../arm-none-eabi/lib/thumb/v7e-m/nofp\libg.a(lib_a-mprec.o)
                0x0800588c                _Balloc
 .text._Bfree   0x080058d8       0x14 c:/progra~1/stmicr~1/gnu-to~1/bin/../lib/gcc/arm-none-eabi/9.3.1/../../../../arm-none-eabi/lib/thumb/v7e-m/nofp\libg.a(lib_a-mprec.o)
                0x080058d8                _Bfree
 .text.__multadd
                0x080058ec       0xa0 c:/progra~1/stmicr~1/gnu-to~1/bin/../lib/gcc/arm-none-eabi/9.3.1/../../../../arm-none-eabi/lib/thumb/v7e-m/nofp\libg.a(lib_a-mprec.o)
                0x080058ec                __multadd
 .text.__hi0bits
                0x0800598c       0x40 c:/progra~1/stmicr~1/gnu-to~1/bin/../lib/gcc/arm-none-eabi/9.3.1/../../../../arm-none-eabi/lib/thumb/v7e-m/nofp\libg.a(lib_a-mprec.o)
                0x0800598c                __hi0bits
 .text.__lo0bits
                0x080059cc       0x60 c:/progra~1/stmicr~1/gnu-to~1/bin/../lib/gcc/arm-none-eabi/9.3.1/../../../../arm-none-eabi/lib/thumb/v7e-m/nofp\libg.a(lib_a-mprec.o)
                0x080059cc                __lo0bits
 .text.__i2b    0x08005a2c       0x2c c:/progra~1/stmicr~1/gnu-to~1/bin/../lib/gcc/arm-none-eabi/9.3.1/../../../../arm-none-eabi/lib/thumb/v7e-m/nofp\libg.a(lib_a-mprec.o)
                0x08005a2c                __i2b
 .text.__multiply
                0x08005a58      0x160 c:/progra~1/stmicr~1/gnu-to~1/bin/../lib/gcc/arm-none-eabi/9.3.1/../../../../arm-none-eabi/lib/thumb/v7e-m/nofp\libg.a(lib_a-mprec.o)
                0x08005a58                __multiply
 .text.__pow5mult
                0x08005bb8       0x98 c:/progra~1/stmicr~1/gnu-to~1/bin/../lib/gcc/arm-none-eabi/9.3.1/../../../../arm-none-eabi/lib/thumb/v7e-m/nofp\libg.a(lib_a-mprec.o)
                0x08005bb8                __pow5mult
 .text.__lshift
                0x08005c50       0xe8 c:/progra~1/stmicr~1/gnu-to~1/bin/../lib/gcc/arm-none-eabi/9.3.1/../../../../arm-none-eabi/lib/thumb/v7e-m/nofp\libg.a(lib_a-mprec.o)
                0x08005c50                __lshift
 .text.__mcmp   0x08005d38       0x3c c:/progra~1/stmicr~1/gnu-to~1/bin/../lib/gcc/arm-none-eabi/9.3.1/../../../../arm-none-eabi/lib/thumb/v7e-m/nofp\libg.a(lib_a-mprec.o)
                0x08005d38                __mcmp
 .text.__mdiff  0x08005d74      0x148 c:/progra~1/stmicr~1/gnu-to~1/bin/../lib/gcc/arm-none-eabi/9.3.1/../../../../arm-none-eabi/lib/thumb/v7e-m/nofp\libg.a(lib_a-mprec.o)
                0x08005d74                __mdiff
 .text.__d2b    0x08005ebc       0xc4 c:/progra~1/stmicr~1/gnu-to~1/bin/../lib/gcc/arm-none-eabi/9.3.1/../../../../arm-none-eabi/lib/thumb/v7e-m/nofp\libg.a(lib_a-mprec.o)
                0x08005ebc                __d2b
 .text._realloc_r
                0x08005f80      0x3e0 c:/progra~1/stmicr~1/gnu-to~1/bin/../lib/gcc/arm-none-eabi/9.3.1/../../../../arm-none-eabi/lib/thumb/v7e-m/nofp\libg.a(lib_a-reallocr.o)
                0x08005f80                _realloc_r
 .text.frexp    0x08006360       0x70 c:/progra~1/stmicr~1/gnu-to~1/bin/../lib/gcc/arm-none-eabi/9.3.1/../../../../arm-none-eabi/lib/thumb/v7e-m/nofp\libg.a(lib_a-s_frexp.o)
                0x08006360                frexp
 .text._sbrk_r  0x080063d0       0x24 c:/progra~1/stmicr~1/gnu-to~1/bin/../lib/gcc/arm-none-eabi/9.3.1/../../../../arm-none-eabi/lib/thumb/v7e-m/nofp\libg.a(lib_a-sbrkr.o)
                0x080063d0                _sbrk_r
 .text.__sread  0x080063f4       0x24 c:/progra~1/stmicr~1/gnu-to~1/bin/../lib/gcc/arm-none-eabi/9.3.1/../../../../arm-none-eabi/lib/thumb/v7e-m/nofp\libg.a(lib_a-stdio.o)
                0x080063f4                __sread
 .text.__swrite
                0x08006418       0x40 c:/progra~1/stmicr~1/gnu-to~1/bin/../lib/gcc/arm-none-eabi/9.3.1/../../../../arm-none-eabi/lib/thumb/v7e-m/nofp\libg.a(lib_a-stdio.o)
                0x08006418                __swrite
 .text.__sseek  0x08006458       0x20 c:/progra~1/stmicr~1/gnu-to~1/bin/../lib/gcc/arm-none-eabi/9.3.1/../../../../arm-none-eabi/lib/thumb/v7e-m/nofp\libg.a(lib_a-stdio.o)
                0x08006458                __sseek
 .text.__sclose
                0x08006478        0x8 c:/progra~1/stmicr~1/gnu-to~1/bin/../lib/gcc/arm-none-eabi/9.3.1/../../../../arm-none-eabi/lib/thumb/v7e-m/nofp\libg.a(lib_a-stdio.o)
                0x08006478                __sclose
 .text.strncpy  0x08006480       0x68 c:/progra~1/stmicr~1/gnu-to~1/bin/../lib/gcc/arm-none-eabi/9.3.1/../../../../arm-none-eabi/lib/thumb/v7e-m/nofp\libg.a(lib_a-strncpy.o)
                0x08006480                strncpy
 .text.__sprint_r.part.0
                0x080064e8       0x78 c:/progra~1/stmicr~1/gnu-to~1/bin/../lib/gcc/arm-none-eabi/9.3.1/../../../../arm-none-eabi/lib/thumb/v7e-m/nofp\libg.a(lib_a-vfiprintf.o)
 .text.__sprint_r
                0x08006560       0x14 c:/progra~1/stmicr~1/gnu-to~1/bin/../lib/gcc/arm-none-eabi/9.3.1/../../../../arm-none-eabi/lib/thumb/v7e-m/nofp\libg.a(lib_a-vfiprintf.o)
                0x08006560                __sprint_r
 .text._vfiprintf_r
                0x08006574      0xd38 c:/progra~1/stmicr~1/gnu-to~1/bin/../lib/gcc/arm-none-eabi/9.3.1/../../../../arm-none-eabi/lib/thumb/v7e-m/nofp\libg.a(lib_a-vfiprintf.o)
                0x08006574                _vfiprintf_r
 .text.__sbprintf
                0x080072ac       0x84 c:/progra~1/stmicr~1/gnu-to~1/bin/../lib/gcc/arm-none-eabi/9.3.1/../../../../arm-none-eabi/lib/thumb/v7e-m/nofp\libg.a(lib_a-vfiprintf.o)
 .text._write_r
                0x08007330       0x2c c:/progra~1/stmicr~1/gnu-to~1/bin/../lib/gcc/arm-none-eabi/9.3.1/../../../../arm-none-eabi/lib/thumb/v7e-m/nofp\libg.a(lib_a-writer.o)
                0x08007330                _write_r
 .text.__register_exitproc
                0x0800735c       0x8c c:/progra~1/stmicr~1/gnu-to~1/bin/../lib/gcc/arm-none-eabi/9.3.1/../../../../arm-none-eabi/lib/thumb/v7e-m/nofp\libg.a(lib_a-__atexit.o)
                0x0800735c                __register_exitproc
 .text.__assert_func
                0x080073e8       0x3c c:/progra~1/stmicr~1/gnu-to~1/bin/../lib/gcc/arm-none-eabi/9.3.1/../../../../arm-none-eabi/lib/thumb/v7e-m/nofp\libg.a(lib_a-assert.o)
                0x080073e8                __assert_func
 .text._calloc_r
                0x08007424       0x60 c:/progra~1/stmicr~1/gnu-to~1/bin/../lib/gcc/arm-none-eabi/9.3.1/../../../../arm-none-eabi/lib/thumb/v7e-m/nofp\libg.a(lib_a-callocr.o)
                0x08007424                _calloc_r
 .text._close_r
                0x08007484       0x24 c:/progra~1/stmicr~1/gnu-to~1/bin/../lib/gcc/arm-none-eabi/9.3.1/../../../../arm-none-eabi/lib/thumb/v7e-m/nofp\libg.a(lib_a-closer.o)
                0x08007484                _close_r
 .text._fclose_r
                0x080074a8       0xcc c:/progra~1/stmicr~1/gnu-to~1/bin/../lib/gcc/arm-none-eabi/9.3.1/../../../../arm-none-eabi/lib/thumb/v7e-m/nofp\libg.a(lib_a-fclose.o)
                0x080074a8                _fclose_r
 .text.fiprintf
                0x08007574       0x28 c:/progra~1/stmicr~1/gnu-to~1/bin/../lib/gcc/arm-none-eabi/9.3.1/../../../../arm-none-eabi/lib/thumb/v7e-m/nofp\libg.a(lib_a-fiprintf.o)
                0x08007574                fiprintf
 .text.__fputwc
                0x0800759c       0xa8 c:/progra~1/stmicr~1/gnu-to~1/bin/../lib/gcc/arm-none-eabi/9.3.1/../../../../arm-none-eabi/lib/thumb/v7e-m/nofp\libg.a(lib_a-fputwc.o)
                0x0800759c                __fputwc
 .text._fputwc_r
                0x08007644       0x68 c:/progra~1/stmicr~1/gnu-to~1/bin/../lib/gcc/arm-none-eabi/9.3.1/../../../../arm-none-eabi/lib/thumb/v7e-m/nofp\libg.a(lib_a-fputwc.o)
                0x08007644                _fputwc_r
 .text._fstat_r
                0x080076ac       0x2c c:/progra~1/stmicr~1/gnu-to~1/bin/../lib/gcc/arm-none-eabi/9.3.1/../../../../arm-none-eabi/lib/thumb/v7e-m/nofp\libg.a(lib_a-fstatr.o)
                0x080076ac                _fstat_r
 .text._isatty_r
                0x080076d8       0x24 c:/progra~1/stmicr~1/gnu-to~1/bin/../lib/gcc/arm-none-eabi/9.3.1/../../../../arm-none-eabi/lib/thumb/v7e-m/nofp\libg.a(lib_a-isattyr.o)
                0x080076d8                _isatty_r
 .text.__locale_mb_cur_max
                0x080076fc        0xc c:/progra~1/stmicr~1/gnu-to~1/bin/../lib/gcc/arm-none-eabi/9.3.1/../../../../arm-none-eabi/lib/thumb/v7e-m/nofp\libg.a(lib_a-locale.o)
                0x080076fc                __locale_mb_cur_max
 .text._lseek_r
                0x08007708       0x2c c:/progra~1/stmicr~1/gnu-to~1/bin/../lib/gcc/arm-none-eabi/9.3.1/../../../../arm-none-eabi/lib/thumb/v7e-m/nofp\libg.a(lib_a-lseekr.o)
                0x08007708                _lseek_r
 .text.__ascii_mbtowc
                0x08007734       0x2c c:/progra~1/stmicr~1/gnu-to~1/bin/../lib/gcc/arm-none-eabi/9.3.1/../../../../arm-none-eabi/lib/thumb/v7e-m/nofp\libg.a(lib_a-mbtowc_r.o)
                0x08007734                __ascii_mbtowc
 .text._read_r  0x08007760       0x2c c:/progra~1/stmicr~1/gnu-to~1/bin/../lib/gcc/arm-none-eabi/9.3.1/../../../../arm-none-eabi/lib/thumb/v7e-m/nofp\libg.a(lib_a-readr.o)
                0x08007760                _read_r
 .text.__swbuf_r
                0x0800778c       0xb0 c:/progra~1/stmicr~1/gnu-to~1/bin/../lib/gcc/arm-none-eabi/9.3.1/../../../../arm-none-eabi/lib/thumb/v7e-m/nofp\libg.a(lib_a-wbuf.o)
                0x0800778c                __swbuf_r
 .text._wcrtomb_r
                0x0800783c       0x3c c:/progra~1/stmicr~1/gnu-to~1/bin/../lib/gcc/arm-none-eabi/9.3.1/../../../../arm-none-eabi/lib/thumb/v7e-m/nofp\libg.a(lib_a-wcrtomb.o)
                0x0800783c                _wcrtomb_r
 .text.__ascii_wctomb
                0x08007878       0x1c c:/progra~1/stmicr~1/gnu-to~1/bin/../lib/gcc/arm-none-eabi/9.3.1/../../../../arm-none-eabi/lib/thumb/v7e-m/nofp\libg.a(lib_a-wctomb_r.o)
                0x08007878                __ascii_wctomb
 .text.abort    0x08007894       0x10 c:/progra~1/stmicr~1/gnu-to~1/bin/../lib/gcc/arm-none-eabi/9.3.1/../../../../arm-none-eabi/lib/thumb/v7e-m/nofp\libg.a(lib_a-abort.o)
                0x08007894                abort
 .text._raise_r
                0x080078a4       0x58 c:/progra~1/stmicr~1/gnu-to~1/bin/../lib/gcc/arm-none-eabi/9.3.1/../../../../arm-none-eabi/lib/thumb/v7e-m/nofp\libg.a(lib_a-signal.o)
                0x080078a4                _raise_r
 .text.raise    0x080078fc       0x10 c:/progra~1/stmicr~1/gnu-to~1/bin/../lib/gcc/arm-none-eabi/9.3.1/../../../../arm-none-eabi/lib/thumb/v7e-m/nofp\libg.a(lib_a-signal.o)
                0x080078fc                raise
 .text._kill_r  0x0800790c       0x2c c:/progra~1/stmicr~1/gnu-to~1/bin/../lib/gcc/arm-none-eabi/9.3.1/../../../../arm-none-eabi/lib/thumb/v7e-m/nofp\libg.a(lib_a-signalr.o)
                0x0800790c                _kill_r
 .text._getpid_r
                0x08007938        0x4 c:/progra~1/stmicr~1/gnu-to~1/bin/../lib/gcc/arm-none-eabi/9.3.1/../../../../arm-none-eabi/lib/thumb/v7e-m/nofp\libg.a(lib_a-signalr.o)
                0x08007938                _getpid_r
 *(.glue_7)
 .glue_7        0x0800793c        0x0 linker stubs
 *(.glue_7t)
 .glue_7t       0x0800793c        0x0 linker stubs
 *(.eh_frame)
 .eh_frame      0x0800793c        0x0 c:/progra~1/stmicr~1/gnu-to~1/bin/../lib/gcc/arm-none-eabi/9.3.1/thumb/v7e-m/nofp/crtbegin.o
 *(.init)
 .init          0x0800793c        0x4 c:/progra~1/stmicr~1/gnu-to~1/bin/../lib/gcc/arm-none-eabi/9.3.1/thumb/v7e-m/nofp/crti.o
                0x0800793c                _init
 .init          0x08007940        0x8 c:/progra~1/stmicr~1/gnu-to~1/bin/../lib/gcc/arm-none-eabi/9.3.1/thumb/v7e-m/nofp/crtn.o
 *(.fini)
 .fini          0x08007948        0x4 c:/progra~1/stmicr~1/gnu-to~1/bin/../lib/gcc/arm-none-eabi/9.3.1/thumb/v7e-m/nofp/crti.o
                0x08007948                _fini
 .fini          0x0800794c        0x8 c:/progra~1/stmicr~1/gnu-to~1/bin/../lib/gcc/arm-none-eabi/9.3.1/thumb/v7e-m/nofp/crtn.o
                0x08007954                . = ALIGN (0x4)
                0x08007954                _etext = .

.vfp11_veneer   0x08007954        0x0
 .vfp11_veneer  0x08007954        0x0 linker stubs

.v4_bx          0x08007954        0x0
 .v4_bx         0x08007954        0x0 linker stubs

.iplt           0x08007954        0x0
 .iplt          0x08007954        0x0 c:/progra~1/stmicr~1/gnu-to~1/bin/../lib/gcc/arm-none-eabi/9.3.1/thumb/v7e-m/nofp/crtbegin.o

.rodata         0x08007958      0x438
                0x08007958                . = ALIGN (0x4)
 *(.rodata)
 *(.rodata*)
 .rodata.main.str1.4
                0x08007958       0x3b CMakeFiles/F446RE_template.elf.dir/User/main.c.obj
 *fill*         0x08007993        0x1 
 .rodata._global_impure_ptr
                0x08007994        0x4 c:/progra~1/stmicr~1/gnu-to~1/bin/../lib/gcc/arm-none-eabi/9.3.1/../../../../arm-none-eabi/lib/thumb/v7e-m/nofp\libg.a(lib_a-impure.o)
                0x08007994                _global_impure_ptr
 .rodata._puts_r.str1.4
                0x08007998        0x2 c:/progra~1/stmicr~1/gnu-to~1/bin/../lib/gcc/arm-none-eabi/9.3.1/../../../../arm-none-eabi/lib/thumb/v7e-m/nofp\libg.a(lib_a-puts.o)
 *fill*         0x0800799a        0x2 
 .rodata._vfprintf_r.str1.4
                0x0800799c       0x42 c:/progra~1/stmicr~1/gnu-to~1/bin/../lib/gcc/arm-none-eabi/9.3.1/../../../../arm-none-eabi/lib/thumb/v7e-m/nofp\libg.a(lib_a-vfprintf.o)
 *fill*         0x080079de        0x2 
 .rodata.blanks.7350
                0x080079e0       0x10 c:/progra~1/stmicr~1/gnu-to~1/bin/../lib/gcc/arm-none-eabi/9.3.1/../../../../arm-none-eabi/lib/thumb/v7e-m/nofp\libg.a(lib_a-vfprintf.o)
 .rodata.zeroes.7351
                0x080079f0       0x10 c:/progra~1/stmicr~1/gnu-to~1/bin/../lib/gcc/arm-none-eabi/9.3.1/../../../../arm-none-eabi/lib/thumb/v7e-m/nofp\libg.a(lib_a-vfprintf.o)
 .rodata._dtoa_r.str1.4
                0x08007a00       0xa0 c:/progra~1/stmicr~1/gnu-to~1/bin/../lib/gcc/arm-none-eabi/9.3.1/../../../../arm-none-eabi/lib/thumb/v7e-m/nofp\libg.a(lib_a-dtoa.o)
                                 0xa4 (size before relaxing)
 .rodata.__multadd.str1.4
                0x08007aa0       0x7d c:/progra~1/stmicr~1/gnu-to~1/bin/../lib/gcc/arm-none-eabi/9.3.1/../../../../arm-none-eabi/lib/thumb/v7e-m/nofp\libg.a(lib_a-mprec.o)
                                 0x91 (size before relaxing)
 *fill*         0x08007b1d        0x3 
 .rodata.__mprec_bigtens
                0x08007b20       0x28 c:/progra~1/stmicr~1/gnu-to~1/bin/../lib/gcc/arm-none-eabi/9.3.1/../../../../arm-none-eabi/lib/thumb/v7e-m/nofp\libg.a(lib_a-mprec.o)
                0x08007b20                __mprec_bigtens
 .rodata.__mprec_tens
                0x08007b48       0xc8 c:/progra~1/stmicr~1/gnu-to~1/bin/../lib/gcc/arm-none-eabi/9.3.1/../../../../arm-none-eabi/lib/thumb/v7e-m/nofp\libg.a(lib_a-mprec.o)
                0x08007b48                __mprec_tens
 .rodata.p05.6122
                0x08007c10        0xc c:/progra~1/stmicr~1/gnu-to~1/bin/../lib/gcc/arm-none-eabi/9.3.1/../../../../arm-none-eabi/lib/thumb/v7e-m/nofp\libg.a(lib_a-mprec.o)
 .rodata._vfiprintf_r.str1.4
                0x08007c1c       0x2f c:/progra~1/stmicr~1/gnu-to~1/bin/../lib/gcc/arm-none-eabi/9.3.1/../../../../arm-none-eabi/lib/thumb/v7e-m/nofp\libg.a(lib_a-vfiprintf.o)
 .rodata.blanks.7328
                0x08007c1c       0x10 c:/progra~1/stmicr~1/gnu-to~1/bin/../lib/gcc/arm-none-eabi/9.3.1/../../../../arm-none-eabi/lib/thumb/v7e-m/nofp\libg.a(lib_a-vfiprintf.o)
 .rodata.zeroes.7329
                0x08007c2c       0x10 c:/progra~1/stmicr~1/gnu-to~1/bin/../lib/gcc/arm-none-eabi/9.3.1/../../../../arm-none-eabi/lib/thumb/v7e-m/nofp\libg.a(lib_a-vfiprintf.o)
 .rodata.__assert_func.str1.4
                0x08007c3c       0x3f c:/progra~1/stmicr~1/gnu-to~1/bin/../lib/gcc/arm-none-eabi/9.3.1/../../../../arm-none-eabi/lib/thumb/v7e-m/nofp\libg.a(lib_a-assert.o)
                                 0x43 (size before relaxing)
 *fill*         0x08007c7b        0x1 
 .rodata._setlocale_r.str1.4
                0x08007c7c        0xa c:/progra~1/stmicr~1/gnu-to~1/bin/../lib/gcc/arm-none-eabi/9.3.1/../../../../arm-none-eabi/lib/thumb/v7e-m/nofp\libg.a(lib_a-locale.o)
                                  0xd (size before relaxing)
 *fill*         0x08007c86        0x2 
 .rodata.str1.4
                0x08007c88        0x2 c:/progra~1/stmicr~1/gnu-to~1/bin/../lib/gcc/arm-none-eabi/9.3.1/../../../../arm-none-eabi/lib/thumb/v7e-m/nofp\libg.a(lib_a-locale.o)
 *fill*         0x08007c8a        0x2 
 .rodata._ctype_
                0x08007c8c      0x101 c:/progra~1/stmicr~1/gnu-to~1/bin/../lib/gcc/arm-none-eabi/9.3.1/../../../../arm-none-eabi/lib/thumb/v7e-m/nofp\libg.a(lib_a-ctype_.o)
                0x08007c8c                _ctype_
                0x08007d90                . = ALIGN (0x4)
 *fill*         0x08007d8d        0x3 

.ARM.extab
 *(.ARM.extab* .gnu.linkonce.armextab.*)

.ARM            0x08007d90        0x8
                0x08007d90                __exidx_start = .
 *(.ARM.exidx*)
 .ARM.exidx     0x08007d90        0x8 c:/progra~1/stmicr~1/gnu-to~1/bin/../lib/gcc/arm-none-eabi/9.3.1/thumb/v7e-m/nofp\libgcc.a(_udivmoddi4.o)
                0x08007d98                __exidx_end = .

.rel.dyn        0x08007d98        0x0
 .rel.iplt      0x08007d98        0x0 c:/progra~1/stmicr~1/gnu-to~1/bin/../lib/gcc/arm-none-eabi/9.3.1/thumb/v7e-m/nofp/crtbegin.o

.preinit_array  0x08007d98        0x0
                0x08007d98                PROVIDE (__preinit_array_start = .)
 *(.preinit_array*)
                0x08007d98                PROVIDE (__preinit_array_end = .)

.init_array     0x08007d98        0x8
                0x08007d98                PROVIDE (__init_array_start = .)
 *(SORT_BY_NAME(.init_array.*))
 .init_array.00000
                0x08007d98        0x4 c:/progra~1/stmicr~1/gnu-to~1/bin/../lib/gcc/arm-none-eabi/9.3.1/../../../../arm-none-eabi/lib/thumb/v7e-m/nofp\libg.a(lib_a-__call_atexit.o)
 *(.init_array*)
 .init_array    0x08007d9c        0x4 c:/progra~1/stmicr~1/gnu-to~1/bin/../lib/gcc/arm-none-eabi/9.3.1/thumb/v7e-m/nofp/crtbegin.o
                0x08007da0                PROVIDE (__init_array_end = .)

.fini_array     0x08007da0        0x4
                0x08007da0                PROVIDE (__fini_array_start = .)
 *(SORT_BY_NAME(.fini_array.*))
 *(.fini_array*)
 .fini_array    0x08007da0        0x4 c:/progra~1/stmicr~1/gnu-to~1/bin/../lib/gcc/arm-none-eabi/9.3.1/thumb/v7e-m/nofp/crtbegin.o
                0x08007da4                PROVIDE (__fini_array_end = .)
                0x08007da4                _sidata = LOADADDR (.data)

.data           0x20000000      0x9c0 load address 0x08007da4
                0x20000000                . = ALIGN (0x4)
                0x20000000                _sdata = .
 *(.data)
 *(.data*)
 .data.APBAHBPrescTable
                0x20000000       0x10 CMakeFiles/F446RE_template.elf.dir/STM32F4xx_StdPeriph_Driver/src/stm32f4xx_rcc.c.obj
 .data.SystemCoreClock
                0x20000010        0x4 CMakeFiles/F446RE_template.elf.dir/User/system_stm32f4xx.c.obj
                0x20000010                SystemCoreClock
 .data._impure_ptr
                0x20000014        0x4 c:/progra~1/stmicr~1/gnu-to~1/bin/../lib/gcc/arm-none-eabi/9.3.1/../../../../arm-none-eabi/lib/thumb/v7e-m/nofp\libg.a(lib_a-impure.o)
                0x20000014                _impure_ptr
 .data.impure_data
                0x20000018      0x428 c:/progra~1/stmicr~1/gnu-to~1/bin/../lib/gcc/arm-none-eabi/9.3.1/../../../../arm-none-eabi/lib/thumb/v7e-m/nofp\libg.a(lib_a-impure.o)
 .data.__atexit_recursive_mutex
                0x20000440        0x4 c:/progra~1/stmicr~1/gnu-to~1/bin/../lib/gcc/arm-none-eabi/9.3.1/../../../../arm-none-eabi/lib/thumb/v7e-m/nofp\libg.a(lib_a-__call_atexit.o)
                0x20000440                __atexit_recursive_mutex
 .data.__malloc_av_
                0x20000444      0x408 c:/progra~1/stmicr~1/gnu-to~1/bin/../lib/gcc/arm-none-eabi/9.3.1/../../../../arm-none-eabi/lib/thumb/v7e-m/nofp\libg.a(lib_a-mallocr.o)
                0x20000444                __malloc_av_
 .data.__malloc_sbrk_base
                0x2000084c        0x4 c:/progra~1/stmicr~1/gnu-to~1/bin/../lib/gcc/arm-none-eabi/9.3.1/../../../../arm-none-eabi/lib/thumb/v7e-m/nofp\libg.a(lib_a-mallocr.o)
                0x2000084c                __malloc_sbrk_base
 .data.__malloc_trim_threshold
                0x20000850        0x4 c:/progra~1/stmicr~1/gnu-to~1/bin/../lib/gcc/arm-none-eabi/9.3.1/../../../../arm-none-eabi/lib/thumb/v7e-m/nofp\libg.a(lib_a-mallocr.o)
                0x20000850                __malloc_trim_threshold
 .data.__global_locale
                0x20000854      0x16c c:/progra~1/stmicr~1/gnu-to~1/bin/../lib/gcc/arm-none-eabi/9.3.1/../../../../arm-none-eabi/lib/thumb/v7e-m/nofp\libg.a(lib_a-locale.o)
                0x20000854                __global_locale
                0x200009c0                . = ALIGN (0x4)
                0x200009c0                _edata = .

.igot.plt       0x200009c0        0x0 load address 0x08008764
 .igot.plt      0x200009c0        0x0 c:/progra~1/stmicr~1/gnu-to~1/bin/../lib/gcc/arm-none-eabi/9.3.1/thumb/v7e-m/nofp/crtbegin.o
                0x200009c0                . = ALIGN (0x4)

.bss            0x200009c0       0x80 load address 0x08008764
                0x200009c0                _sbss = .
                0x200009c0                __bss_start__ = _sbss
 *(.bss)
 .bss           0x200009c0       0x1c c:/progra~1/stmicr~1/gnu-to~1/bin/../lib/gcc/arm-none-eabi/9.3.1/thumb/v7e-m/nofp/crtbegin.o
 *(.bss*)
 .bss.heap_end.6022
                0x200009dc        0x4 CMakeFiles/F446RE_template.elf.dir/User/syscalls.c.obj
 .bss.TimingDelay
                0x200009e0        0x4 CMakeFiles/F446RE_template.elf.dir/User/systick/bsp_systick.c.obj
                0x200009e0                TimingDelay
 .bss.__malloc_current_mallinfo
                0x200009e4       0x28 c:/progra~1/stmicr~1/gnu-to~1/bin/../lib/gcc/arm-none-eabi/9.3.1/../../../../arm-none-eabi/lib/thumb/v7e-m/nofp\libg.a(lib_a-mallocr.o)
                0x200009e4                __malloc_current_mallinfo
 .bss.__malloc_max_sbrked_mem
                0x20000a0c        0x4 c:/progra~1/stmicr~1/gnu-to~1/bin/../lib/gcc/arm-none-eabi/9.3.1/../../../../arm-none-eabi/lib/thumb/v7e-m/nofp\libg.a(lib_a-mallocr.o)
                0x20000a0c                __malloc_max_sbrked_mem
 .bss.__malloc_max_total_mem
                0x20000a10        0x4 c:/progra~1/stmicr~1/gnu-to~1/bin/../lib/gcc/arm-none-eabi/9.3.1/../../../../arm-none-eabi/lib/thumb/v7e-m/nofp\libg.a(lib_a-mallocr.o)
                0x20000a10                __malloc_max_total_mem
 .bss.__malloc_top_pad
                0x20000a14        0x4 c:/progra~1/stmicr~1/gnu-to~1/bin/../lib/gcc/arm-none-eabi/9.3.1/../../../../arm-none-eabi/lib/thumb/v7e-m/nofp\libg.a(lib_a-mallocr.o)
                0x20000a14                __malloc_top_pad
 *(COMMON)
 COMMON         0x20000a18       0x21 c:/progra~1/stmicr~1/gnu-to~1/bin/../lib/gcc/arm-none-eabi/9.3.1/../../../../arm-none-eabi/lib/thumb/v7e-m/nofp\libg.a(lib_a-lock.o)
                0x20000a18                __lock___atexit_recursive_mutex
                0x20000a1c                __lock___arc4random_mutex
                0x20000a20                __lock___env_recursive_mutex
                0x20000a24                __lock___sinit_recursive_mutex
                0x20000a28                __lock___malloc_recursive_mutex
                0x20000a2c                __lock___at_quick_exit_mutex
                0x20000a30                __lock___dd_hash_mutex
                0x20000a34                __lock___tz_mutex
                0x20000a38                __lock___sfp_recursive_mutex
 *fill*         0x20000a39        0x3 
 COMMON         0x20000a3c        0x4 c:/progra~1/stmicr~1/gnu-to~1/bin/../lib/gcc/arm-none-eabi/9.3.1/../../../../arm-none-eabi/lib/thumb/v7e-m/nofp\libg.a(lib_a-reent.o)
                0x20000a3c                errno
                0x20000a40                . = ALIGN (0x4)
                0x20000a40                _ebss = .
                0x20000a40                __bss_end__ = _ebss

._user_heap_stack
                0x20000a40      0x600 load address 0x08008764
                0x20000a40                . = ALIGN (0x8)
                0x20000a40                PROVIDE (end = .)
                [!provide]                PROVIDE (_end = .)
                0x20000c40                . = (. + _Min_Heap_Size)
 *fill*         0x20000a40      0x200 
                0x20001040                . = (. + _Min_Stack_Size)
 *fill*         0x20000c40      0x400 
                0x20001040                . = ALIGN (0x8)

/DISCARD/
 libc.a(*)
 libm.a(*)
 libgcc.a(*)

.ARM.attributes
                0x00000000       0x2a
 *(.ARM.attributes)
 .ARM.attributes
                0x00000000       0x1e c:/progra~1/stmicr~1/gnu-to~1/bin/../lib/gcc/arm-none-eabi/9.3.1/thumb/v7e-m/nofp/crti.o
 .ARM.attributes
                0x0000001e       0x2e c:/progra~1/stmicr~1/gnu-to~1/bin/../lib/gcc/arm-none-eabi/9.3.1/thumb/v7e-m/nofp/crtbegin.o
 .ARM.attributes
                0x0000004c       0x2e CMakeFiles/F446RE_template.elf.dir/STM32F4xx_StdPeriph_Driver/src/stm32f4xx_gpio.c.obj
 .ARM.attributes
                0x0000007a       0x2e CMakeFiles/F446RE_template.elf.dir/STM32F4xx_StdPeriph_Driver/src/stm32f4xx_rcc.c.obj
 .ARM.attributes
                0x000000a8       0x2e CMakeFiles/F446RE_template.elf.dir/STM32F4xx_StdPeriph_Driver/src/stm32f4xx_usart.c.obj
 .ARM.attributes
                0x000000d6       0x2e CMakeFiles/F446RE_template.elf.dir/User/led/bsp_led.c.obj
 .ARM.attributes
                0x00000104       0x2e CMakeFiles/F446RE_template.elf.dir/User/main.c.obj
 .ARM.attributes
                0x00000132       0x2e CMakeFiles/F446RE_template.elf.dir/User/stm32f4xx_it.c.obj
 .ARM.attributes
                0x00000160       0x2e CMakeFiles/F446RE_template.elf.dir/User/syscalls.c.obj
 .ARM.attributes
                0x0000018e       0x2e CMakeFiles/F446RE_template.elf.dir/User/system_stm32f4xx.c.obj
 .ARM.attributes
                0x000001bc       0x2e CMakeFiles/F446RE_template.elf.dir/User/systick/bsp_systick.c.obj
 .ARM.attributes
                0x000001ea       0x2e CMakeFiles/F446RE_template.elf.dir/User/usart/bsp_debug_usart.c.obj
 .ARM.attributes
                0x00000218       0x21 CMakeFiles/F446RE_template.elf.dir/startup/startup_stm32f446xx.s.obj
 .ARM.attributes
                0x00000239       0x2e c:/progra~1/stmicr~1/gnu-to~1/bin/../lib/gcc/arm-none-eabi/9.3.1/../../../../arm-none-eabi/lib/thumb/v7e-m/nofp\libg.a(lib_a-errno.o)
 .ARM.attributes
                0x00000267       0x2e c:/progra~1/stmicr~1/gnu-to~1/bin/../lib/gcc/arm-none-eabi/9.3.1/../../../../arm-none-eabi/lib/thumb/v7e-m/nofp\libg.a(lib_a-impure.o)
 .ARM.attributes
                0x00000295       0x2e c:/progra~1/stmicr~1/gnu-to~1/bin/../lib/gcc/arm-none-eabi/9.3.1/../../../../arm-none-eabi/lib/thumb/v7e-m/nofp\libg.a(lib_a-init.o)
 .ARM.attributes
                0x000002c3       0x2e c:/progra~1/stmicr~1/gnu-to~1/bin/../lib/gcc/arm-none-eabi/9.3.1/../../../../arm-none-eabi/lib/thumb/v7e-m/nofp\libg.a(lib_a-memset.o)
 .ARM.attributes
                0x000002f1       0x2e c:/progra~1/stmicr~1/gnu-to~1/bin/../lib/gcc/arm-none-eabi/9.3.1/../../../../arm-none-eabi/lib/thumb/v7e-m/nofp\libg.a(lib_a-printf.o)
 .ARM.attributes
                0x0000031f       0x2e c:/progra~1/stmicr~1/gnu-to~1/bin/../lib/gcc/arm-none-eabi/9.3.1/../../../../arm-none-eabi/lib/thumb/v7e-m/nofp\libg.a(lib_a-puts.o)
 .ARM.attributes
                0x0000034d       0x2e c:/progra~1/stmicr~1/gnu-to~1/bin/../lib/gcc/arm-none-eabi/9.3.1/../../../../arm-none-eabi/lib/thumb/v7e-m/nofp\libg.a(lib_a-setvbuf.o)
 .ARM.attributes
                0x0000037b       0x1c c:/progra~1/stmicr~1/gnu-to~1/bin/../lib/gcc/arm-none-eabi/9.3.1/../../../../arm-none-eabi/lib/thumb/v7e-m/nofp\libg.a(lib_a-strlen.o)
 .ARM.attributes
                0x00000397       0x2e c:/progra~1/stmicr~1/gnu-to~1/bin/../lib/gcc/arm-none-eabi/9.3.1/../../../../arm-none-eabi/lib/thumb/v7e-m/nofp\libg.a(lib_a-vfprintf.o)
 .ARM.attributes
                0x000003c5       0x2e c:/progra~1/stmicr~1/gnu-to~1/bin/../lib/gcc/arm-none-eabi/9.3.1/../../../../arm-none-eabi/lib/thumb/v7e-m/nofp\libg.a(lib_a-wsetup.o)
 .ARM.attributes
                0x000003f3       0x2e c:/progra~1/stmicr~1/gnu-to~1/bin/../lib/gcc/arm-none-eabi/9.3.1/../../../../arm-none-eabi/lib/thumb/v7e-m/nofp\libg.a(lib_a-__call_atexit.o)
 .ARM.attributes
                0x00000421       0x2e c:/progra~1/stmicr~1/gnu-to~1/bin/../lib/gcc/arm-none-eabi/9.3.1/../../../../arm-none-eabi/lib/thumb/v7e-m/nofp\libg.a(lib_a-atexit.o)
 .ARM.attributes
                0x0000044f       0x2e c:/progra~1/stmicr~1/gnu-to~1/bin/../lib/gcc/arm-none-eabi/9.3.1/../../../../arm-none-eabi/lib/thumb/v7e-m/nofp\libg.a(lib_a-dtoa.o)
 .ARM.attributes
                0x0000047d       0x2e c:/progra~1/stmicr~1/gnu-to~1/bin/../lib/gcc/arm-none-eabi/9.3.1/../../../../arm-none-eabi/lib/thumb/v7e-m/nofp\libg.a(lib_a-fflush.o)
 .ARM.attributes
                0x000004ab       0x2e c:/progra~1/stmicr~1/gnu-to~1/bin/../lib/gcc/arm-none-eabi/9.3.1/../../../../arm-none-eabi/lib/thumb/v7e-m/nofp\libg.a(lib_a-findfp.o)
 .ARM.attributes
                0x000004d9       0x2e c:/progra~1/stmicr~1/gnu-to~1/bin/../lib/gcc/arm-none-eabi/9.3.1/../../../../arm-none-eabi/lib/thumb/v7e-m/nofp\libg.a(lib_a-fini.o)
 .ARM.attributes
                0x00000507       0x2e c:/progra~1/stmicr~1/gnu-to~1/bin/../lib/gcc/arm-none-eabi/9.3.1/../../../../arm-none-eabi/lib/thumb/v7e-m/nofp\libg.a(lib_a-freer.o)
 .ARM.attributes
                0x00000535       0x2e c:/progra~1/stmicr~1/gnu-to~1/bin/../lib/gcc/arm-none-eabi/9.3.1/../../../../arm-none-eabi/lib/thumb/v7e-m/nofp\libg.a(lib_a-fvwrite.o)
 .ARM.attributes
                0x00000563       0x2e c:/progra~1/stmicr~1/gnu-to~1/bin/../lib/gcc/arm-none-eabi/9.3.1/../../../../arm-none-eabi/lib/thumb/v7e-m/nofp\libg.a(lib_a-fwalk.o)
 .ARM.attributes
                0x00000591       0x2e c:/progra~1/stmicr~1/gnu-to~1/bin/../lib/gcc/arm-none-eabi/9.3.1/../../../../arm-none-eabi/lib/thumb/v7e-m/nofp\libg.a(lib_a-localeconv.o)
 .ARM.attributes
                0x000005bf       0x2e c:/progra~1/stmicr~1/gnu-to~1/bin/../lib/gcc/arm-none-eabi/9.3.1/../../../../arm-none-eabi/lib/thumb/v7e-m/nofp\libg.a(lib_a-lock.o)
 .ARM.attributes
                0x000005ed       0x2e c:/progra~1/stmicr~1/gnu-to~1/bin/../lib/gcc/arm-none-eabi/9.3.1/../../../../arm-none-eabi/lib/thumb/v7e-m/nofp\libg.a(lib_a-makebuf.o)
 .ARM.attributes
                0x0000061b       0x2e c:/progra~1/stmicr~1/gnu-to~1/bin/../lib/gcc/arm-none-eabi/9.3.1/../../../../arm-none-eabi/lib/thumb/v7e-m/nofp\libg.a(lib_a-malloc.o)
 .ARM.attributes
                0x00000649       0x2e c:/progra~1/stmicr~1/gnu-to~1/bin/../lib/gcc/arm-none-eabi/9.3.1/../../../../arm-none-eabi/lib/thumb/v7e-m/nofp\libg.a(lib_a-mallocr.o)
 .ARM.attributes
                0x00000677       0x1c c:/progra~1/stmicr~1/gnu-to~1/bin/../lib/gcc/arm-none-eabi/9.3.1/../../../../arm-none-eabi/lib/thumb/v7e-m/nofp\libg.a(lib_a-memchr.o)
 .ARM.attributes
                0x00000693       0x1c c:/progra~1/stmicr~1/gnu-to~1/bin/../lib/gcc/arm-none-eabi/9.3.1/../../../../arm-none-eabi/lib/thumb/v7e-m/nofp\libg.a(lib_a-memcpy.o)
 .ARM.attributes
                0x000006af       0x2e c:/progra~1/stmicr~1/gnu-to~1/bin/../lib/gcc/arm-none-eabi/9.3.1/../../../../arm-none-eabi/lib/thumb/v7e-m/nofp\libg.a(lib_a-memmove.o)
 .ARM.attributes
                0x000006dd       0x2e c:/progra~1/stmicr~1/gnu-to~1/bin/../lib/gcc/arm-none-eabi/9.3.1/../../../../arm-none-eabi/lib/thumb/v7e-m/nofp\libg.a(lib_a-mlock.o)
 .ARM.attributes
                0x0000070b       0x2e c:/progra~1/stmicr~1/gnu-to~1/bin/../lib/gcc/arm-none-eabi/9.3.1/../../../../arm-none-eabi/lib/thumb/v7e-m/nofp\libg.a(lib_a-mprec.o)
 .ARM.attributes
                0x00000739       0x2e c:/progra~1/stmicr~1/gnu-to~1/bin/../lib/gcc/arm-none-eabi/9.3.1/../../../../arm-none-eabi/lib/thumb/v7e-m/nofp\libg.a(lib_a-reallocr.o)
 .ARM.attributes
                0x00000767       0x2e c:/progra~1/stmicr~1/gnu-to~1/bin/../lib/gcc/arm-none-eabi/9.3.1/../../../../arm-none-eabi/lib/thumb/v7e-m/nofp\libg.a(lib_a-s_frexp.o)
 .ARM.attributes
                0x00000795       0x2e c:/progra~1/stmicr~1/gnu-to~1/bin/../lib/gcc/arm-none-eabi/9.3.1/../../../../arm-none-eabi/lib/thumb/v7e-m/nofp\libg.a(lib_a-sbrkr.o)
 .ARM.attributes
                0x000007c3       0x2e c:/progra~1/stmicr~1/gnu-to~1/bin/../lib/gcc/arm-none-eabi/9.3.1/../../../../arm-none-eabi/lib/thumb/v7e-m/nofp\libg.a(lib_a-stdio.o)
 .ARM.attributes
                0x000007f1       0x2e c:/progra~1/stmicr~1/gnu-to~1/bin/../lib/gcc/arm-none-eabi/9.3.1/../../../../arm-none-eabi/lib/thumb/v7e-m/nofp\libg.a(lib_a-strncpy.o)
 .ARM.attributes
                0x0000081f       0x2e c:/progra~1/stmicr~1/gnu-to~1/bin/../lib/gcc/arm-none-eabi/9.3.1/../../../../arm-none-eabi/lib/thumb/v7e-m/nofp\libg.a(lib_a-vfiprintf.o)
 .ARM.attributes
                0x0000084d       0x2e c:/progra~1/stmicr~1/gnu-to~1/bin/../lib/gcc/arm-none-eabi/9.3.1/../../../../arm-none-eabi/lib/thumb/v7e-m/nofp\libg.a(lib_a-writer.o)
 .ARM.attributes
                0x0000087b       0x2e c:/progra~1/stmicr~1/gnu-to~1/bin/../lib/gcc/arm-none-eabi/9.3.1/../../../../arm-none-eabi/lib/thumb/v7e-m/nofp\libg.a(lib_a-__atexit.o)
 .ARM.attributes
                0x000008a9       0x2e c:/progra~1/stmicr~1/gnu-to~1/bin/../lib/gcc/arm-none-eabi/9.3.1/../../../../arm-none-eabi/lib/thumb/v7e-m/nofp\libg.a(lib_a-assert.o)
 .ARM.attributes
                0x000008d7       0x2e c:/progra~1/stmicr~1/gnu-to~1/bin/../lib/gcc/arm-none-eabi/9.3.1/../../../../arm-none-eabi/lib/thumb/v7e-m/nofp\libg.a(lib_a-callocr.o)
 .ARM.attributes
                0x00000905       0x2e c:/progra~1/stmicr~1/gnu-to~1/bin/../lib/gcc/arm-none-eabi/9.3.1/../../../../arm-none-eabi/lib/thumb/v7e-m/nofp\libg.a(lib_a-closer.o)
 .ARM.attributes
                0x00000933       0x2e c:/progra~1/stmicr~1/gnu-to~1/bin/../lib/gcc/arm-none-eabi/9.3.1/../../../../arm-none-eabi/lib/thumb/v7e-m/nofp\libg.a(lib_a-fclose.o)
 .ARM.attributes
                0x00000961       0x2e c:/progra~1/stmicr~1/gnu-to~1/bin/../lib/gcc/arm-none-eabi/9.3.1/../../../../arm-none-eabi/lib/thumb/v7e-m/nofp\libg.a(lib_a-fiprintf.o)
 .ARM.attributes
                0x0000098f       0x2e c:/progra~1/stmicr~1/gnu-to~1/bin/../lib/gcc/arm-none-eabi/9.3.1/../../../../arm-none-eabi/lib/thumb/v7e-m/nofp\libg.a(lib_a-fputwc.o)
 .ARM.attributes
                0x000009bd       0x2e c:/progra~1/stmicr~1/gnu-to~1/bin/../lib/gcc/arm-none-eabi/9.3.1/../../../../arm-none-eabi/lib/thumb/v7e-m/nofp\libg.a(lib_a-fstatr.o)
 .ARM.attributes
                0x000009eb       0x2e c:/progra~1/stmicr~1/gnu-to~1/bin/../lib/gcc/arm-none-eabi/9.3.1/../../../../arm-none-eabi/lib/thumb/v7e-m/nofp\libg.a(lib_a-isattyr.o)
 .ARM.attributes
                0x00000a19       0x2e c:/progra~1/stmicr~1/gnu-to~1/bin/../lib/gcc/arm-none-eabi/9.3.1/../../../../arm-none-eabi/lib/thumb/v7e-m/nofp\libg.a(lib_a-locale.o)
 .ARM.attributes
                0x00000a47       0x2e c:/progra~1/stmicr~1/gnu-to~1/bin/../lib/gcc/arm-none-eabi/9.3.1/../../../../arm-none-eabi/lib/thumb/v7e-m/nofp\libg.a(lib_a-lseekr.o)
 .ARM.attributes
                0x00000a75       0x2e c:/progra~1/stmicr~1/gnu-to~1/bin/../lib/gcc/arm-none-eabi/9.3.1/../../../../arm-none-eabi/lib/thumb/v7e-m/nofp\libg.a(lib_a-mbtowc_r.o)
 .ARM.attributes
                0x00000aa3       0x2e c:/progra~1/stmicr~1/gnu-to~1/bin/../lib/gcc/arm-none-eabi/9.3.1/../../../../arm-none-eabi/lib/thumb/v7e-m/nofp\libg.a(lib_a-readr.o)
 .ARM.attributes
                0x00000ad1       0x2e c:/progra~1/stmicr~1/gnu-to~1/bin/../lib/gcc/arm-none-eabi/9.3.1/../../../../arm-none-eabi/lib/thumb/v7e-m/nofp\libg.a(lib_a-reent.o)
 .ARM.attributes
                0x00000aff       0x2e c:/progra~1/stmicr~1/gnu-to~1/bin/../lib/gcc/arm-none-eabi/9.3.1/../../../../arm-none-eabi/lib/thumb/v7e-m/nofp\libg.a(lib_a-wbuf.o)
 .ARM.attributes
                0x00000b2d       0x2e c:/progra~1/stmicr~1/gnu-to~1/bin/../lib/gcc/arm-none-eabi/9.3.1/../../../../arm-none-eabi/lib/thumb/v7e-m/nofp\libg.a(lib_a-wcrtomb.o)
 .ARM.attributes
                0x00000b5b       0x2e c:/progra~1/stmicr~1/gnu-to~1/bin/../lib/gcc/arm-none-eabi/9.3.1/../../../../arm-none-eabi/lib/thumb/v7e-m/nofp\libg.a(lib_a-wctomb_r.o)
 .ARM.attributes
                0x00000b89       0x2e c:/progra~1/stmicr~1/gnu-to~1/bin/../lib/gcc/arm-none-eabi/9.3.1/../../../../arm-none-eabi/lib/thumb/v7e-m/nofp\libg.a(lib_a-abort.o)
 .ARM.attributes
                0x00000bb7       0x2e c:/progra~1/stmicr~1/gnu-to~1/bin/../lib/gcc/arm-none-eabi/9.3.1/../../../../arm-none-eabi/lib/thumb/v7e-m/nofp\libg.a(lib_a-ctype_.o)
 .ARM.attributes
                0x00000be5       0x2e c:/progra~1/stmicr~1/gnu-to~1/bin/../lib/gcc/arm-none-eabi/9.3.1/../../../../arm-none-eabi/lib/thumb/v7e-m/nofp\libg.a(lib_a-signal.o)
 .ARM.attributes
                0x00000c13       0x2e c:/progra~1/stmicr~1/gnu-to~1/bin/../lib/gcc/arm-none-eabi/9.3.1/../../../../arm-none-eabi/lib/thumb/v7e-m/nofp\libg.a(lib_a-signalr.o)
 .ARM.attributes
                0x00000c41       0x1e c:/progra~1/stmicr~1/gnu-to~1/bin/../lib/gcc/arm-none-eabi/9.3.1/thumb/v7e-m/nofp\libgcc.a(_arm_addsubdf3.o)
 .ARM.attributes
                0x00000c5f       0x1e c:/progra~1/stmicr~1/gnu-to~1/bin/../lib/gcc/arm-none-eabi/9.3.1/thumb/v7e-m/nofp\libgcc.a(_arm_muldivdf3.o)
 .ARM.attributes
                0x00000c7d       0x1e c:/progra~1/stmicr~1/gnu-to~1/bin/../lib/gcc/arm-none-eabi/9.3.1/thumb/v7e-m/nofp\libgcc.a(_arm_cmpdf2.o)
 .ARM.attributes
                0x00000c9b       0x1e c:/progra~1/stmicr~1/gnu-to~1/bin/../lib/gcc/arm-none-eabi/9.3.1/thumb/v7e-m/nofp\libgcc.a(_arm_unorddf2.o)
 .ARM.attributes
                0x00000cb9       0x1e c:/progra~1/stmicr~1/gnu-to~1/bin/../lib/gcc/arm-none-eabi/9.3.1/thumb/v7e-m/nofp\libgcc.a(_arm_fixdfsi.o)
 .ARM.attributes
                0x00000cd7       0x1e c:/progra~1/stmicr~1/gnu-to~1/bin/../lib/gcc/arm-none-eabi/9.3.1/thumb/v7e-m/nofp\libgcc.a(_aeabi_uldivmod.o)
 .ARM.attributes
                0x00000cf5       0x2e c:/progra~1/stmicr~1/gnu-to~1/bin/../lib/gcc/arm-none-eabi/9.3.1/thumb/v7e-m/nofp\libgcc.a(_udivmoddi4.o)
 .ARM.attributes
                0x00000d23       0x1e c:/progra~1/stmicr~1/gnu-to~1/bin/../lib/gcc/arm-none-eabi/9.3.1/thumb/v7e-m/nofp\libgcc.a(_dvmd_tls.o)
 .ARM.attributes
                0x00000d41       0x1e c:/progra~1/stmicr~1/gnu-to~1/bin/../lib/gcc/arm-none-eabi/9.3.1/thumb/v7e-m/nofp/crtn.o
OUTPUT(F446RE_template.elf elf32-littlearm)
LOAD linker stubs
LOAD c:/progra~1/stmicr~1/gnu-to~1/bin/../lib/gcc/arm-none-eabi/9.3.1/../../../../arm-none-eabi/lib/thumb/v7e-m/nofp\libc.a
LOAD c:/progra~1/stmicr~1/gnu-to~1/bin/../lib/gcc/arm-none-eabi/9.3.1/../../../../arm-none-eabi/lib/thumb/v7e-m/nofp\libm.a
LOAD c:/progra~1/stmicr~1/gnu-to~1/bin/../lib/gcc/arm-none-eabi/9.3.1/thumb/v7e-m/nofp\libgcc.a

.debug_info     0x00000000     0x711b
 .debug_info    0x00000000      0x8e7 CMakeFiles/F446RE_template.elf.dir/STM32F4xx_StdPeriph_Driver/src/stm32f4xx_gpio.c.obj
 .debug_info    0x000008e7     0x1199 CMakeFiles/F446RE_template.elf.dir/STM32F4xx_StdPeriph_Driver/src/stm32f4xx_rcc.c.obj
 .debug_info    0x00001a80      0xca8 CMakeFiles/F446RE_template.elf.dir/STM32F4xx_StdPeriph_Driver/src/stm32f4xx_usart.c.obj
 .debug_info    0x00002728      0x333 CMakeFiles/F446RE_template.elf.dir/User/led/bsp_led.c.obj
 .debug_info    0x00002a5b      0xbd0 CMakeFiles/F446RE_template.elf.dir/User/main.c.obj
 .debug_info    0x0000362b      0xa23 CMakeFiles/F446RE_template.elf.dir/User/stm32f4xx_it.c.obj
 .debug_info    0x0000404e     0x112b CMakeFiles/F446RE_template.elf.dir/User/syscalls.c.obj
 .debug_info    0x00005179      0x6a0 CMakeFiles/F446RE_template.elf.dir/User/system_stm32f4xx.c.obj
 .debug_info    0x00005819      0x7f3 CMakeFiles/F446RE_template.elf.dir/User/systick/bsp_systick.c.obj
 .debug_info    0x0000600c     0x10ed CMakeFiles/F446RE_template.elf.dir/User/usart/bsp_debug_usart.c.obj
 .debug_info    0x000070f9       0x22 CMakeFiles/F446RE_template.elf.dir/startup/startup_stm32f446xx.s.obj

.debug_abbrev   0x00000000     0x15d2
 .debug_abbrev  0x00000000      0x234 CMakeFiles/F446RE_template.elf.dir/STM32F4xx_StdPeriph_Driver/src/stm32f4xx_gpio.c.obj
 .debug_abbrev  0x00000234      0x22a CMakeFiles/F446RE_template.elf.dir/STM32F4xx_StdPeriph_Driver/src/stm32f4xx_rcc.c.obj
 .debug_abbrev  0x0000045e      0x1f3 CMakeFiles/F446RE_template.elf.dir/STM32F4xx_StdPeriph_Driver/src/stm32f4xx_usart.c.obj
 .debug_abbrev  0x00000651      0x16b CMakeFiles/F446RE_template.elf.dir/User/led/bsp_led.c.obj
 .debug_abbrev  0x000007bc      0x280 CMakeFiles/F446RE_template.elf.dir/User/main.c.obj
 .debug_abbrev  0x00000a3c      0x1e5 CMakeFiles/F446RE_template.elf.dir/User/stm32f4xx_it.c.obj
 .debug_abbrev  0x00000c21      0x31e CMakeFiles/F446RE_template.elf.dir/User/syscalls.c.obj
 .debug_abbrev  0x00000f3f      0x19a CMakeFiles/F446RE_template.elf.dir/User/system_stm32f4xx.c.obj
 .debug_abbrev  0x000010d9      0x1fd CMakeFiles/F446RE_template.elf.dir/User/systick/bsp_systick.c.obj
 .debug_abbrev  0x000012d6      0x2ea CMakeFiles/F446RE_template.elf.dir/User/usart/bsp_debug_usart.c.obj
 .debug_abbrev  0x000015c0       0x12 CMakeFiles/F446RE_template.elf.dir/startup/startup_stm32f446xx.s.obj

.debug_loc      0x00000000     0x2394
 .debug_loc     0x00000000      0x42a CMakeFiles/F446RE_template.elf.dir/STM32F4xx_StdPeriph_Driver/src/stm32f4xx_gpio.c.obj
 .debug_loc     0x0000042a      0xe04 CMakeFiles/F446RE_template.elf.dir/STM32F4xx_StdPeriph_Driver/src/stm32f4xx_rcc.c.obj
 .debug_loc     0x0000122e      0x85e CMakeFiles/F446RE_template.elf.dir/STM32F4xx_StdPeriph_Driver/src/stm32f4xx_usart.c.obj
 .debug_loc     0x00001a8c      0x436 CMakeFiles/F446RE_template.elf.dir/User/syscalls.c.obj
 .debug_loc     0x00001ec2      0x276 CMakeFiles/F446RE_template.elf.dir/User/system_stm32f4xx.c.obj
 .debug_loc     0x00002138       0xe9 CMakeFiles/F446RE_template.elf.dir/User/systick/bsp_systick.c.obj
 .debug_loc     0x00002221      0x173 CMakeFiles/F446RE_template.elf.dir/User/usart/bsp_debug_usart.c.obj

.debug_aranges  0x00000000      0x590
 .debug_aranges
                0x00000000       0x88 CMakeFiles/F446RE_template.elf.dir/STM32F4xx_StdPeriph_Driver/src/stm32f4xx_gpio.c.obj
 .debug_aranges
                0x00000088      0x1e8 CMakeFiles/F446RE_template.elf.dir/STM32F4xx_StdPeriph_Driver/src/stm32f4xx_rcc.c.obj
 .debug_aranges
                0x00000270      0x100 CMakeFiles/F446RE_template.elf.dir/STM32F4xx_StdPeriph_Driver/src/stm32f4xx_usart.c.obj
 .debug_aranges
                0x00000370       0x20 CMakeFiles/F446RE_template.elf.dir/User/led/bsp_led.c.obj
 .debug_aranges
                0x00000390       0x20 CMakeFiles/F446RE_template.elf.dir/User/main.c.obj
 .debug_aranges
                0x000003b0       0x60 CMakeFiles/F446RE_template.elf.dir/User/stm32f4xx_it.c.obj
 .debug_aranges
                0x00000410       0xb0 CMakeFiles/F446RE_template.elf.dir/User/syscalls.c.obj
 .debug_aranges
                0x000004c0       0x30 CMakeFiles/F446RE_template.elf.dir/User/system_stm32f4xx.c.obj
 .debug_aranges
                0x000004f0       0x30 CMakeFiles/F446RE_template.elf.dir/User/systick/bsp_systick.c.obj
 .debug_aranges
                0x00000520       0x48 CMakeFiles/F446RE_template.elf.dir/User/usart/bsp_debug_usart.c.obj
 .debug_aranges
                0x00000568       0x28 CMakeFiles/F446RE_template.elf.dir/startup/startup_stm32f446xx.s.obj

.debug_ranges   0x00000000      0x4e8
 .debug_ranges  0x00000000       0x78 CMakeFiles/F446RE_template.elf.dir/STM32F4xx_StdPeriph_Driver/src/stm32f4xx_gpio.c.obj
 .debug_ranges  0x00000078      0x1d8 CMakeFiles/F446RE_template.elf.dir/STM32F4xx_StdPeriph_Driver/src/stm32f4xx_rcc.c.obj
 .debug_ranges  0x00000250       0xf0 CMakeFiles/F446RE_template.elf.dir/STM32F4xx_StdPeriph_Driver/src/stm32f4xx_usart.c.obj
 .debug_ranges  0x00000340       0x10 CMakeFiles/F446RE_template.elf.dir/User/led/bsp_led.c.obj
 .debug_ranges  0x00000350       0x10 CMakeFiles/F446RE_template.elf.dir/User/main.c.obj
 .debug_ranges  0x00000360       0x50 CMakeFiles/F446RE_template.elf.dir/User/stm32f4xx_it.c.obj
 .debug_ranges  0x000003b0       0xa0 CMakeFiles/F446RE_template.elf.dir/User/syscalls.c.obj
 .debug_ranges  0x00000450       0x20 CMakeFiles/F446RE_template.elf.dir/User/system_stm32f4xx.c.obj
 .debug_ranges  0x00000470       0x20 CMakeFiles/F446RE_template.elf.dir/User/systick/bsp_systick.c.obj
 .debug_ranges  0x00000490       0x38 CMakeFiles/F446RE_template.elf.dir/User/usart/bsp_debug_usart.c.obj
 .debug_ranges  0x000004c8       0x20 CMakeFiles/F446RE_template.elf.dir/startup/startup_stm32f446xx.s.obj

.debug_line     0x00000000     0x3c2f
 .debug_line    0x00000000      0x640 CMakeFiles/F446RE_template.elf.dir/STM32F4xx_StdPeriph_Driver/src/stm32f4xx_gpio.c.obj
 .debug_line    0x00000640      0xeb0 CMakeFiles/F446RE_template.elf.dir/STM32F4xx_StdPeriph_Driver/src/stm32f4xx_rcc.c.obj
 .debug_line    0x000014f0      0x9da CMakeFiles/F446RE_template.elf.dir/STM32F4xx_StdPeriph_Driver/src/stm32f4xx_usart.c.obj
 .debug_line    0x00001eca      0x28b CMakeFiles/F446RE_template.elf.dir/User/led/bsp_led.c.obj
 .debug_line    0x00002155      0x41f CMakeFiles/F446RE_template.elf.dir/User/main.c.obj
 .debug_line    0x00002574      0x396 CMakeFiles/F446RE_template.elf.dir/User/stm32f4xx_it.c.obj
 .debug_line    0x0000290a      0x506 CMakeFiles/F446RE_template.elf.dir/User/syscalls.c.obj
 .debug_line    0x00002e10      0x4e4 CMakeFiles/F446RE_template.elf.dir/User/system_stm32f4xx.c.obj
 .debug_line    0x000032f4      0x363 CMakeFiles/F446RE_template.elf.dir/User/systick/bsp_systick.c.obj
 .debug_line    0x00003657      0x527 CMakeFiles/F446RE_template.elf.dir/User/usart/bsp_debug_usart.c.obj
 .debug_line    0x00003b7e       0xb1 CMakeFiles/F446RE_template.elf.dir/startup/startup_stm32f446xx.s.obj

.debug_str      0x00000000     0x228b
 .debug_str     0x00000000      0x527 CMakeFiles/F446RE_template.elf.dir/STM32F4xx_StdPeriph_Driver/src/stm32f4xx_gpio.c.obj
                                0x57d (size before relaxing)
 .debug_str     0x00000527      0x8e1 CMakeFiles/F446RE_template.elf.dir/STM32F4xx_StdPeriph_Driver/src/stm32f4xx_rcc.c.obj
                                0xb57 (size before relaxing)
 .debug_str     0x00000e08      0x44c CMakeFiles/F446RE_template.elf.dir/STM32F4xx_StdPeriph_Driver/src/stm32f4xx_usart.c.obj
                                0x795 (size before relaxing)
 .debug_str     0x00001254       0x59 CMakeFiles/F446RE_template.elf.dir/User/led/bsp_led.c.obj
                                0x415 (size before relaxing)
 .debug_str     0x000012ad      0x451 CMakeFiles/F446RE_template.elf.dir/User/main.c.obj
                                0x6f6 (size before relaxing)
 .debug_str     0x000016fe       0xda CMakeFiles/F446RE_template.elf.dir/User/stm32f4xx_it.c.obj
                                0x6b9 (size before relaxing)
 .debug_str     0x000017d8      0x291 CMakeFiles/F446RE_template.elf.dir/User/syscalls.c.obj
                                0x891 (size before relaxing)
 .debug_str     0x00001a69      0x117 CMakeFiles/F446RE_template.elf.dir/User/system_stm32f4xx.c.obj
                                0x47d (size before relaxing)
 .debug_str     0x00001b80      0x605 CMakeFiles/F446RE_template.elf.dir/User/systick/bsp_systick.c.obj
                                0x8c4 (size before relaxing)
 .debug_str     0x00002185       0xa4 CMakeFiles/F446RE_template.elf.dir/User/usart/bsp_debug_usart.c.obj
                                0x9e1 (size before relaxing)
 .debug_str     0x00002229       0x62 CMakeFiles/F446RE_template.elf.dir/startup/startup_stm32f446xx.s.obj
                                 0xaa (size before relaxing)

.comment        0x00000000       0x4c
 .comment       0x00000000       0x4c CMakeFiles/F446RE_template.elf.dir/STM32F4xx_StdPeriph_Driver/src/stm32f4xx_gpio.c.obj
                                 0x4d (size before relaxing)
 .comment       0x0000004c       0x4d CMakeFiles/F446RE_template.elf.dir/STM32F4xx_StdPeriph_Driver/src/stm32f4xx_rcc.c.obj
 .comment       0x0000004c       0x4d CMakeFiles/F446RE_template.elf.dir/STM32F4xx_StdPeriph_Driver/src/stm32f4xx_usart.c.obj
 .comment       0x0000004c       0x4d CMakeFiles/F446RE_template.elf.dir/User/led/bsp_led.c.obj
 .comment       0x0000004c       0x4d CMakeFiles/F446RE_template.elf.dir/User/main.c.obj
 .comment       0x0000004c       0x4d CMakeFiles/F446RE_template.elf.dir/User/stm32f4xx_it.c.obj
 .comment       0x0000004c       0x4d CMakeFiles/F446RE_template.elf.dir/User/syscalls.c.obj
 .comment       0x0000004c       0x4d CMakeFiles/F446RE_template.elf.dir/User/system_stm32f4xx.c.obj
 .comment       0x0000004c       0x4d CMakeFiles/F446RE_template.elf.dir/User/systick/bsp_systick.c.obj
 .comment       0x0000004c       0x4d CMakeFiles/F446RE_template.elf.dir/User/usart/bsp_debug_usart.c.obj

.debug_frame    0x00000000     0x20c0
 .debug_frame   0x00000000      0x120 CMakeFiles/F446RE_template.elf.dir/STM32F4xx_StdPeriph_Driver/src/stm32f4xx_gpio.c.obj
 .debug_frame   0x00000120      0x3c8 CMakeFiles/F446RE_template.elf.dir/STM32F4xx_StdPeriph_Driver/src/stm32f4xx_rcc.c.obj
 .debug_frame   0x000004e8      0x224 CMakeFiles/F446RE_template.elf.dir/STM32F4xx_StdPeriph_Driver/src/stm32f4xx_usart.c.obj
 .debug_frame   0x0000070c       0x2c CMakeFiles/F446RE_template.elf.dir/User/led/bsp_led.c.obj
 .debug_frame   0x00000738       0x2c CMakeFiles/F446RE_template.elf.dir/User/main.c.obj
 .debug_frame   0x00000764       0xa0 CMakeFiles/F446RE_template.elf.dir/User/stm32f4xx_it.c.obj
 .debug_frame   0x00000804      0x1a8 CMakeFiles/F446RE_template.elf.dir/User/syscalls.c.obj
 .debug_frame   0x000009ac       0x54 CMakeFiles/F446RE_template.elf.dir/User/system_stm32f4xx.c.obj
 .debug_frame   0x00000a00       0x50 CMakeFiles/F446RE_template.elf.dir/User/systick/bsp_systick.c.obj
 .debug_frame   0x00000a50       0xb4 CMakeFiles/F446RE_template.elf.dir/User/usart/bsp_debug_usart.c.obj
 .debug_frame   0x00000b04       0x20 c:/progra~1/stmicr~1/gnu-to~1/bin/../lib/gcc/arm-none-eabi/9.3.1/../../../../arm-none-eabi/lib/thumb/v7e-m/nofp\libg.a(lib_a-errno.o)
 .debug_frame   0x00000b24       0x2c c:/progra~1/stmicr~1/gnu-to~1/bin/../lib/gcc/arm-none-eabi/9.3.1/../../../../arm-none-eabi/lib/thumb/v7e-m/nofp\libg.a(lib_a-init.o)
 .debug_frame   0x00000b50       0x38 c:/progra~1/stmicr~1/gnu-to~1/bin/../lib/gcc/arm-none-eabi/9.3.1/../../../../arm-none-eabi/lib/thumb/v7e-m/nofp\libg.a(lib_a-memset.o)
 .debug_frame   0x00000b88       0x74 c:/progra~1/stmicr~1/gnu-to~1/bin/../lib/gcc/arm-none-eabi/9.3.1/../../../../arm-none-eabi/lib/thumb/v7e-m/nofp\libg.a(lib_a-printf.o)
 .debug_frame   0x00000bfc       0x4c c:/progra~1/stmicr~1/gnu-to~1/bin/../lib/gcc/arm-none-eabi/9.3.1/../../../../arm-none-eabi/lib/thumb/v7e-m/nofp\libg.a(lib_a-puts.o)
 .debug_frame   0x00000c48       0x48 c:/progra~1/stmicr~1/gnu-to~1/bin/../lib/gcc/arm-none-eabi/9.3.1/../../../../arm-none-eabi/lib/thumb/v7e-m/nofp\libg.a(lib_a-setvbuf.o)
 .debug_frame   0x00000c90       0x8c c:/progra~1/stmicr~1/gnu-to~1/bin/../lib/gcc/arm-none-eabi/9.3.1/../../../../arm-none-eabi/lib/thumb/v7e-m/nofp\libg.a(lib_a-vfprintf.o)
 .debug_frame   0x00000d1c       0x2c c:/progra~1/stmicr~1/gnu-to~1/bin/../lib/gcc/arm-none-eabi/9.3.1/../../../../arm-none-eabi/lib/thumb/v7e-m/nofp\libg.a(lib_a-wsetup.o)
 .debug_frame   0x00000d48       0x5c c:/progra~1/stmicr~1/gnu-to~1/bin/../lib/gcc/arm-none-eabi/9.3.1/../../../../arm-none-eabi/lib/thumb/v7e-m/nofp\libg.a(lib_a-__call_atexit.o)
 .debug_frame   0x00000da4       0x20 c:/progra~1/stmicr~1/gnu-to~1/bin/../lib/gcc/arm-none-eabi/9.3.1/../../../../arm-none-eabi/lib/thumb/v7e-m/nofp\libg.a(lib_a-atexit.o)
 .debug_frame   0x00000dc4       0x8c c:/progra~1/stmicr~1/gnu-to~1/bin/../lib/gcc/arm-none-eabi/9.3.1/../../../../arm-none-eabi/lib/thumb/v7e-m/nofp\libg.a(lib_a-dtoa.o)
 .debug_frame   0x00000e50       0x5c c:/progra~1/stmicr~1/gnu-to~1/bin/../lib/gcc/arm-none-eabi/9.3.1/../../../../arm-none-eabi/lib/thumb/v7e-m/nofp\libg.a(lib_a-fflush.o)
 .debug_frame   0x00000eac      0x14c c:/progra~1/stmicr~1/gnu-to~1/bin/../lib/gcc/arm-none-eabi/9.3.1/../../../../arm-none-eabi/lib/thumb/v7e-m/nofp\libg.a(lib_a-findfp.o)
 .debug_frame   0x00000ff8       0x34 c:/progra~1/stmicr~1/gnu-to~1/bin/../lib/gcc/arm-none-eabi/9.3.1/../../../../arm-none-eabi/lib/thumb/v7e-m/nofp\libg.a(lib_a-fini.o)
 .debug_frame   0x0000102c       0x8c c:/progra~1/stmicr~1/gnu-to~1/bin/../lib/gcc/arm-none-eabi/9.3.1/../../../../arm-none-eabi/lib/thumb/v7e-m/nofp\libg.a(lib_a-freer.o)
 .debug_frame   0x000010b8       0x64 c:/progra~1/stmicr~1/gnu-to~1/bin/../lib/gcc/arm-none-eabi/9.3.1/../../../../arm-none-eabi/lib/thumb/v7e-m/nofp\libg.a(lib_a-fvwrite.o)
 .debug_frame   0x0000111c       0x54 c:/progra~1/stmicr~1/gnu-to~1/bin/../lib/gcc/arm-none-eabi/9.3.1/../../../../arm-none-eabi/lib/thumb/v7e-m/nofp\libg.a(lib_a-fwalk.o)
 .debug_frame   0x00001170       0x40 c:/progra~1/stmicr~1/gnu-to~1/bin/../lib/gcc/arm-none-eabi/9.3.1/../../../../arm-none-eabi/lib/thumb/v7e-m/nofp\libg.a(lib_a-localeconv.o)
 .debug_frame   0x000011b0       0xb0 c:/progra~1/stmicr~1/gnu-to~1/bin/../lib/gcc/arm-none-eabi/9.3.1/../../../../arm-none-eabi/lib/thumb/v7e-m/nofp\libg.a(lib_a-lock.o)
 .debug_frame   0x00001260       0x6c c:/progra~1/stmicr~1/gnu-to~1/bin/../lib/gcc/arm-none-eabi/9.3.1/../../../../arm-none-eabi/lib/thumb/v7e-m/nofp\libg.a(lib_a-makebuf.o)
 .debug_frame   0x000012cc       0x30 c:/progra~1/stmicr~1/gnu-to~1/bin/../lib/gcc/arm-none-eabi/9.3.1/../../../../arm-none-eabi/lib/thumb/v7e-m/nofp\libg.a(lib_a-malloc.o)
 .debug_frame   0x000012fc       0x4c c:/progra~1/stmicr~1/gnu-to~1/bin/../lib/gcc/arm-none-eabi/9.3.1/../../../../arm-none-eabi/lib/thumb/v7e-m/nofp\libg.a(lib_a-mallocr.o)
 .debug_frame   0x00001348       0x40 c:/progra~1/stmicr~1/gnu-to~1/bin/../lib/gcc/arm-none-eabi/9.3.1/../../../../arm-none-eabi/lib/thumb/v7e-m/nofp\libg.a(lib_a-memmove.o)
 .debug_frame   0x00001388       0x30 c:/progra~1/stmicr~1/gnu-to~1/bin/../lib/gcc/arm-none-eabi/9.3.1/../../../../arm-none-eabi/lib/thumb/v7e-m/nofp\libg.a(lib_a-mlock.o)
 .debug_frame   0x000013b8      0x260 c:/progra~1/stmicr~1/gnu-to~1/bin/../lib/gcc/arm-none-eabi/9.3.1/../../../../arm-none-eabi/lib/thumb/v7e-m/nofp\libg.a(lib_a-mprec.o)
 .debug_frame   0x00001618       0x48 c:/progra~1/stmicr~1/gnu-to~1/bin/../lib/gcc/arm-none-eabi/9.3.1/../../../../arm-none-eabi/lib/thumb/v7e-m/nofp\libg.a(lib_a-reallocr.o)
 .debug_frame   0x00001660       0x30 c:/progra~1/stmicr~1/gnu-to~1/bin/../lib/gcc/arm-none-eabi/9.3.1/../../../../arm-none-eabi/lib/thumb/v7e-m/nofp\libg.a(lib_a-s_frexp.o)
 .debug_frame   0x00001690       0x2c c:/progra~1/stmicr~1/gnu-to~1/bin/../lib/gcc/arm-none-eabi/9.3.1/../../../../arm-none-eabi/lib/thumb/v7e-m/nofp\libg.a(lib_a-sbrkr.o)
 .debug_frame   0x000016bc       0x8c c:/progra~1/stmicr~1/gnu-to~1/bin/../lib/gcc/arm-none-eabi/9.3.1/../../../../arm-none-eabi/lib/thumb/v7e-m/nofp\libg.a(lib_a-stdio.o)
 .debug_frame   0x00001748       0x38 c:/progra~1/stmicr~1/gnu-to~1/bin/../lib/gcc/arm-none-eabi/9.3.1/../../../../arm-none-eabi/lib/thumb/v7e-m/nofp\libg.a(lib_a-strncpy.o)
 .debug_frame   0x00001780       0xd0 c:/progra~1/stmicr~1/gnu-to~1/bin/../lib/gcc/arm-none-eabi/9.3.1/../../../../arm-none-eabi/lib/thumb/v7e-m/nofp\libg.a(lib_a-vfiprintf.o)
 .debug_frame   0x00001850       0x2c c:/progra~1/stmicr~1/gnu-to~1/bin/../lib/gcc/arm-none-eabi/9.3.1/../../../../arm-none-eabi/lib/thumb/v7e-m/nofp\libg.a(lib_a-writer.o)
 .debug_frame   0x0000187c       0x34 c:/progra~1/stmicr~1/gnu-to~1/bin/../lib/gcc/arm-none-eabi/9.3.1/../../../../arm-none-eabi/lib/thumb/v7e-m/nofp\libg.a(lib_a-__atexit.o)
 .debug_frame   0x000018b0       0x40 c:/progra~1/stmicr~1/gnu-to~1/bin/../lib/gcc/arm-none-eabi/9.3.1/../../../../arm-none-eabi/lib/thumb/v7e-m/nofp\libg.a(lib_a-assert.o)
 .debug_frame   0x000018f0       0x28 c:/progra~1/stmicr~1/gnu-to~1/bin/../lib/gcc/arm-none-eabi/9.3.1/../../../../arm-none-eabi/lib/thumb/v7e-m/nofp\libg.a(lib_a-callocr.o)
 .debug_frame   0x00001918       0x2c c:/progra~1/stmicr~1/gnu-to~1/bin/../lib/gcc/arm-none-eabi/9.3.1/../../../../arm-none-eabi/lib/thumb/v7e-m/nofp\libg.a(lib_a-closer.o)
 .debug_frame   0x00001944       0x3c c:/progra~1/stmicr~1/gnu-to~1/bin/../lib/gcc/arm-none-eabi/9.3.1/../../../../arm-none-eabi/lib/thumb/v7e-m/nofp\libg.a(lib_a-fclose.o)
 .debug_frame   0x00001980       0x70 c:/progra~1/stmicr~1/gnu-to~1/bin/../lib/gcc/arm-none-eabi/9.3.1/../../../../arm-none-eabi/lib/thumb/v7e-m/nofp\libg.a(lib_a-fiprintf.o)
 .debug_frame   0x000019f0       0x9c c:/progra~1/stmicr~1/gnu-to~1/bin/../lib/gcc/arm-none-eabi/9.3.1/../../../../arm-none-eabi/lib/thumb/v7e-m/nofp\libg.a(lib_a-fputwc.o)
 .debug_frame   0x00001a8c       0x2c c:/progra~1/stmicr~1/gnu-to~1/bin/../lib/gcc/arm-none-eabi/9.3.1/../../../../arm-none-eabi/lib/thumb/v7e-m/nofp\libg.a(lib_a-fstatr.o)
 .debug_frame   0x00001ab8       0x2c c:/progra~1/stmicr~1/gnu-to~1/bin/../lib/gcc/arm-none-eabi/9.3.1/../../../../arm-none-eabi/lib/thumb/v7e-m/nofp\libg.a(lib_a-isattyr.o)
 .debug_frame   0x00001ae4       0x54 c:/progra~1/stmicr~1/gnu-to~1/bin/../lib/gcc/arm-none-eabi/9.3.1/../../../../arm-none-eabi/lib/thumb/v7e-m/nofp\libg.a(lib_a-locale.o)
 .debug_frame   0x00001b38       0x2c c:/progra~1/stmicr~1/gnu-to~1/bin/../lib/gcc/arm-none-eabi/9.3.1/../../../../arm-none-eabi/lib/thumb/v7e-m/nofp\libg.a(lib_a-lseekr.o)
 .debug_frame   0x00001b64       0x4c c:/progra~1/stmicr~1/gnu-to~1/bin/../lib/gcc/arm-none-eabi/9.3.1/../../../../arm-none-eabi/lib/thumb/v7e-m/nofp\libg.a(lib_a-mbtowc_r.o)
 .debug_frame   0x00001bb0       0x2c c:/progra~1/stmicr~1/gnu-to~1/bin/../lib/gcc/arm-none-eabi/9.3.1/../../../../arm-none-eabi/lib/thumb/v7e-m/nofp\libg.a(lib_a-readr.o)
 .debug_frame   0x00001bdc       0x60 c:/progra~1/stmicr~1/gnu-to~1/bin/../lib/gcc/arm-none-eabi/9.3.1/../../../../arm-none-eabi/lib/thumb/v7e-m/nofp\libg.a(lib_a-reent.o)
 .debug_frame   0x00001c3c       0x40 c:/progra~1/stmicr~1/gnu-to~1/bin/../lib/gcc/arm-none-eabi/9.3.1/../../../../arm-none-eabi/lib/thumb/v7e-m/nofp\libg.a(lib_a-wbuf.o)
 .debug_frame   0x00001c7c       0x60 c:/progra~1/stmicr~1/gnu-to~1/bin/../lib/gcc/arm-none-eabi/9.3.1/../../../../arm-none-eabi/lib/thumb/v7e-m/nofp\libg.a(lib_a-wcrtomb.o)
 .debug_frame   0x00001cdc       0x3c c:/progra~1/stmicr~1/gnu-to~1/bin/../lib/gcc/arm-none-eabi/9.3.1/../../../../arm-none-eabi/lib/thumb/v7e-m/nofp\libg.a(lib_a-wctomb_r.o)
 .debug_frame   0x00001d18       0x28 c:/progra~1/stmicr~1/gnu-to~1/bin/../lib/gcc/arm-none-eabi/9.3.1/../../../../arm-none-eabi/lib/thumb/v7e-m/nofp\libg.a(lib_a-abort.o)
 .debug_frame   0x00001d40       0xe0 c:/progra~1/stmicr~1/gnu-to~1/bin/../lib/gcc/arm-none-eabi/9.3.1/../../../../arm-none-eabi/lib/thumb/v7e-m/nofp\libg.a(lib_a-signal.o)
 .debug_frame   0x00001e20       0x3c c:/progra~1/stmicr~1/gnu-to~1/bin/../lib/gcc/arm-none-eabi/9.3.1/../../../../arm-none-eabi/lib/thumb/v7e-m/nofp\libg.a(lib_a-signalr.o)
 .debug_frame   0x00001e5c       0xac c:/progra~1/stmicr~1/gnu-to~1/bin/../lib/gcc/arm-none-eabi/9.3.1/thumb/v7e-m/nofp\libgcc.a(_arm_addsubdf3.o)
 .debug_frame   0x00001f08       0x50 c:/progra~1/stmicr~1/gnu-to~1/bin/../lib/gcc/arm-none-eabi/9.3.1/thumb/v7e-m/nofp\libgcc.a(_arm_muldivdf3.o)
 .debug_frame   0x00001f58       0xc4 c:/progra~1/stmicr~1/gnu-to~1/bin/../lib/gcc/arm-none-eabi/9.3.1/thumb/v7e-m/nofp\libgcc.a(_arm_cmpdf2.o)
 .debug_frame   0x0000201c       0x20 c:/progra~1/stmicr~1/gnu-to~1/bin/../lib/gcc/arm-none-eabi/9.3.1/thumb/v7e-m/nofp\libgcc.a(_arm_unorddf2.o)
 .debug_frame   0x0000203c       0x24 c:/progra~1/stmicr~1/gnu-to~1/bin/../lib/gcc/arm-none-eabi/9.3.1/thumb/v7e-m/nofp\libgcc.a(_arm_fixdfsi.o)
 .debug_frame   0x00002060       0x2c c:/progra~1/stmicr~1/gnu-to~1/bin/../lib/gcc/arm-none-eabi/9.3.1/thumb/v7e-m/nofp\libgcc.a(_aeabi_uldivmod.o)
 .debug_frame   0x0000208c       0x34 c:/progra~1/stmicr~1/gnu-to~1/bin/../lib/gcc/arm-none-eabi/9.3.1/thumb/v7e-m/nofp\libgcc.a(_udivmoddi4.o)
